07-03 11:11:51.523 16912 16912 I ViewRootImpl@600936[ComponentActivity]: Relayout returned: old=(0,0,1080,2340) new=(0,0,1080,2340) relayoutAsync=false req=(1080,2340)0 dur=15 res=0x403 s={true 0xb40000789be13800} ch=true seqId=0
07-03 11:11:51.523   857   857 I Layer   : id=66 removeFromCurrentState d2c87ac NavigationBar0#66 (128)
07-03 11:11:51.523   857   857 I Layer   : id=77 removeFromCurrentState NavigationBar0$_3137#77 (128)
07-03 11:11:51.523   857   857 I Layer   : id=66 addToCurrentState d2c87ac NavigationBar0#66 (128)
07-03 11:11:51.523   857   857 I Layer   : id=77 addToCurrentState NavigationBar0$_3137#77 (128)
07-03 11:11:51.523   857   857 I Layer   : id=19586 removeFromCurrentState Surface(name=1ccd1d6 StatusBar)/@0x71b53a4 - animation-leash of insets_animation#19586 (128)
07-03 11:11:51.524 16912 16912 I ViewRootImpl@600936[ComponentActivity]: performConfigurationChange setNightDimText nightDimLevel=0
07-03 11:11:51.524   857   857 I SurfaceFlinger: id=19586 Removed Surface(name=1ccd1d6 StatusBar)/@0x71b53a4 - animation-leash of insets_animation#19586 (128)
07-03 11:11:51.524   857   857 I SurfaceFlinger: id=19591 Removed Surface(name=d2c87ac NavigationBar0)/@0xf0a339d - animation-leash of insets_animation#19591 (128)
07-03 11:11:51.525  3137  3137 D SamsungStatusBarGrayIconHelper: isGrayAppearance=false
07-03 11:11:51.525  3137  3137 D NavigationBar: onSystemBarAttributesChanged() -  displayId:0, appearance:16, packageName: com.example.cupcake (APPEARANCE_LIGHT_NAVIGATION_BARS ), navbarColorManagedByIme:false
07-03 11:11:51.526   803   803 E PQ_HDR  : DpAsyncBlitStream:: thie platform unsupport compress format
07-03 11:11:51.527 16912 16912 D ViewRootImpl@600936[ComponentActivity]: mThreadedRenderer.initialize() mSurface={isValid=true 0xb40000789be13800} hwInitialized=true
07-03 11:11:51.530 16912 16912 D ViewRootImpl@600936[ComponentActivity]: reportNextDraw android.view.ViewRootImpl.performTraversals:4694 android.view.ViewRootImpl.doTraversal:3275 android.view.ViewRootImpl$TraversalRunnable.run:11256 android.view.Choreographer$CallbackRecord.run:1650 android.view.Choreographer$CallbackRecord.run:1659
07-03 11:11:51.531 16912 16912 D ViewRootImpl@600936[ComponentActivity]: Setup new sync=wmsSync-ViewRootImpl@600936[ComponentActivity]#0
07-03 11:11:51.531 16912 16912 D ViewRootImpl@600936[ComponentActivity]: Creating new active sync group ViewRootImpl@600936[ComponentActivity]#1
07-03 11:11:51.533 16912 16912 D ViewRootImpl@600936[ComponentActivity]: registerCallbacksForSync syncBuffer=false
07-03 11:11:51.534   857   857 I BufferQueueProducer: [StatusBar$_3137#78](this:0xb40000750a3dcba0,id:-1,api:0,p:-1,c:857) queueBuffer: fps=0.48 dur=2087.30 max=2087.30 min=2087.30
07-03 11:11:51.534   857   857 I BufferQueueProducer: [NavigationBar0$_3137#77](this:0xb40000750bdc7ba0,id:-1,api:0,p:-1,c:857) queueBuffer: fps=0.29 dur=13761.12 max=13294.84 min=43.14
07-03 11:11:51.534   857   857 I Layer   : id=19601 removeFromCurrentState Surface(name=1ccd1d6 StatusBar)/@0x71b53a4 - animation-leash of insets_animation#19601 (128)
07-03 11:11:51.534   857   857 I Layer   : id=74 removeFromCurrentState 1ccd1d6 StatusBar#74 (128)
07-03 11:11:51.534   857   857 I Layer   : id=78 removeFromCurrentState StatusBar$_3137#78 (128)
07-03 11:11:51.534   857   857 I Layer   : id=19600 removeFromCurrentState Surface(name=d2c87ac NavigationBar0)/@0xf0a339d - animation-leash of insets_animation#19600 (128)
07-03 11:11:51.534   857   857 I Layer   : id=74 addToCurrentState 1ccd1d6 StatusBar#74 (128)
07-03 11:11:51.534   857   857 I Layer   : id=78 addToCurrentState StatusBar$_3137#78 (128)
07-03 11:11:51.534   857   857 I SurfaceFlinger: [c01953d com.example.cupcake/androidx.activity.ComponentActivity#19598] FrameRatePriority: 1
07-03 11:11:51.534   857   857 D SurfaceFlinger: Focus addInputWindowCommands timestamp=184099880065818, windowName=c01953d com.example.cupcake/androidx.activity.ComponentActivity
07-03 11:11:51.534   857   857 I BufferQueueDebug: [Surface(name=d2c87ac NavigationBar0)/@0xf0a339d - animation-leash of insets_animation#19591](this:0xb4000075117abba0,id:-1,api:0,p:-1,c:857) onDestructor()
07-03 11:11:51.534   857   857 I Layer   : id=19591 Destroyed Surface(name=d2c87ac NavigationBar0)/@0xf0a339d - animation-leash of insets_animation#19591
07-03 11:11:51.534   857   857 I BufferQueueDebug: [Surface(name=1ccd1d6 StatusBar)/@0x71b53a4 - animation-leash of insets_animation#19586](this:0xb400007511948ba0,id:-1,api:0,p:-1,c:857) onDestructor()
07-03 11:11:51.534   857   857 I Layer   : id=19586 Destroyed Surface(name=1ccd1d6 StatusBar)/@0x71b53a4 - animation-leash of insets_animation#19586
07-03 11:11:51.535   857   857 I SurfaceFlinger: id=19600 Removed Surface(name=d2c87ac NavigationBar0)/@0xf0a339d - animation-leash of insets_animation#19600 (126)
07-03 11:11:51.535   857   857 I SurfaceFlinger: id=19601 Removed Surface(name=1ccd1d6 StatusBar)/@0x71b53a4 - animation-leash of insets_animation#19601 (126)
07-03 11:11:51.535   857   857 D SurfaceFlinger: Find Focus windowName=c01953d com.example.cupcake/androidx.activity.ComponentActivity, notVisible=1
07-03 11:11:51.535   857   857 D Layer   : Focus: com.example.cupcake/androidx.activity.ComponentActivity$_16912#19599 isHiddenByPolicy s.flags&layer_state_t::eLayerHidden=1
07-03 11:11:51.535   857   857 D SurfaceFlinger: Focus inVisible Reason:isVisibleForInput(){hasInputInfo()?canReceiveInput():isVisible()}=0 has=1 can{!isHiddenByPolicy()&&(mBuffer==nullptr||getAlpha()>0.0f)}=0 Hidden=1 Buf=1 getA=1
07-03 11:11:51.536   857  1214 D SurfaceFlinger: updateWinowInfo=1, setFocusedWindow timestamp=184099880065818, windowName=c01953d com.example.cupcake/androidx.activity.ComponentActivity
07-03 11:11:51.536   803   803 E PQ_HDR  : DpAsyncBlitStream:: thie platform unsupport compress format
07-03 11:11:51.537  1356  1398 D InputDispatcher: Focus request (0): c01953d com.example.cupcake/androidx.activity.ComponentActivity but waiting because NOT_VISIBLE
07-03 11:11:51.539 16912 16979 D ViewRootImpl@600936[ComponentActivity]: Received frameDrawingCallback syncResult=0 frameNum=1.
07-03 11:11:51.540 16912 16979 I ViewRootImpl@600936[ComponentActivity]: mWNT: t=0xb4000078452b7800 mBlastBufferQueue=0xb4000078a14cb380 fn= 1 caller= android.view.ViewRootImpl$8.onFrameDraw:13673 android.view.ThreadedRenderer$1.onFrameDraw:788 <bottom of call stack>
07-03 11:11:51.540 16912 16979 D ViewRootImpl@600936[ComponentActivity]: Setting up sync and frameCommitCallback
07-03 11:11:51.545   857   857 I BufferQueueDebug: [Surface(name=d2c87ac NavigationBar0)/@0xf0a339d - animation-leash of insets_animation#19600](this:0xb400007509be3ba0,id:-1,api:0,p:-1,c:857) onDestructor()
07-03 11:11:51.546   857   857 I Layer   : id=19600 Destroyed Surface(name=d2c87ac NavigationBar0)/@0xf0a339d - animation-leash of insets_animation#19600
07-03 11:11:51.546   857   857 I BufferQueueDebug: [Surface(name=1ccd1d6 StatusBar)/@0x71b53a4 - animation-leash of insets_animation#19601](this:0xb400007509c9dba0,id:-1,api:0,p:-1,c:857) onDestructor()
07-03 11:11:51.546   857   857 I Layer   : id=19601 Destroyed Surface(name=1ccd1d6 StatusBar)/@0x71b53a4 - animation-leash of insets_animation#19601
07-03 11:11:51.548   803   803 E PQ_HDR  : DpAsyncBlitStream:: thie platform unsupport compress format
07-03 11:11:51.559   803   803 E PQ_HDR  : DpAsyncBlitStream:: thie platform unsupport compress format
07-03 11:11:51.561  1356  1356 D PocketProximityManager: setStateOut()
07-03 11:11:51.570   803   803 E PQ_HDR  : DpAsyncBlitStream:: thie platform unsupport compress format
07-03 11:11:51.581   803   803 E PQ_HDR  : DpAsyncBlitStream:: thie platform unsupport compress format
07-03 11:11:51.593   803   803 E PQ_HDR  : DpAsyncBlitStream:: thie platform unsupport compress format
07-03 11:11:51.604   803   803 E PQ_HDR  : DpAsyncBlitStream:: thie platform unsupport compress format
07-03 11:11:51.615   803   803 E PQ_HDR  : DpAsyncBlitStream:: thie platform unsupport compress format
07-03 11:11:51.626   803   803 E PQ_HDR  : DpAsyncBlitStream:: thie platform unsupport compress format
07-03 11:11:51.635   803   803 E PQ_HDR  : DpAsyncBlitStream:: thie platform unsupport compress format
07-03 11:11:51.647   803   803 E PQ_HDR  : DpAsyncBlitStream:: thie platform unsupport compress format
07-03 11:11:51.658   803   803 E PQ_HDR  : DpAsyncBlitStream:: thie platform unsupport compress format
07-03 11:11:51.663  1091  1677 D AALLightSensor: oldLux=11 [SA:-1 LA:-1] newLux=11 (oriLux: 12)
07-03 11:11:51.669   803   803 E PQ_HDR  : DpAsyncBlitStream:: thie platform unsupport compress format
07-03 11:11:51.680   803   803 E PQ_HDR  : DpAsyncBlitStream:: thie platform unsupport compress format
07-03 11:11:51.691   803   803 E PQ_HDR  : DpAsyncBlitStream:: thie platform unsupport compress format
07-03 11:11:51.702   803   803 E PQ_HDR  : DpAsyncBlitStream:: thie platform unsupport compress format
07-03 11:11:51.714   803   803 E PQ_HDR  : DpAsyncBlitStream:: thie platform unsupport compress format
07-03 11:11:51.719  1356  3060 I SemWifiServiceDetector: NSD results: [0, 1, 2, 0, 0, 1, 2, 1, 1] Traff. type 1 Thr 151
07-03 11:11:51.721  1356  1356 D PocketProximityManager: setStateOut()
07-03 11:11:51.725   803   803 E PQ_HDR  : DpAsyncBlitStream:: thie platform unsupport compress format
07-03 11:11:51.736   803   803 E PQ_HDR  : DpAsyncBlitStream:: thie platform unsupport compress format
07-03 11:11:51.747   803   803 E PQ_HDR  : DpAsyncBlitStream:: thie platform unsupport compress format
07-03 11:11:51.758   803   803 E PQ_HDR  : DpAsyncBlitStream:: thie platform unsupport compress format
07-03 11:11:51.774 17300 16943 W adbd    : timed out while waiting for FUNCTIONFS_BIND, trying again
07-03 11:11:51.774 17300 16943 I adbd    : UsbFfs: connection terminated: monitor thread finished
07-03 11:11:51.774 17300 17300 I adbd    : UsbFfs: already offline
07-03 11:11:51.774 17300 17300 I adbd    : destroying transport UsbFfs
07-03 11:11:51.775 17300 17300 I adbd    : UsbFfsConnection being destroyed
07-03 11:11:51.777  3137  3201 I SurfaceControl: apply is called, name=FinishTransaction_SyncId<1601>, caller=android.view.SurfaceControl$Transaction.apply:2921 com.android.wm.shell.transition.Transitions.onFinish:155 com.android.wm.shell.transition.Transitions$$ExternalSyntheticLambda6.onTransitionFinished:15 com.android.wm.shell.transition.DefaultTransitionHandler$$ExternalSyntheticLambda5.run:125 com.android.wm.shell.transition.DefaultTransitionHandler$$ExternalSyntheticLambda3.run:52 android.os.Handler.handleCallback:958
07-03 11:11:51.781 15004 15004 I ViewRootImpl@45113d6[LauncherActivity]: handleAppVisibility mAppVisible = true visible = false
07-03 11:11:51.784  3137  3170 D WallpaperService: dispatchAppVisibility onVisibilityChanged(): false
07-03 11:11:51.785  3137  3267 I ImageWallpaper[CanvasEngine]:  onVisibilityChanged false , 0
07-03 11:11:51.786  3137  3267 D WallpaperService: reportVisibility onVisibilityChanged visible: false
07-03 11:11:51.790   857   857 I Layer   : id=19596 removeFromCurrentState Transition Root: Task=260#19596 (124)
07-03 11:11:51.790   857   857 I Layer   : id=7206 removeFromCurrentState WallpaperWindowToken{dad2c59 token=android.os.Binder@3d0d8a0}#7206 (124)
07-03 11:11:51.790  1356  3238 V WindowManager: Relayout Window{fe740ee u0 com.sec.android.app.launcher/com.sec.android.app.launcher.activities.LauncherActivity}: viewVisibility=8 req=1080x2340 ty=1 d0
07-03 11:11:51.790   857   857 I Layer   : id=7207 removeFromCurrentState 8093bc4 com.android.systemui.wallpapers.ImageWallpaper#7207 (124)
07-03 11:11:51.790   857   857 I Layer   : id=7208 removeFromCurrentState com.android.systemui.wallpapers.ImageWallpaper$_3137#7208 (124)
07-03 11:11:51.790   857   857 I Layer   : id=7209 removeFromCurrentState Wallpaper BBQ wrapper#7209 (124)
07-03 11:11:51.790   857   857 I Layer   : id=7206 addToCurrentState WallpaperWindowToken{dad2c59 token=android.os.Binder@3d0d8a0}#7206 (124)
07-03 11:11:51.790   857   857 I Layer   : id=7207 addToCurrentState 8093bc4 com.android.systemui.wallpapers.ImageWallpaper#7207 (124)
07-03 11:11:51.790   857   857 I Layer   : id=7208 addToCurrentState com.android.systemui.wallpapers.ImageWallpaper$_3137#7208 (124)
07-03 11:11:51.790   857   857 I Layer   : id=7209 addToCurrentState Wallpaper BBQ wrapper#7209 (124)
07-03 11:11:51.790   857   857 I Layer   : id=19596 removeFromCurrentState Transition Root: Task=260#19596 (124)
07-03 11:11:51.790   857   857 I Layer   : Layer [com.sec.android.app.launcher/com.sec.android.app.launcher.activities.LauncherActivity$_15004#19582] hidden!! flag(1)
07-03 11:11:51.791   857   857 I SurfaceFlinger: id=19596 Removed Transition Root: Task=260#19596 (124)
07-03 11:11:51.793  1356  3238 V WindowManager: Relayout hash=fe740ee, pid=15004, syncId=-1: mAttrs={(0,0)(fillxfill) sim={adjust=nothing forwardNavigation} layoutInDisplayCutoutMode=shortEdges ty=BASE_APPLICATION fmt=TRANSPARENT wanim=0x10302f2
07-03 11:11:51.793  1356  3238 V WindowManager:   fl=81910100
07-03 11:11:51.793  1356  3238 V WindowManager:   pfl=1e008040
07-03 11:11:51.793  1356  3238 V WindowManager:   bhv=SHOW_TRANSIENT_BARS_BY_SWIPE
07-03 11:11:51.793  1356  3238 V WindowManager:   fitSides= screenDimDuration=200000 naviIconColor=0}
07-03 11:11:51.796   857   857 D SurfaceFlinger: Display 4627039422300187648 HWC layers:
07-03 11:11:51.796   857   857 D SurfaceFlinger:      DEVICE | 0xb40000750bd918c0 | 0100 | RGBA_8888    |    0.0    0.0 1080.0 2340.0 |    0    0 1080 2340 | Splash Screen com.example.cupcake$_3137#19595
07-03 11:11:51.796   857   857 D SurfaceFlinger:      DEVICE | 0xb40000753a700c00 | 0100 | RGBA_8888    |    0.0    0.0 1080.0   80.0 |    0    0 1080   80 | StatusBar$_3137#78
07-03 11:11:51.796   857   857 D SurfaceFlinger:      DEVICE | 0xb40000750a408cc0 | 0100 | RGBA_8888    |    0.0    0.0 1080.0  135.0 |    0 2205 1080 2340 | NavigationBar0$_3137#77
07-03 11:11:51.796   857   857 D SurfaceFlinger:
07-03 11:11:51.796   803  1195 W hwcomposer: [DRMDEV] paramIsSame(), id 4974, w 1080/1080, h 2340/2340, pitch 1088/1088, format 0x1/0x2, secure 0/0
07-03 11:11:51.796 15004 15004 I ViewRootImpl@45113d6[LauncherActivity]: Relayout returned: old=(0,0,1080,2340) new=(0,0,1080,2340) relayoutAsync=false req=(1080,2340)8 dur=5 res=0x402 s={false 0x0} ch=true seqId=0
07-03 11:11:51.801   857   857 I BufferQueueDebug: [Transition Root: Task=260#19596](this:0xb400007509d1dba0,id:-1,api:0,p:-1,c:857) onDestructor()
07-03 11:11:51.801   857   857 I Layer   : id=19596 Destroyed Transition Root: Task=260#19596
07-03 11:11:51.881  1356  1356 D PocketProximityManager: setStateOut()
07-03 11:11:51.883   803  1191 I hwcomposer: [HWC] (0)fire a callback of refresh to SF[4]
07-03 11:11:51.914 16912 16953 D BLASTBufferQueue: [ViewRootImpl@600936[ComponentActivity]#0](f:0,a:0) onFrameAvailable the first frame is available
07-03 11:11:51.914 16912 16953 D BLASTBufferQueue: [ViewRootImpl@600936[ComponentActivity]#0](f:0,a:1) acquireNextBufferLocked size=1080x2340 mFrameNumber=1 applyTransaction=true mTimestamp=184100279175741(auto) mPendingTransactions.size=0 graphicBufferId=72636486909952 transform=0
07-03 11:11:51.915 16912 16953 D ViewRootImpl@600936[ComponentActivity]: Received frameCommittedCallback lastAttemptedDrawFrameNum=1 didProduceBuffer=true
07-03 11:11:51.916 16912 16953 D OpenGLRenderer: CFMS:: SetUp Pid : 16912    Tid : 16953
07-03 11:11:51.916 16912 16912 D ViewRootImpl@600936[ComponentActivity]: reportDrawFinished
07-03 11:11:51.917 16912 16912 I Choreographer: Skipped 34 frames!  The application may be doing too much work on its main thread.
07-03 11:11:51.917  1356  1398 W ServiceManagerCppClient: Permission failure: android.permission.ROTATE_SURFACE_FLINGER from uid=10366 pid=0
07-03 11:11:51.917  1356  1398 D PermissionCache: checking android.permission.ROTATE_SURFACE_FLINGER for uid=10366 => denied (200 us)
07-03 11:11:51.917  1356  1398 W ServiceManagerCppClient: Permission failure: android.permission.INTERNAL_SYSTEM_WINDOW from uid=10366 pid=0
07-03 11:11:51.917  1356  1398 D PermissionCache: checking android.permission.INTERNAL_SYSTEM_WINDOW for uid=10366 => denied (123 us)
07-03 11:11:51.917  1356  1398 W ServiceManagerCppClient: Permission failure: android.permission.ACCESS_SURFACE_FLINGER from uid=10366 pid=0
07-03 11:11:51.917  1356  1398 D PermissionCache: checking android.permission.ACCESS_SURFACE_FLINGER for uid=10366 => denied (76 us)
07-03 11:11:51.917 16912 16912 I ViewRootImpl@600936[ComponentActivity]: registerCallbackForPendingTransactions
07-03 11:11:51.918 16912 16912 I InsetsSourceConsumer: applyRequestedVisibilityToControl: visible=true, type=navigationBars, host=com.example.cupcake/androidx.activity.ComponentActivity
07-03 11:11:51.919 16912 16912 I InsetsSourceConsumer: applyRequestedVisibilityToControl: visible=true, type=statusBars, host=com.example.cupcake/androidx.activity.ComponentActivity
07-03 11:11:51.923   857  4013 E BufferQueueDebug: [Surface(name=c01953d com.example.cupcake/androidx.activity.ComponentActivity)/@0x51b9ecf - animation-leash of starting_reveal#19604](this:0xb400007509cbeba0,id:-1,api:0,p:-1,c:-1) id info cannot be read from 'Surface(name=c01953d com.example.cupcake/androidx.activity.ComponentActivity)/@0x51b9ecf - animation-leash of starting_reveal#19604'
07-03 11:11:51.923   857  4013 I BufferQueueDebug: [Surface(name=c01953d com.example.cupcake/androidx.activity.ComponentActivity)/@0x51b9ecf - animation-leash of starting_reveal#19604](this:0xb400007509cbeba0,id:-1,api:0,p:-1,c:-1) BufferQueue core=(857:/system/bin/surfaceflinger)
07-03 11:11:51.923   857  4013 I SurfaceFlinger: id=19604 createSurf, flag=24000, Surface(name=c01953d com.example.cupcake/androidx.activity.ComponentActivity)/@0x51b9ecf - animation-leash of starting_reveal#19604
07-03 11:11:51.924   857   857 D SurfaceFlinger: GPIS:: requestGPISForClientComposition
07-03 11:11:51.925  1356  1408 W ziparchive: Unable to open '/data/app/~~qeTApK_8aHbsko0KOg8BIA==/com.example.cupcake-ef2edsCm5O8EkgBuKq-WHA==/base.dm': No such file or directory
07-03 11:11:51.929  1356  1398 I SemDvfsHyPerManager: acquire hyper - AMS_RESUME_TAIL/1356@13, type = -999
07-03 11:11:51.930  1356  1398 I SemDvfsHyPerManager: acquire hyper - AMS_ACT_LAZY/1356@14, type = -999
07-03 11:11:51.930   817   848 I mtkpower@impl: [setMode] type:5, enabled:0
07-03 11:11:51.930   813   832 I HYPER-HAL: [RequestManager.cpp]acquire(): Acquired ID : 937778  [1356 / 13]    HINT : AMS_RESUME_TAIL    list :
07-03 11:11:51.930   813   832 I mtkpower_client: perf_lock_rel, hdl:21306, tid:832
07-03 11:11:51.931   813   832 I mtkpower_client: perf_lock_acq, hdl:0, dur:0, num:2, tid:832
07-03 11:11:51.932   817   890 I libPowerHal: [perfLockRel] hdl:21306, idx:4
07-03 11:11:51.932   817   890 I libPowerHal: [setClusterFreq]  set cpu_ctrl cpufreq: -1 -1 -1 -1
07-03 11:11:51.934   813   832 I mtkpower_client: ret_hdl:21308
07-03 11:11:51.934   813   832 I mtkpower_client: perf_lock_rel, hdl:21305, tid:832
07-03 11:11:51.934   817   890 I libPowerHal: [perfLockAcq] idx:3 hdl:21308 hint:-1 pid:813 tid:832 duration:0 lock_user:vendor.samsung. => ret_hdl:21308
07-03 11:11:51.934   817   890 I libPowerHal: [setClusterFreq] vendor.samsung. set cpufreq[0] min:2000000 max:-1 cpufreq[1] min:-1 max:-1
07-03 11:11:51.934   857   857 I Layer   : Layer [com.example.cupcake/androidx.activity.ComponentActivity$_16912#19599] hidden!! flag(0)
07-03 11:11:51.934  1356  1408 I PkgPredictorService-SecIpmManagerServiceImpl: reportToNAP uid:10366 com.example.cupcake/androidx.activity.ComponentActivity thisTime:670
07-03 11:11:51.934  1356  1408 D PkgPredictorService-SecIpmManagerServiceImpl: reportToNAP: mHeavyLaunchCounter is false
07-03 11:11:51.934   817   890 I libPowerHal: [setClusterFreq]  set cpu_ctrl cpufreq: 2000000 -1 -1 -1
07-03 11:11:51.935  1356  1398 I AppWidgetServiceImpl: stopListening callbacks : null
07-03 11:11:51.935   813   832 I mtkpower_client: perf_lock_acq, hdl:0, dur:0, num:2, tid:832
07-03 11:11:51.936   817   890 I libPowerHal: [perfLockRel] hdl:21305, idx:1
07-03 11:11:51.937  1356  1398 D InputDispatcher: Focus entered window (0): c01953d com.example.cupcake/androidx.activity.ComponentActivity
07-03 11:11:51.937   813   832 I mtkpower_client: ret_hdl:21309
07-03 11:11:51.937   813   832 I mtkpower_client: perf_lock_rel, hdl:21307, tid:832
07-03 11:11:51.938   813   832 I mtkpower_client: perf_lock_acq, hdl:0, dur:0, num:2, tid:832
07-03 11:11:51.938   817   890 I libPowerHal: cmdSetting - unknown cmd:1c3c000, scmd:(null) ,param_1:0
07-03 11:11:51.938   817   890 I libPowerHal: [perfLockAcq] idx:4 hdl:21309 hint:-1 pid:813 tid:832 duration:0 lock_user:vendor.samsung. => ret_hdl:21309
07-03 11:11:51.938   817   890 I libPowerHal: [perfLockRel] hdl:21307, idx:2
07-03 11:11:51.938   817   890 I libPowerHal: [PD] vendor.samsung. update cmd:1000000 param:-1
07-03 11:11:51.939   813   832 I mtkpower_client: ret_hdl:21310
07-03 11:11:51.939   813   832 I mtkpower_client: perf_lock_rel, hdl:21304, tid:832
07-03 11:11:51.939   857   857 D SurfaceFlinger: Display 4627039422300187648 HWC layers:
07-03 11:11:51.939   857   857 D SurfaceFlinger:      DEVICE | 0xb40000753a6fd8c0 | 0102 | RGBA_8888    |    0.0    0.0 1080.0 2340.0 |    0    0 1080 2340 | com.example.cupcake/androidx.activity.ComponentActivity$_16912#19599
07-03 11:11:51.939   857   857 D SurfaceFlinger:      DEVICE | 0xb40000750bd918c0 | 0100 | RGBA_8888    |    0.0    0.0 1080.0 2340.0 |    0    0 1080 2340 | Splash Screen com.example.cupcake$_3137#19595
07-03 11:11:51.939   857   857 D SurfaceFlinger:      DEVICE | 0xb40000753a700c00 | 0100 | RGBA_8888    |    0.0    0.0 1080.0   80.0 |    0    0 1080   80 | StatusBar$_3137#78
07-03 11:11:51.939   857   857 D SurfaceFlinger:      DEVICE | 0xb40000750a407000 | 0100 | RGBA_8888    |    0.0    0.0 1080.0  135.0 |    0 2205 1080 2340 | NavigationBar0$_3137#77
07-03 11:11:51.939   857   857 D SurfaceFlinger:
07-03 11:11:51.939   817   890 I libPowerHal: [perfLockAcq] idx:1 hdl:21310 hint:-1 pid:813 tid:832 duration:0 lock_user:vendor.samsung. => ret_hdl:21310
07-03 11:11:51.940   817   890 I libPowerHal: [setDvfsrcDevFreqOpp] opp:0, freq:4266000000
07-03 11:11:51.940   817   890 I libPowerHal: [PE] vendor.samsung. update cmd:1000000 param:0
07-03 11:11:51.942  1356  1398 V WindowManager: Relayout Window{f0681d2 u0 Splash Screen com.example.cupcake}: viewVisibility=0 req=1080x2340 ty=3 d0
07-03 11:11:51.942   813   832 I mtkpower_client: perf_lock_acq, hdl:0, dur:0, num:2, tid:832
07-03 11:11:51.943   803  1195 W hwcomposer: [DRMDEV] paramIsSame(), id 4974, w 1080/1080, h 2340/2340, pitch 1088/1088, format 0x2/0x1, secure 0/0
07-03 11:11:51.943  1356  1408 I ActivityTaskManager: Displayed com.example.cupcake/androidx.activity.ComponentActivity for user 0: +670ms
07-03 11:11:51.943  4297  4297 E pageboostd: Received HALT command code 2
07-03 11:11:51.944   817   890 I libPowerHal: [perfLockRel] hdl:21304, idx:0
07-03 11:11:51.944   817   890 I libPowerHal: [PD] vendor.samsung. update cmd:300c000 param:0
07-03 11:11:51.945  1356  1398 V WindowManager: Relayout hash=f0681d2, pid=3137, syncId=-1: mAttrs={(0,0)(fillxfill) sim={adjust=pan} ty=APPLICATION_STARTING fmt=TRANSLUCENT wanim=0x1030303
07-03 11:11:51.945  1356  1398 V WindowManager:   fl=81030118
07-03 11:11:51.945  1356  1398 V WindowManager:   pfl=16000010
07-03 11:11:51.945  1356  1398 V WindowManager:   bhv=DEFAULT
07-03 11:11:51.945  1356  1398 V WindowManager:   fitSides= naviIconColor=0}
07-03 11:11:51.946   813   832 I mtkpower_client: ret_hdl:21311
07-03 11:11:51.946   817   890 I libPowerHal: [perfLockAcq] idx:2 hdl:21311 hint:-1 pid:813 tid:832 duration:0 lock_user:vendor.samsung. => ret_hdl:21311
07-03 11:11:51.946   813   832 I mtkpower_client: perf_lock_rel, hdl:21309, tid:832
07-03 11:11:51.946   817   890 I libPowerHal: [PE] vendor.samsung. update cmd:300c000, param:15
07-03 11:11:51.947  3137  3211 I BLASTBufferQueue_Java: update, w= 1080 h= 2340 mName = ViewRootImpl@b7ee7f0[cupcake] mNativeObject= 0xb40000780317df80 sc.mNativeObject= 0xb4000078a9751a40 format= -3 caller= android.view.ViewRootImpl.updateBlastSurfaceIfNeeded:3004 android.view.ViewRootImpl.relayoutWindow:10048 android.view.ViewRootImpl.performTraversals:4092 android.view.ViewRootImpl.doTraversal:3275 android.view.ViewRootImpl$TraversalRunnable.run:11256 android.view.Choreographer$CallbackRecord.run:1650
07-03 11:11:51.947 13615 13615 I A       : onStop
07-03 11:11:51.947  3137  3211 I ViewRootImpl@b7ee7f0[cupcake]: Relayout returned: old=(0,0,1080,2340) new=(0,0,1080,2340) relayoutAsync=false req=(1080,2340)0 dur=5 res=0x400 s={true 0xb400007801c8b000} ch=false seqId=0
07-03 11:11:51.947   813   832 I mtkpower_client: perf_lock_acq, hdl:0, dur:0, num:2, tid:832
07-03 11:11:51.947   817   890 I libPowerHal: [perfLockRel] hdl:21309, idx:4
07-03 11:11:51.948   813   832 I mtkpower_client: ret_hdl:21312
07-03 11:11:51.949 15004 15004 I ViewRootImpl@45113d6[LauncherActivity]: stopped(true) old = false
07-03 11:11:51.949   817   890 I libPowerHal: cmdSetting - unknown cmd:1c3c000, scmd:(null) ,param_1:0
07-03 11:11:51.949   817   890 I libPowerHal: [perfLockAcq] idx:0 hdl:21312 hint:-1 pid:813 tid:832 duration:0 lock_user:vendor.samsung. => ret_hdl:21312
07-03 11:11:51.949   813   832 I mtkpower_client: perf_lock_rel, hdl:21308, tid:832
07-03 11:11:51.949  3137  3137 D SamsungStatusBarGrayIconHelper: isGrayAppearance=false
07-03 11:11:51.949  3137  4053 I ViewRootImpl@b7ee7f0[cupcake]: mWNT: t=0xb40000780381c500 mBlastBufferQueue=0xb40000780317df80 fn= 2 caller= android.view.ViewRootImpl$6.onFrameDraw:5582 android.view.ViewRootImpl$2.onFrameDraw:2131 android.view.ThreadedRenderer$1.onFrameDraw:788
07-03 11:11:51.950   817   890 I libPowerHal: [perfLockRel] hdl:21308, idx:3
07-03 11:11:51.950   813   832 I mtkpower_client: perf_lock_acq, hdl:0, dur:0, num:2, tid:832
07-03 11:11:51.950   817   890 I libPowerHal: [setClusterFreq]  set cpu_ctrl cpufreq: -1 -1 -1 -1
07-03 11:11:51.950 15004 15004 I HoneySpace.Launcher: !@Boot_EBS_D: Launcher.onStop()
07-03 11:11:51.950  3137  4053 I ViewRootImpl@b7ee7f0[cupcake]: mWNT: t=0xb40000780381c680 mBlastBufferQueue=0xb40000780317df80 fn= 2 caller= android.view.SyncRtSurfaceTransactionApplier.applyTransaction:96 android.view.SyncRtSurfaceTransactionApplier.lambda$scheduleApply$0:69 android.view.SyncRtSurfaceTransactionApplier.$r8$lambda$SgowXC58rj3PR958kHUfRgLZmvE:0
07-03 11:11:51.950  3137  4053 I ViewRootImpl@b7ee7f0[cupcake]: mWNT: t=0xb40000780381c980 mBlastBufferQueue=0xb40000780317df80 fn= 2 caller= android.view.SyncRtSurfaceTransactionApplier.applyTransaction:96 android.view.SyncRtSurfaceTransactionApplier.lambda$scheduleApply$0:69 android.view.SyncRtSurfaceTransactionApplier.$r8$lambda$SgowXC58rj3PR958kHUfRgLZmvE:0
07-03 11:11:51.950  3137  3137 D SamsungLightBarControlHelper: onStatusBarAppearanceChanged() -  sbModeChanged:false, statusBarMode:0, barState:MODE_TRANSPARENT, isKeyguardShowing:false, navbarColorManagedByIme:false, stackAppearanceChanged:true, (AppearanceRegion{ bounds=[0,0][1080,2340]}, ), packageName:com.example.cupcake
07-03 11:11:51.950  3137  3211 I ViewRootImpl@b7ee7f0[cupcake]: registerCallbackForPendingTransactions
07-03 11:11:51.951   813   832 I mtkpower_client: ret_hdl:21313
07-03 11:11:51.951   813   832 I mtkpower_client: perf_lock_rel, hdl:21310, tid:832
07-03 11:11:51.951   817   890 I libPowerHal: [perfLockAcq] idx:3 hdl:21313 hint:-1 pid:813 tid:832 duration:0 lock_user:vendor.samsung. => ret_hdl:21313
07-03 11:11:51.951   817   890 I libPowerHal: [setClusterFreq] vendor.samsung. set cpufreq[0] min:2000000 max:-1 cpufreq[1] min:-1 max:-1
07-03 11:11:51.951   817   890 I libPowerHal: [setClusterFreq]  set cpu_ctrl cpufreq: 2000000 -1 -1 -1
07-03 11:11:51.951  3137  3137 D NavigationBar: onSystemBarAttributesChanged() -  displayId:0, appearance:0, packageName: com.example.cupcake, navbarColorManagedByIme:false
07-03 11:11:51.951   813   832 I mtkpower_client: perf_lock_acq, hdl:0, dur:0, num:2, tid:832
07-03 11:11:51.952   817   890 I libPowerHal: [perfLockRel] hdl:21310, idx:1
07-03 11:11:51.952 17300 17305 I adbd    : opening control endpoint /dev/usb-ffs/adb/ep0
07-03 11:11:51.952   817   890 I libPowerHal: [PD] vendor.samsung. update cmd:1000000 param:-1
07-03 11:11:51.952  3137  3137 D SamsungLightBarControlHelper: updateNavigationBar (WHITE button) isLightOpaque:false, hasLightNavigationBarFlag:false, packageName:com.example.cupcake, DirectReplying:false, NavBarColorMangedByIme:false, ForceDarkForScrim:false, QsCustomizing:false, PanelHasWhiteBg:false
07-03 11:11:51.952   817   890 I libPowerHal: [perfLockAcq] idx:4 hdl:21314 hint:-1 pid:813 tid:832 duration:0 lock_user:vendor.samsung. => ret_hdl:21314
07-03 11:11:51.952   817   890 I libPowerHal: [setDvfsrcDevFreqOpp] opp:0, freq:4266000000
07-03 11:11:51.952   817   890 I libPowerHal: [PE] vendor.samsung. update cmd:1000000 param:0
07-03 11:11:51.953   813   832 I mtkpower_client: ret_hdl:21314
07-03 11:11:51.953 17300 17305 I adbd    : UsbFfsConnection constructed
07-03 11:11:51.953  3137  3137 D SamsungLightBarControlHelper: updateStatusBar (WHITE icon) numStacks:1, StatusBarMode:MODE_TRANSPARENT, lightBarBounds:[], StatusBarState:SHADE, packageName:com.example.cupcake, isWhiteKeyguardStatusBar:false
07-03 11:11:51.953   813   832 I HYPER-HAL: [RequestManager.cpp]releaseLocked(): Released ID : 936408
07-03 11:11:51.954 17300 16985 I adbd    : UsbFfs-monitor thread spawned
07-03 11:11:51.955 15004 15004 I HoneySpace.OneUiSpace: onSaveInstanceState honeyScreen=ia.g0@3aacfa
07-03 11:11:51.957  3137  4053 I ViewRootImpl@b7ee7f0[cupcake]: mWNT: t=0xb40000780381d580 mBlastBufferQueue=0xb40000780317df80 fn= 3 caller= android.view.SyncRtSurfaceTransactionApplier.applyTransaction:96 android.view.SyncRtSurfaceTransactionApplier.lambda$scheduleApply$0:69 android.view.SyncRtSurfaceTransactionApplier.$r8$lambda$SgowXC58rj3PR958kHUfRgLZmvE:0
07-03 11:11:51.958  3137  4053 I ViewRootImpl@b7ee7f0[cupcake]: mWNT: t=0xb40000780381d700 mBlastBufferQueue=0xb40000780317df80 fn= 3 caller= android.view.ViewRootImpl$6.onFrameDraw:5582 android.view.ViewRootImpl$2.onFrameDraw:2131 android.view.ThreadedRenderer$1.onFrameDraw:788
07-03 11:11:51.963  3137  4053 I ViewRootImpl@b7ee7f0[cupcake]: mWNT: t=0xb40000780381db80 mBlastBufferQueue=0xb40000780317df80 fn= 4 caller= android.view.SyncRtSurfaceTransactionApplier.applyTransaction:96 android.view.SyncRtSurfaceTransactionApplier.lambda$scheduleApply$0:69 android.view.SyncRtSurfaceTransactionApplier.$r8$lambda$SgowXC58rj3PR958kHUfRgLZmvE:0
07-03 11:11:51.966 16003 16003 E stp_dump: mkdir (/data/log/connsyslog/connsysdump/) failed:(Permission denied)
07-03 11:11:51.967   857   857 I Layer   : id=19582 removeFromCurrentState com.sec.android.app.launcher/com.sec.android.app.launcher.activities.LauncherActivity$_15004#19582 (124)
07-03 11:11:51.968  1356  1409 D PkgPredictorService-SecIpmManagerServiceImpl: bg information pid:15004 uid:10136 pkgName:com.sec.android.app.launcher
07-03 11:11:51.969   857  4013 I SurfaceFlinger: id=19582 Removed com.sec.android.app.launcher/com.sec.android.app.launcher.activities.LauncherActivity$_15004#19582 (124)
07-03 11:11:51.977  3137  4053 I ViewRootImpl@b7ee7f0[cupcake]: mWNT: t=0xb400007801828900 mBlastBufferQueue=0xb40000780317df80 fn= 5 caller= android.view.SyncRtSurfaceTransactionApplier.applyTransaction:96 android.view.SyncRtSurfaceTransactionApplier.lambda$scheduleApply$0:69 android.view.SyncRtSurfaceTransactionApplier.$r8$lambda$SgowXC58rj3PR958kHUfRgLZmvE:0
07-03 11:11:51.979   857   857 I BufferQueueDebug: [com.sec.android.app.launcher/com.sec.android.app.launcher.activities.LauncherActivity$_15004#19582](this:0xb400007509d09ba0,id:-1,api:0,p:-1,c:857) onDestructor()
07-03 11:11:51.979   857   857 I Layer   : id=19582 Destroyed com.sec.android.app.launcher/com.sec.android.app.launcher.activities.LauncherActivity$_15004#19582
07-03 11:11:51.986  3137  4053 I ViewRootImpl@b7ee7f0[cupcake]: mWNT: t=0xb400007801828c00 mBlastBufferQueue=0xb40000780317df80 fn= 6 caller= android.view.SyncRtSurfaceTransactionApplier.applyTransaction:96 android.view.SyncRtSurfaceTransactionApplier.lambda$scheduleApply$0:69 android.view.SyncRtSurfaceTransactionApplier.$r8$lambda$SgowXC58rj3PR958kHUfRgLZmvE:0
07-03 11:11:51.997  1356  3238 V WindowManager: Relayout Window{f0681d2 u0 Splash Screen com.example.cupcake}: viewVisibility=8 req=1080x2340 ty=3 d0
07-03 11:11:52.001   857   857 I Layer   : Layer [Splash Screen com.example.cupcake$_3137#19595] hidden!! flag(1)
07-03 11:11:52.001  1022  3322 I CameraService: onUidStateChanged: uid=10064, procState is changed. (1 -> 0)
07-03 11:11:52.001  1356  3238 V WindowManager: Relayout hash=f0681d2, pid=3137, syncId=-1: mAttrs={(0,0)(fillxfill) sim={adjust=pan} ty=APPLICATION_STARTING fmt=TRANSLUCENT wanim=0x1030303 alpha=0.0
07-03 11:11:52.001  1356  3238 V WindowManager:   fl=81030118
07-03 11:11:52.001  1356  3238 V WindowManager:   pfl=16000010
07-03 11:11:52.001  1356  3238 V WindowManager:   bhv=DEFAULT
07-03 11:11:52.001  1356  3238 V WindowManager:   fitSides= naviIconColor=0}
07-03 11:11:52.002  3137  3211 I ViewRootImpl@b7ee7f0[cupcake]: Relayout returned: old=(0,0,1080,2340) new=(0,0,1080,2340) relayoutAsync=false req=(1080,2340)8 dur=6 res=0x402 s={false 0x0} ch=true seqId=0
07-03 11:11:52.002  3137  3211 W WindowOnBackDispatcher: sendCancelIfRunning: isInProgress=falsecallback=android.view.ViewRootImpl$$ExternalSyntheticLambda21@e82931c
07-03 11:11:52.002  3137  3211 I ViewRootImpl@b7ee7f0[cupcake]: dispatchDetachedFromWindow
07-03 11:11:52.006   857   857 D SurfaceFlinger: Display 4627039422300187648 HWC layers:
07-03 11:11:52.006   857   857 D SurfaceFlinger:      DEVICE | 0xb40000753a6fd8c0 | 0102 | RGBA_8888    |    0.0    0.0 1080.0 2340.0 |    0    0 1080 2340 | com.example.cupcake/androidx.activity.ComponentActivity$_16912#19599
07-03 11:11:52.006   857   857 D SurfaceFlinger:      DEVICE | 0xb40000750a1a4080 | 0100 | RGBA_8888    |    0.0    0.0 1080.0   80.0 |    0    0 1080   80 | StatusBar$_3137#78
07-03 11:11:52.006   857   857 D SurfaceFlinger:      DEVICE | 0xb40000750bd93440 | 0100 | RGBA_8888    |    0.0    0.0 1080.0  135.0 |    0 2205 1080 2340 | NavigationBar0$_3137#77
07-03 11:11:52.006   857   857 D SurfaceFlinger:
07-03 11:11:52.009  1356  3238 D InputTransport: Input channel destroyed: 'f0681d2', fd=1006
07-03 11:11:52.010  1356  3238 W InputManager-JNI: Input channel object 'f0681d2 Splash Screen com.example.cupcake (client)' was disposed without first being removed with the input manager!
07-03 11:11:52.010  1356  3238 D InputTransport: Input channel destroyed: 'f0681d2', fd=1007
07-03 11:11:52.015  3137  3170 D BLASTBufferQueue: [ViewRootImpl@b7ee7f0[cupcake]#1272](f:0,a:3) destructor()
07-03 11:11:52.015  3137  3170 D BufferQueueConsumer: [ViewRootImpl@b7ee7f0[cupcake]#1272(BLAST Consumer)1272](id:c41000004f9,api:0,p:-1,c:3137) disconnect
07-03 11:11:52.015  3137  3211 D InputTransport: Input channel destroyed: 'f0681d2', fd=548
07-03 11:11:52.017   857  4013 I VSyncReactor: Current= 90, Period= 90, hwcPeriod= 90
07-03 11:11:52.019  1356 16986 D SemInputDeviceManager: setProperty: (0) CMD,GRIP_DATA,1,45,7,15,702
07-03 11:11:52.019  1356  1663 D SemInputDevice:TSP: SetPropertyTask: CMD,set_grip_data,1,45,7,15,702 [07-03 11:11:52.019]
07-03 11:11:52.021  1356  3079 W SemWifiTransportLayerUtils: getApplicationCategory - IOException com.example.cupcake
07-03 11:11:52.021  1356  3079 W System.err: java.io.FileNotFoundException: https://play.google.com/store/apps/details?id=com.example.cupcake&hl=en
07-03 11:11:52.022  1356  3079 W System.err: 	at com.android.okhttp.internal.huc.HttpURLConnectionImpl.getInputStream(HttpURLConnectionImpl.java:255)
07-03 11:11:52.022  1356  3079 W System.err: 	at com.android.okhttp.internal.huc.DelegatingHttpsURLConnection.getInputStream(DelegatingHttpsURLConnection.java:211)
07-03 11:11:52.022  1356  3079 W System.err: 	at com.android.okhttp.internal.huc.HttpsURLConnectionImpl.getInputStream(HttpsURLConnectionImpl.java:30)
07-03 11:11:52.022  1356  3079 W System.err: 	at com.samsung.android.server.wifi.tcp.SemWifiTransportLayerUtils.getApplicationCategory(SemWifiTransportLayerUtils.java:105)
07-03 11:11:52.022  1356  3079 W System.err: 	at com.samsung.android.server.wifi.tcp.SemWifiTransportLayerMonitor$TcpMonitorHandler.handleMessage(SemWifiTransportLayerMonitor.java:499)
07-03 11:11:52.022  1356  3079 W System.err: 	at android.os.Handler.dispatchMessage(Handler.java:106)
07-03 11:11:52.022  1356  3079 W System.err: 	at android.os.Looper.loopOnce(Looper.java:230)
07-03 11:11:52.022  1356  3079 W System.err: 	at android.os.Looper.loop(Looper.java:319)
07-03 11:11:52.022  1356  3079 W System.err: 	at android.os.HandlerThread.run(HandlerThread.java:67)
07-03 11:11:52.023   857   857 I Layer   : id=19594 removeFromCurrentState f0681d2 Splash Screen com.example.cupcake#19594 (123)
07-03 11:11:52.023   857   857 I Layer   : id=19595 removeFromCurrentState Splash Screen com.example.cupcake$_3137#19595 (123)
07-03 11:11:52.024   857   857 I Layer   : id=19604 removeFromCurrentState Surface(name=c01953d com.example.cupcake/androidx.activity.ComponentActivity)/@0x51b9ecf - animation-leash of starting_reveal#19604 (123)
07-03 11:11:52.024   857   857 I Layer   : id=19595 removeFromCurrentState Splash Screen com.example.cupcake$_3137#19595 (123)
07-03 11:11:52.024  1356  3079 D SemWifiTransportLayerMonitor.TcpMonitorHandler: MSG_SAVE_PACKAGE_INFO
07-03 11:11:52.024  1356  3079 D SemWifiTransportLayerFileManager: saveWifiPackageInfoToFile
07-03 11:11:52.024  1356  3079 D SemWifiTransportLayerFileManager: writeWifiPackageInfoList
07-03 11:11:52.025   857   857 I SurfaceFlinger: id=19595 Removed Splash Screen com.example.cupcake$_3137#19595 (123)
07-03 11:11:52.025   857   857 I SurfaceFlinger: id=19594 Removed f0681d2 Splash Screen com.example.cupcake#19594 (123)
07-03 11:11:52.027   830   830 I sysinput:Touch: writeInformation:249, OK
07-03 11:11:52.028  1356  1663 D SysinputHAL_V1_3(V1_2): runTspCmdNoRead(TSP(1)): set_grip_data,1,45,7,15,702 ret=0
07-03 11:11:52.034 16912 16912 W example.cupcake: Method java.lang.Object androidx.compose.runtime.snapshots.SnapshotStateMap.mutate(kotlin.jvm.functions.Function1) failed lock verification and will run slower.
07-03 11:11:52.034 16912 16912 W example.cupcake: Common causes for lock verification issues are non-optimized dex code
07-03 11:11:52.034 16912 16912 W example.cupcake: and incorrect proguard optimizations.
07-03 11:11:52.034   857   857 I BufferQueueDebug: [f0681d2 Splash Screen com.example.cupcake#19594](this:0xb400007509d1aba0,id:-1,api:0,p:-1,c:857) onDestructor()
07-03 11:11:52.034   857   857 I Layer   : id=19594 Destroyed f0681d2 Splash Screen com.example.cupcake#19594
07-03 11:11:52.034   857   857 I BufferQueueDebug: [Splash Screen com.example.cupcake$_3137#19595](this:0xb4000075117c9ba0,id:-1,api:0,p:-1,c:857) onDestructor()
07-03 11:11:52.034   857   857 I Layer   : id=19595 Destroyed Splash Screen com.example.cupcake$_3137#19595
07-03 11:11:52.036 16912 16912 W example.cupcake: Method void androidx.compose.runtime.snapshots.SnapshotStateMap.update(kotlin.jvm.functions.Function1) failed lock verification and will run slower.
07-03 11:11:52.036 16912 16912 W example.cupcake: Method boolean androidx.compose.runtime.snapshots.SnapshotStateMap.removeIf$runtime_release(kotlin.jvm.functions.Function1) failed lock verification and will run slower.
07-03 11:11:52.040  1356  1356 D PocketProximityManager: setStateOut()
07-03 11:11:52.075   817   849 D power@timer: [mtkPowerTimer] visRead:0
07-03 11:11:52.159   803  1191 I hwcomposer: [HWC] (0)fire a callback of refresh to SF[4]
07-03 11:11:52.199 16912 16912 W example.cupcake: Method boolean androidx.compose.runtime.snapshots.SnapshotStateList.conditionalUpdate(kotlin.jvm.functions.Function1) failed lock verification and will run slower.
07-03 11:11:52.199 16912 16912 W example.cupcake: Method java.lang.Object androidx.compose.runtime.snapshots.SnapshotStateList.mutate(kotlin.jvm.functions.Function1) failed lock verification and will run slower.
07-03 11:11:52.199 16912 16912 W example.cupcake: Method void androidx.compose.runtime.snapshots.SnapshotStateList.update(kotlin.jvm.functions.Function1) failed lock verification and will run slower.
07-03 11:11:52.201  1356  1356 D PocketProximityManager: setStateOut()
07-03 11:11:52.239   813 16984 I mtkpower_client: perf_lock_rel, hdl:21313, tid:16984
07-03 11:11:52.240   817   890 I libPowerHal: [perfLockRel] hdl:21313, idx:3
07-03 11:11:52.240   817   890 I libPowerHal: [setClusterFreq]  set cpu_ctrl cpufreq: -1 -1 -1 -1
07-03 11:11:52.241   813 16984 I mtkpower_client: perf_lock_acq, hdl:0, dur:0, num:2, tid:16984
07-03 11:11:52.241   813 16984 I mtkpower_client: ret_hdl:21315
07-03 11:11:52.241   813 16984 I mtkpower_client: perf_lock_rel, hdl:21312, tid:16984
07-03 11:11:52.242   813 16984 I mtkpower_client: perf_lock_acq, hdl:0, dur:0, num:2, tid:16984
07-03 11:11:52.242   817   890 I libPowerHal: [perfLockAcq] idx:1 hdl:21315 hint:-1 pid:813 tid:16984 duration:0 lock_user:vendor.samsung. => ret_hdl:21315
07-03 11:11:52.242   817   890 I libPowerHal: [setClusterFreq] vendor.samsung. set cpufreq[0] min:2000000 max:-1 cpufreq[1] min:-1 max:-1
07-03 11:11:52.242   817   890 I libPowerHal: [setClusterFreq]  set cpu_ctrl cpufreq: 2000000 -1 -1 -1
07-03 11:11:52.243   817   890 I libPowerHal: [perfLockRel] hdl:21312, idx:0
07-03 11:11:52.243  3137  3137 D StatusBarIconController: ignoring old pipeline callbacks, because the new mobile icons are enabled
07-03 11:11:52.243   813 16984 I mtkpower_client: ret_hdl:21316
07-03 11:11:52.243   813 16984 I mtkpower_client: perf_lock_rel, hdl:21314, tid:16984
07-03 11:11:52.243   817   890 I libPowerHal: cmdSetting - unknown cmd:1c3c000, scmd:(null) ,param_1:0
07-03 11:11:52.243   817   890 I libPowerHal: [perfLockAcq] idx:3 hdl:21316 hint:-1 pid:813 tid:16984 duration:0 lock_user:vendor.samsung. => ret_hdl:21316
07-03 11:11:52.244   813 16984 I mtkpower_client: perf_lock_acq, hdl:0, dur:0, num:2, tid:16984
07-03 11:11:52.244   817   890 I libPowerHal: [perfLockRel] hdl:21314, idx:4
07-03 11:11:52.244   817   890 I libPowerHal: [PD] vendor.samsung. update cmd:1000000 param:-1
07-03 11:11:52.245   813 16984 I mtkpower_client: ret_hdl:21317
07-03 11:11:52.245   817   890 I libPowerHal: [perfLockAcq] idx:0 hdl:21317 hint:-1 pid:813 tid:16984 duration:0 lock_user:vendor.samsung. => ret_hdl:21317
07-03 11:11:52.245   817   890 I libPowerHal: [setDvfsrcDevFreqOpp] opp:0, freq:4266000000
07-03 11:11:52.245   813 16984 I HYPER-HAL: [RequestManager.cpp]releaseLocked(): Released ID : 937778
07-03 11:11:52.245   817   890 I libPowerHal: [PE] vendor.samsung. update cmd:1000000 param:0
07-03 11:11:52.294  1019  1493 E thermal_core: Failed to read /sys/class/thermal/thermal_zone24/temp: Invalid argument
07-03 11:11:52.328   813 16951 I mtkpower_client: perf_lock_rel, hdl:21311, tid:16951
07-03 11:11:52.329   813 16951 I mtkpower_client: perf_lock_rel, hdl:21316, tid:16951
07-03 11:11:52.329   817   890 I libPowerHal: [perfLockRel] hdl:21311, idx:2
07-03 11:11:52.329   817   890 I libPowerHal: [PD] vendor.samsung. update cmd:300c000 param:0
07-03 11:11:52.330   813 16951 I mtkpower_client: perf_lock_rel, hdl:21315, tid:16951
07-03 11:11:52.330   817   890 I libPowerHal: [perfLockRel] hdl:21316, idx:3
07-03 11:11:52.331   813 16951 I mtkpower_client: perf_lock_rel, hdl:21317, tid:16951
07-03 11:11:52.331   817   890 I libPowerHal: [perfLockRel] hdl:21315, idx:1
07-03 11:11:52.331   817   890 I libPowerHal: [setClusterFreq]  set cpu_ctrl cpufreq: -1 -1 -1 -1
07-03 11:11:52.332   817   890 I libPowerHal: [perfLockRel] hdl:21317, idx:0
07-03 11:11:52.332   813 16951 I HYPER-HAL: [RequestManager.cpp]releaseLocked(): Released ID : 940521
07-03 11:11:52.332   817   890 I libPowerHal: [PD] vendor.samsung. update cmd:1000000 param:-1
07-03 11:11:52.361  1356  1356 D PocketProximityManager: setStateOut()
07-03 11:11:52.398 16912 16979 I ViewRootImpl@600936[ComponentActivity]: mWNT: t=0xb400007845394900 mBlastBufferQueue=0xb4000078a14cb380 fn= 2 caller= android.view.ViewRootImpl$6.onFrameDraw:5582 android.view.ViewRootImpl$2.onFrameDraw:2131 android.view.ThreadedRenderer$1.onFrameDraw:788
07-03 11:11:52.399 16912 16912 I ViewRootImpl@600936[ComponentActivity]: handleWindowFocusChanged: 1 0 call from android.view.ViewRootImpl.-$$Nest$mhandleWindowFocusChanged:0
07-03 11:11:52.400 16912 16912 D ViewRootImpl@600936[ComponentActivity]: mThreadedRenderer.initializeIfNeeded()#2 mSurface={isValid=true 0xb40000789be13800}
07-03 11:11:52.404 16912 16912 D InputMethodManagerUtils: startInputInner - Id : 0
07-03 11:11:52.405 16912 16912 I InputMethodManager: startInputInner - IInputMethodManagerGlobalInvoker.startInputOrWindowGainedFocus
07-03 11:11:52.406  1356  3238 I ImeTracker: com.example.cupcake:37a2b709: onRequestHide at ORIGIN_SERVER_HIDE_INPUT reason HIDE_UNSPECIFIED_WINDOW
07-03 11:11:52.407  1356  3238 I ImeTracker: com.example.cupcake:37a2b709: onCancelled at PHASE_SERVER_SHOULD_HIDE
07-03 11:11:52.411  1356  3238 D InputTransport: Input channel constructed: 'ClientS', fd=1006
07-03 11:11:52.411  1356  3238 D InputTransport: Input channel constructed: 'ClientS', fd=1007
07-03 11:11:52.411  1356  3238 D InputTransport: Input channel destroyed: 'ClientS', fd=1007
07-03 11:11:52.420  1356  1398 D InputTransport: Input channel constructed: 'ClientS', fd=1007
07-03 11:11:52.421  1356  1398 D InputTransport: Input channel destroyed: 'ClientS', fd=1007
07-03 11:11:52.423 22615 25244 I FontLog : (REDACTED) Received query %s, URI %s
07-03 11:11:52.424 22615 25244 I FontLog : (REDACTED) Query [%s] resolved to %s
07-03 11:11:52.426 16912 16912 D InputMethodManagerUtils: startInputInner - Id : 0
07-03 11:11:52.427  5953  5953 I HBD     : HoneyBoardService onFinishInput
07-03 11:11:52.428   857   910 E BufferQueueDebug: [Surface(name=4b42813 InputMethod)/@0xcd07b7c - animation-leash of insets_animation#19605](this:0xb400007509c28ba0,id:-1,api:0,p:-1,c:-1) id info cannot be read from 'Surface(name=4b42813 InputMethod)/@0xcd07b7c - animation-leash of insets_animation#19605'
07-03 11:11:52.428   857   910 I BufferQueueDebug: [Surface(name=4b42813 InputMethod)/@0xcd07b7c - animation-leash of insets_animation#19605](this:0xb400007509c28ba0,id:-1,api:0,p:-1,c:-1) BufferQueue core=(857:/system/bin/surfaceflinger)
07-03 11:11:52.429   857   910 I SurfaceFlinger: id=19605 createSurf, flag=24004, Surface(name=4b42813 InputMethod)/@0xcd07b7c - animation-leash of insets_animation#19605
07-03 11:11:52.431 13615 13625 W earchbox:search: ApkAssets: Deleting an ApkAssets object '<empty> and /data/app/~~6vreu_oBafpZaDD_5UCNVA==/com.android.chrome-2bOgRD3zcpA3wc5a9bx3sQ==/base.apk' with 1 weak references
07-03 11:11:52.432 13615 13625 W earchbox:search: ApkAssets: Deleting an ApkAssets object '<empty> and /data/app/~~6vreu_oBafpZaDD_5UCNVA==/com.android.chrome-2bOgRD3zcpA3wc5a9bx3sQ==/split_auxiliary_search.apk' with 1 weak references
07-03 11:11:52.432 13615 13625 W earchbox:search: ApkAssets: Deleting an ApkAssets object '<empty> and /data/app/~~6vreu_oBafpZaDD_5UCNVA==/com.android.chrome-2bOgRD3zcpA3wc5a9bx3sQ==/split_cablev2_authenticator.apk' with 1 weak references
07-03 11:11:52.432 13615 13625 W earchbox:search: ApkAssets: Deleting an ApkAssets object '<empty> and /data/app/~~6vreu_oBafpZaDD_5UCNVA==/com.android.chrome-2bOgRD3zcpA3wc5a9bx3sQ==/split_chrome.apk' with 1 weak references
07-03 11:11:52.432 13615 13625 W earchbox:search: ApkAssets: Deleting an ApkAssets object '<empty> and /data/app/~~6vreu_oBafpZaDD_5UCNVA==/com.android.chrome-2bOgRD3zcpA3wc5a9bx3sQ==/split_config.en.apk' with 1 weak references
07-03 11:11:52.432 22615 25244 I FontLog : (REDACTED) Fetch %s end status %s
07-03 11:11:52.433 13615 13625 W earchbox:search: ApkAssets: Deleting an ApkAssets object '<empty> and /data/app/~~6vreu_oBafpZaDD_5UCNVA==/com.android.chrome-2bOgRD3zcpA3wc5a9bx3sQ==/split_dev_ui.apk' with 1 weak references
07-03 11:11:52.433 13615 13625 W earchbox:search: ApkAssets: Deleting an ApkAssets object '<empty> and /data/app/~~6vreu_oBafpZaDD_5UCNVA==/com.android.chrome-2bOgRD3zcpA3wc5a9bx3sQ==/split_feedv2.apk' with 1 weak references
07-03 11:11:52.433 13615 13625 W earchbox:search: ApkAssets: Deleting an ApkAssets object '<empty> and /data/app/~~6vreu_oBafpZaDD_5UCNVA==/com.android.chrome-2bOgRD3zcpA3wc5a9bx3sQ==/split_read_aloud_playback.apk' with 1 weak references
07-03 11:11:52.433 13615 13625 W earchbox:search: ApkAssets: Deleting an ApkAssets object '<empty> and /data/app/~~6vreu_oBafpZaDD_5UCNVA==/com.android.chrome-2bOgRD3zcpA3wc5a9bx3sQ==/split_stack_unwinder.apk' with 1 weak references
07-03 11:11:52.433 13615 13625 W earchbox:search: ApkAssets: Deleting an ApkAssets object '<empty> and /data/app/~~6vreu_oBafpZaDD_5UCNVA==/com.android.chrome-2bOgRD3zcpA3wc5a9bx3sQ==/split_survey.apk' with 1 weak references
07-03 11:11:52.433 13615 13625 W earchbox:search: ApkAssets: Deleting an ApkAssets object '<empty> and /data/app/~~6vreu_oBafpZaDD_5UCNVA==/com.android.chrome-2bOgRD3zcpA3wc5a9bx3sQ==/split_test_dummy.apk' with 1 weak references
07-03 11:11:52.433 13615 13625 W earchbox:search: ApkAssets: Deleting an ApkAssets object '<empty> and /data/app/~~O0zLeTsmtt08snn_XxPgQA==/com.google.android.trichromelibrary_647811133-RMY1qOC3sJXBcA0fo4dFWQ==/base.apk' with 1 weak references
07-03 11:11:52.434   857   857 D SurfaceFlinger: GPIS:: requestGPISForClientComposition
