07-03 11:11:52.999   857   857 D SurfaceFlinger:      DEVICE | 0xb40000750bd95100 | 0100 | RGBA_8888    |    0.0    0.0 1080.0 1935.0 |    0  405 1080 2340 | Splash Screen com.example.cupcake.test$_3137#19609
07-03 11:11:52.999   857   857 D SurfaceFlinger:      DEVICE | 0xb400007509a4f900 | 0100 | RGBA_8888    |    0.0    0.0 1080.0   80.0 |    0    0 1080   80 | StatusBar$_3137#78
07-03 11:11:52.999   857   857 D SurfaceFlinger:      DEVICE | 0xb40000750bd93440 | 0100 | RGBA_8888    |    0.0    0.0 1080.0  135.0 |    0 2205 10
07-03 11:11:52.999   857   857 D SurfaceFlinger: 80 2340 | NavigationBar0$_3137#77
07-03 11:11:52.999   857   857 D SurfaceFlinger:
07-03 11:11:53.001  1356  1356 D PocketProximityManager: setStateOut()
07-03 11:11:53.010  5953  5953 I InputMethodService: removeImeSurface
07-03 11:11:53.010  5953  5953 I InputMethodService: cancelImeSurfaceRemoval: removeCallbacks
07-03 11:11:53.018 16994 16994 D nativeloader: Configuring clns-6 for other apk /data/app/~~yyETDkJtE3iZ8prBICg37Q==/com.example.cupcake.test--DmtmTZ7cTQu0HTM-3fM8w==/base.apk. target_sdk_version=34, uses_libraries=, library_path=/data/app/~~yyETDkJtE3iZ8prBICg37Q==/com.example.cupcake.test--DmtmTZ7cTQu0HTM-3fM8w==/lib/arm64, permitted_path=/data:/mnt/expand:/data/user/0/com.example.cupcake.test
07-03 11:11:53.019 17300 17305 I adbd    : opening control endpoint /dev/usb-ffs/adb/ep0
07-03 11:11:53.020 17300 17305 I adbd    : UsbFfsConnection constructed
07-03 11:11:53.027 17300 17019 I adbd    : UsbFfs-monitor thread spawned
07-03 11:11:53.037 16994 16994 V GraphicsEnvironment: Currently set values for:
07-03 11:11:53.037 16994 16994 V GraphicsEnvironment:   angle_gl_driver_selection_pkgs=[]
07-03 11:11:53.037 16994 16994 V GraphicsEnvironment:   angle_gl_driver_selection_values=[]
07-03 11:11:53.037 16994 16994 V GraphicsEnvironment: ANGLE GameManagerService for com.example.cupcake.test: false
07-03 11:11:53.037 16994 16994 V GraphicsEnvironment: com.example.cupcake.test is not listed in per-application setting
07-03 11:11:53.038 16994 16994 V GraphicsEnvironment: Neither updatable production driver nor prerelease driver is supported.
07-03 11:11:53.083   803  1195 W hwcomposer: [DRMDEV] paramIsSame(), id 4978, w 1080/1080, h 438/438, pitch 1088/1088, format 0x1/0x2, secure 0/0
07-03 11:11:53.097 16994 16994 D OpenGLRenderer: HWUI - treat SMPTE_170M as sRGB
07-03 11:11:53.101 16994 17021 D libMEOW : meow new tls: 0xb4000078a96c77c0
07-03 11:11:53.102 16994 17021 D libMEOW : meow reload base cfg path: na
07-03 11:11:53.102 16994 17021 D libMEOW : meow reload overlay cfg path: na
07-03 11:11:53.102 16994 17021 W QT      : qt_process_init() called
07-03 11:11:53.102 16994 17021 E QT      : [QT]file does not exist
07-03 11:11:53.102 16994 17021 W QT      : Support!!
07-03 11:11:53.102 16994 17021 D libMEOW : applied 0 plugin for [com.example.cupcake.test].
07-03 11:11:53.115   479   479 I hwservicemanager: getTransport: Cannot find entry android.hardware.configstore@1.0::ISurfaceFlingerConfigs/default in either framework or device VINTF manifest.
07-03 11:11:53.143 16994 16994 I DecorView: setWindowBackground: isPopOver=false color=ffffffff d=android.graphics.drawable.ColorDrawable@acd519e
07-03 11:11:53.157   857  4013 D SurfaceFlinger: [SF client] NEW(0xb40000751b7af100) for (16994:com.example.cupcake.test)
07-03 11:11:53.160 16994 16994 D CompatibilityChangeReporter: Compat change id reported: 237531167; UID 10367; state: DISABLED
07-03 11:11:53.162  1356  1356 D PocketProximityManager: setStateOut()
07-03 11:11:53.163 16994 16994 W libc    : Access denied finding property "persist.dm.passive.display_brightness"
07-03 11:11:53.163 16994 16994 W libc    : Access denied finding property "persist.dm.passive.ambient_brightness"
07-03 11:11:53.164 16994 16994 W OpenGLRenderer: Unknown dataspace 0
07-03 11:11:53.165 16994 17021 D NativeCustomFrequencyManager: [NativeCFMS] BpCustomFrequencyManager::BpCustomFrequencyManager()
07-03 11:11:53.171  1356  1399 D InputTransport: Input channel constructed: '53a9180', fd=1124
07-03 11:11:53.171  1356  1399 D InputTransport: Input channel constructed: '53a9180', fd=1125
07-03 11:11:53.171  1356  1399 D InputTransport: Input channel constructed: '53a9180', fd=1126
07-03 11:11:53.171   857  4013 D SurfaceFlinger: [SF client] NEW(0xb40000751b7af380) for (1356:system_server)
07-03 11:11:53.173   857  4013 E BufferQueueDebug: [53a9180 com.example.cupcake.test/androidx.test.core.app.InstrumentationActivityInvoker$EmptyActivity#19622](this:0xb400007509cdeba0,id:-1,api:0,p:-1,c:-1) id info cannot be read from '53a9180 com.example.cupcake.test/androidx.test.core.app.InstrumentationActivityInvoker$EmptyActivity#19622'
07-03 11:11:53.173   857  4013 I BufferQueueDebug: [53a9180 com.example.cupcake.test/androidx.test.core.app.InstrumentationActivityInvoker$EmptyActivity#19622](this:0xb400007509cdeba0,id:-1,api:0,p:-1,c:-1) BufferQueue core=(857:/system/bin/surfaceflinger)
07-03 11:11:53.173   857  4013 I SurfaceFlinger: id=19622 createSurf, flag=84004, 53a9180 com.example.cupcake.test/androidx.test.core.app.InstrumentationActivityInvoker$EmptyActivity#19622
07-03 11:11:53.174  1356  1399 D InputTransport: Input channel destroyed: '53a9180', fd=1126
07-03 11:11:53.177 16994 16994 I InsetsController: onStateChanged: host=com.example.cupcake.test/androidx.test.core.app.InstrumentationActivityInvoker$EmptyActivity, from=android.view.ViewRootImpl.setView:1744, state=InsetsState: {mDisplayFrame=Rect(0, 0 - 1080, 2340), mDisplayCutout=DisplayCutout{insets=Rect(0, 73 - 0, 0) waterfall=Insets{left=0, top=0, right=0, bottom=0} boundingRect={Bounds=[Rect(0, 0 - 0, 0), Rect(484, 0 - 596, 73), Rect(0, 0 - 0, 0), Rect(0, 0 - 0, 0)]} cutoutPathParserInfo={CutoutPathParserInfo{displayWidth=1080 displayHeight=2340 physicalDisplayWidth=1080 physicalDisplayHeight=2340 density={2.8125} cutoutSpec={M 0,0 H -24.177777778 V 28.4444444444 H 24.177777778 V 0 H 0 Z @dp} rotation={0} scale={1.0} physicalPixelDisplaySizeRatio={1.0}}}}, mRoundedCorners=RoundedCorners{[RoundedCorner{position=TopLeft, radius=0, center=Point(0, 0)}, RoundedCorner{position=TopRight, radius=0, center=Point(0, 0)}, RoundedCorner{position=BottomRight, radius=0, center=Point(0, 0)}, RoundedCorner{position=BottomLeft, radius=0, center=Point(0, 0)}]}  mRoundedCornerFrame=Rect(0, 0 - 1080, 2340), mPrivacyIndicatorBounds=PrivacyIndicatorBounds {static bounds=Rect(956, 0 - 1080, 80) rotation=0}, mDisplayShape=DisplayShape{ spec=-1084927657 displayWidth=1080 displayHeight=2340 physicalPixelDisplaySizeRatio=1.0 rotation=0 offsetX=0 offsetY=0 scale=1.0}, mSources= { InsetsSource: {aaaf0000 mType=statusBars mFrame=[0,0][1080,80] mVisible=true mFlags=[]}, InsetsSource: {aaaf0005 mType=mandatorySystemGestures mFrame=[0,0][1080,107] mVisible=true mFlags=[]}, InsetsSource: {aaaf0006 mType=tappableElement mFrame=[0,0][1080,80] mVisible=true mFlags=[]}, InsetsSource: {3 mType=ime mFrame=[0,0][0,0] mVisible=false mFlags=[]}, InsetsSource: {27 mType=displayCutout mFrame=[0,0][1080,73] mVisible=true mFlags=[]}, InsetsSource: {3f230001 mType=navigationBars mFrame=[0,2205][1080,2340] mVisible=true mFlags=[]}, InsetsSource: {3f230004 mType=systemGestures mFrame=[0,0][0,0] mVisible=true mFlags=[]}, InsetsSource: {3f230005 mType=mandatorySystemGestures mFrame=[0,2205][1080,2340] mVisible=true mFlags=[]}, InsetsSource: {3f230006 mType=tappableElement mFrame=[0,2205][1080,2340] mVisible=true mFlags=[]}, InsetsSource: {3f230024 mType=systemGestures mFrame=[0,0][0,0] mVisible=true mFlags=[]} }
07-03 11:11:53.179 16994 16994 I ViewRootImpl@738e9aa[InstrumentationActivityInvoker$EmptyActivity]: synced displayState. AttachInfo displayState=2
07-03 11:11:53.179 16994 16994 I ViewRootImpl@738e9aa[InstrumentationActivityInvoker$EmptyActivity]: setView = com.android.internal.policy.DecorView@313f676 TM=true
07-03 11:11:53.180 16994 16994 I IDS_TAG : Starting IDS observe window
07-03 11:11:53.180 16994 16994 I IDS_TAG : Getting Shared Preference for android.app.Application@9dc1477 uid = 10367
07-03 11:11:53.183 16994 16994 I IDS_TAG : App android.app.Application@9dc1477 has not finished training
07-03 11:11:53.187 16994 17021 D OpenGLRenderer: HWUI - treat SMPTE_170M as sRGB
07-03 11:11:53.191  1356  1399 D InputDispatcher: Focused application(0): ActivityRecord{31fdbe1 u0 com.sec.android.app.launcher/.activities.LauncherActivity t21}
07-03 11:11:53.191  1356  3016 D AS.MultiSoundManager: mForegroundUid = 10136
07-03 11:11:53.191  1356  3016 D AS.MultiSoundManager: mForegroundUid = 10136
07-03 11:11:53.195 16994 16994 I IDS_TAG : Closing IDS observe window
07-03 11:11:53.195 16994 16994 I IDS_TAG : Getting Shared Preference for android.app.Application@9dc1477 uid = 10367
07-03 11:11:53.197 16994 16994 I IDS_TAG : IDS count updated to 1 for android.app.Application@9dc1477
07-03 11:11:53.198 15004 15110 I HoneySpace.TopTaskSource: onTaskMovedToFront : taskId = 21
07-03 11:11:53.198 15004 15110 I HoneySpace.TopTaskSource: onTaskFocusChanged(): taskId = 21
07-03 11:11:53.198 15004 15110 I HoneySpace.TopTaskSource: onTaskFocusChanged(): taskId = 21
07-03 11:11:53.198 15004 15110 I HoneySpace.TopTaskSource: onTaskMovedToFront : taskId = 21
07-03 11:11:53.198 15004 15110 I HoneySpace.TopTaskSource: onTaskMovedToFront : taskId = 21
07-03 11:11:53.199 15004 13865 I HoneySpace.TopTaskUseCase: topTasks 21 ComponentInfo{com.sec.android.app.launcher/com.sec.android.app.launcher.Launcher}
07-03 11:11:53.203  1356  1398 V WindowManager: Relayout Window{53a9180 u0 com.example.cupcake.test/androidx.test.core.app.InstrumentationActivityInvoker$EmptyActivity}: viewVisibility=0 req=1080x2340 ty=1 d0
07-03 11:11:53.203   857  3104 E BufferQueueDebug: [com.example.cupcake.test/androidx.test.core.app.InstrumentationActivityInvoker$EmptyActivity$_16994#19623](this:0xb400007511773ba0,id:-1,api:0,p:-1,c:-1) id info cannot be read from 'com.example.cupcake.test/androidx.test.core.app.InstrumentationActivityInvoker$EmptyActivity$_16994#19623'
07-03 11:11:53.203   857  3104 I BufferQueueDebug: [com.example.cupcake.test/androidx.test.core.app.InstrumentationActivityInvoker$EmptyActivity$_16994#19623](this:0xb400007511773ba0,id:-1,api:0,p:-1,c:-1) BufferQueue core=(857:/system/bin/surfaceflinger)
07-03 11:11:53.203   857  3104 I SurfaceFlinger: id=19623 createSurf, flag=44004, com.example.cupcake.test/androidx.test.core.app.InstrumentationActivityInvoker$EmptyActivity$_16994#19623
07-03 11:11:53.206  1356  1398 V WindowManager: Relayout hash=53a9180, pid=16994, syncId=-1: mAttrs={(0,0)(fillxfill) sim={adjust=pan forwardNavigation} ty=BASE_APPLICATION
07-03 11:11:53.206  1356  1398 V WindowManager:   fl=81810100
07-03 11:11:53.206  1356  1398 V WindowManager:   pfl=12008040
07-03 11:11:53.206  1356  1398 V WindowManager:   bhv=DEFAULT
07-03 11:11:53.206  1356  1398 V WindowManager:   fitSides= naviIconColor=0}
07-03 11:11:53.208 16994 16994 D BufferQueueConsumer: [](id:426200000000,api:0,p:-1,c:16994) connect: controlledByApp=false
07-03 11:11:53.212 16994 16994 I BLASTBufferQueue_Java: new BLASTBufferQueue, mName= ViewRootImpl@738e9aa[InstrumentationActivityInvoker$EmptyActivity] mNativeObject= 0xb4000078cc454c80 sc.mNativeObject= 0xb40000789bcceec0 caller= android.view.ViewRootImpl.updateBlastSurfaceIfNeeded:3015 android.view.ViewRootImpl.relayoutWindow:10048 android.view.ViewRootImpl.performTraversals:4092 android.view.ViewRootImpl.doTraversal:3275 android.view.ViewRootImpl$TraversalRunnable.run:11256 android.view.Choreographer$CallbackRecord.run:1650 android.view.Choreographer$CallbackRecord.run:1659 android.view.Choreographer.doCallbacks:1129 android.view.Choreographer.doFrame:1055 android.view.Choreographer$FrameDisplayEventReceiver.run:1622
07-03 11:11:53.212 16994 16994 I BLASTBufferQueue_Java: update, w= 1080 h= 2340 mName = ViewRootImpl@738e9aa[InstrumentationActivityInvoker$EmptyActivity] mNativeObject= 0xb4000078cc454c80 sc.mNativeObject= 0xb40000789bcceec0 format= -1 caller= android.graphics.BLASTBufferQueue.<init>:89 android.view.ViewRootImpl.updateBlastSurfaceIfNeeded:3015 android.view.ViewRootImpl.relayoutWindow:10048 android.view.ViewRootImpl.performTraversals:4092 android.view.ViewRootImpl.doTraversal:3275 android.view.ViewRootImpl$TraversalRunnable.run:11256
07-03 11:11:53.213   857  3104 W ServiceManagerCppClient: Permission failure: android.permission.ROTATE_SURFACE_FLINGER from uid=10367 pid=0
07-03 11:11:53.213   857  3104 D PermissionCache: checking android.permission.ROTATE_SURFACE_FLINGER for uid=10367 => denied (656 us)
07-03 11:11:53.214   857  3104 W ServiceManagerCppClient: Permission failure: android.permission.INTERNAL_SYSTEM_WINDOW from uid=10367 pid=0
07-03 11:11:53.214   857  3104 D PermissionCache: checking android.permission.INTERNAL_SYSTEM_WINDOW for uid=10367 => denied (302 us)
07-03 11:11:53.214   857  3104 W ServiceManagerCppClient: Permission failure: android.permission.ACCESS_SURFACE_FLINGER from uid=10367 pid=0
07-03 11:11:53.214   857  3104 D PermissionCache: checking android.permission.ACCESS_SURFACE_FLINGER for uid=10367 => denied (285 us)
07-03 11:11:53.216 16994 16994 E FBI     : Can't load library: dlopen failed: library "libmagtsync.so" not found
07-03 11:11:53.217 16994 16994 I ViewRootImpl@738e9aa[InstrumentationActivityInvoker$EmptyActivity]: Relayout returned: old=(0,0,1080,2340) new=(0,0,1080,2340) relayoutAsync=false req=(1080,2340)0 dur=6 res=0x403 s={true 0xb40000789be13800} ch=true seqId=0
07-03 11:11:53.218 16994 16994 D ViewRootImpl@738e9aa[InstrumentationActivityInvoker$EmptyActivity]: mThreadedRenderer.initialize() mSurface={isValid=true 0xb40000789be13800} hwInitialized=true
07-03 11:11:53.220 16994 16994 D ViewRootImpl@738e9aa[InstrumentationActivityInvoker$EmptyActivity]: reportNextDraw android.view.ViewRootImpl.performTraversals:4694 android.view.ViewRootImpl.doTraversal:3275 android.view.ViewRootImpl$TraversalRunnable.run:11256 android.view.Choreographer$CallbackRecord.run:1650 android.view.Choreographer$CallbackRecord.run:1659
07-03 11:11:53.220 16994 16994 D ViewRootImpl@738e9aa[InstrumentationActivityInvoker$EmptyActivity]: Setup new sync=wmsSync-ViewRootImpl@738e9aa[InstrumentationActivityInvoker$EmptyActivity]#0
07-03 11:11:53.220 16994 16994 D ViewRootImpl@738e9aa[InstrumentationActivityInvoker$EmptyActivity]: Creating new active sync group ViewRootImpl@738e9aa[InstrumentationActivityInvoker$EmptyActivity]#1
07-03 11:11:53.221 16994 16994 D ViewRootImpl@738e9aa[InstrumentationActivityInvoker$EmptyActivity]: registerCallbacksForSync syncBuffer=false
07-03 11:11:53.224 16994 17040 D ViewRootImpl@738e9aa[InstrumentationActivityInvoker$EmptyActivity]: Received frameDrawingCallback syncResult=0 frameNum=1.
07-03 11:11:53.224 16994 17040 I ViewRootImpl@738e9aa[InstrumentationActivityInvoker$EmptyActivity]: mWNT: t=0xb4000078452da000 mBlastBufferQueue=0xb4000078cc454c80 fn= 1 caller= android.view.ViewRootImpl$8.onFrameDraw:13673 android.view.ThreadedRenderer$1.onFrameDraw:788 <bottom of call stack>
07-03 11:11:53.225 16994 17040 D ViewRootImpl@738e9aa[InstrumentationActivityInvoker$EmptyActivity]: Setting up sync and frameCommitCallback
07-03 11:11:53.248  3137  3137 D StatusBarIconController: ignoring old pipeline callbacks, because the new mobile icons are enabled
07-03 11:11:53.257 16994 17021 D BLASTBufferQueue: [ViewRootImpl@738e9aa[InstrumentationActivityInvoker$EmptyActivity]#0](f:0,a:0) onFrameAvailable the first frame is available
07-03 11:11:53.258 16994 17021 D BLASTBufferQueue: [ViewRootImpl@738e9aa[InstrumentationActivityInvoker$EmptyActivity]#0](f:0,a:1) acquireNextBufferLocked size=1080x2340 mFrameNumber=1 applyTransaction=true mTimestamp=184101622863434(auto) mPendingTransactions.size=0 graphicBufferId=72988674228224 transform=0
07-03 11:11:53.258 16994 17021 D ViewRootImpl@738e9aa[InstrumentationActivityInvoker$EmptyActivity]: Received frameCommittedCallback lastAttemptedDrawFrameNum=1 didProduceBuffer=true
07-03 11:11:53.259 16994 17021 D OpenGLRenderer: CFMS:: SetUp Pid : 16994    Tid : 17021
07-03 11:11:53.260 16994 16994 D ViewRootImpl@738e9aa[InstrumentationActivityInvoker$EmptyActivity]: reportDrawFinished
07-03 11:11:53.260  1356  1399 W ServiceManagerCppClient: Permission failure: android.permission.ROTATE_SURFACE_FLINGER from uid=10367 pid=0
07-03 11:11:53.260 16994 16994 I ViewRootImpl@738e9aa[InstrumentationActivityInvoker$EmptyActivity]: registerCallbackForPendingTransactions
07-03 11:11:53.261  1356  1399 D PermissionCache: checking android.permission.ROTATE_SURFACE_FLINGER for uid=10367 => denied (348 us)
07-03 11:11:53.261  1356  1399 W ServiceManagerCppClient: Permission failure: android.permission.INTERNAL_SYSTEM_WINDOW from uid=10367 pid=0
07-03 11:11:53.261  1356  1399 D PermissionCache: checking android.permission.INTERNAL_SYSTEM_WINDOW for uid=10367 => denied (169 us)
07-03 11:11:53.261  1356  1399 W ServiceManagerCppClient: Permission failure: android.permission.ACCESS_SURFACE_FLINGER from uid=10367 pid=0
07-03 11:11:53.261  1356  1399 D PermissionCache: checking android.permission.ACCESS_SURFACE_FLINGER for uid=10367 => denied (82 us)
07-03 11:11:53.261  1356 17044 D SemInputDeviceManager: setProperty: (0) CMD,GRIP_DATA,1,45,7,24,702
07-03 11:11:53.262  1356  1663 D SemInputDevice:TSP: SetPropertyTask: CMD,set_grip_data,1,45,7,24,702 [07-03 11:11:53.262]
07-03 11:11:53.263  1356  1412 I SemDvfsHyPerManager: acquire hyper - AMS_RESUME_TAIL/1356@13, type = -999
07-03 11:11:53.264   813   832 I HYPER-HAL: [RequestManager.cpp]acquire(): Acquired ID : 937778  [1356 / 13]    HINT : AMS_RESUME_TAIL    list :
07-03 11:11:53.264  1356  1412 I SemDvfsHyPerManager: acquire hyper - AMS_ACT_LAZY/1356@14, type = -999
07-03 11:11:53.264   813   832 I mtkpower_client: perf_lock_rel, hdl:21324, tid:832
07-03 11:11:53.265   830   830 I sysinput:Touch: writeInformation:249, OK
07-03 11:11:53.265   817   890 I libPowerHal: [perfLockRel] hdl:21324, idx:1
07-03 11:11:53.265   813   832 I mtkpower_client: perf_lock_acq, hdl:0, dur:0, num:2, tid:832
07-03 11:11:53.265   817   890 I libPowerHal: [setClusterFreq]  set cpu_ctrl cpufreq: -1 -1 -1 -1
07-03 11:11:53.266   813   832 I mtkpower_client: ret_hdl:21326
07-03 11:11:53.266   813   832 I mtkpower_client: perf_lock_rel, hdl:21323, tid:832
07-03 11:11:53.266   817   890 I libPowerHal: [perfLockAcq] idx:1 hdl:21326 hint:-1 pid:813 tid:832 duration:0 lock_user:vendor.samsung. => ret_hdl:21326
07-03 11:11:53.266   817   890 I libPowerHal: [setClusterFreq] vendor.samsung. set cpufreq[0] min:2000000 max:-1 cpufreq[1] min:-1 max:-1
07-03 11:11:53.266   817   890 I libPowerHal: [setClusterFreq]  set cpu_ctrl cpufreq: 2000000 -1 -1 -1
07-03 11:11:53.266  1356  1663 D SysinputHAL_V1_3(V1_2): runTspCmdNoRead(TSP(1)): set_grip_data,1,45,7,24,702 ret=0
07-03 11:11:53.267   813   832 I mtkpower_client: perf_lock_acq, hdl:0, dur:0, num:2, tid:832
07-03 11:11:53.267   817   890 I libPowerHal: [perfLockRel] hdl:21323, idx:0
07-03 11:11:53.267   813   832 I mtkpower_client: ret_hdl:21327
07-03 11:11:53.267   813   832 I mtkpower_client: perf_lock_rel, hdl:21325, tid:832
07-03 11:11:53.267   817   890 I libPowerHal: cmdSetting - unknown cmd:1c3c000, scmd:(null) ,param_1:0
07-03 11:11:53.267   817   890 I libPowerHal: [perfLockAcq] idx:0 hdl:21327 hint:-1 pid:813 tid:832 duration:0 lock_user:vendor.samsung. => ret_hdl:21327
07-03 11:11:53.268   813   832 I mtkpower_client: perf_lock_acq, hdl:0, dur:0, num:2, tid:832
07-03 11:11:53.268   817   890 I libPowerHal: [perfLockRel] hdl:21325, idx:2
07-03 11:11:53.269   817   890 I libPowerHal: [PD] vendor.samsung. update cmd:1000000 param:-1
07-03 11:11:53.269   813   832 I mtkpower_client: ret_hdl:21328
07-03 11:11:53.269   813   832 I mtkpower_client: perf_lock_rel, hdl:21322, tid:832
07-03 11:11:53.270   817   890 I libPowerHal: [perfLockAcq] idx:2 hdl:21328 hint:-1 pid:813 tid:832 duration:0 lock_user:vendor.samsung. => ret_hdl:21328
07-03 11:11:53.270   817   890 I libPowerHal: [setDvfsrcDevFreqOpp] opp:0, freq:4266000000
07-03 11:11:53.270  1356  1398 I SemDvfsHyPerManager: acquire hyper - AMS_APP_HOME/1356@32, type = -999
07-03 11:11:53.270   817   890 I libPowerHal: [PE] vendor.samsung. update cmd:1000000 param:0
07-03 11:11:53.271   817   890 I libPowerHal: [perfLockRel] hdl:21322, idx:4
07-03 11:11:53.271   817   890 I libPowerHal: [PD] vendor.samsung. update cmd:300c000 param:0
07-03 11:11:53.273   813   832 I mtkpower_client: perf_lock_acq, hdl:0, dur:0, num:2, tid:832
07-03 11:11:53.273   817   890 I libPowerHal: [perfLockAcq] idx:3 hdl:21329 hint:-1 pid:813 tid:832 duration:0 lock_user:vendor.samsung. => ret_hdl:21329
07-03 11:11:53.273   813   832 I mtkpower_client: ret_hdl:21329
07-03 11:11:53.273   817   890 I libPowerHal: [PE] vendor.samsung. update cmd:300c000, param:15
07-03 11:11:53.274   813   832 I mtkpower_client: perf_lock_rel, hdl:21327, tid:832
07-03 11:11:53.273  4724  4724 I SemDvfsHyPerManager: acquire hyper - APP_START_HOME/4724@15, type = -999
07-03 11:11:53.274 15004 15004 I ViewRootImpl@45113d6[LauncherActivity]: handleAppVisibility mAppVisible = false visible = true
07-03 11:11:53.275   813   832 I mtkpower_client: perf_lock_acq, hdl:0, dur:0, num:2, tid:832
07-03 11:11:53.275   817   890 I libPowerHal: [perfLockRel] hdl:21327, idx:0
07-03 11:11:53.276   813   832 I mtkpower_client: ret_hdl:21330
07-03 11:11:53.276 15004 15004 I ViewRootImpl@45113d6[LauncherActivity]: stopped(false) old = true
07-03 11:11:53.276   813   832 I mtkpower_client: perf_lock_rel, hdl:21326, tid:832
07-03 11:11:53.277   817   890 I libPowerHal: cmdSetting - unknown cmd:1c3c000, scmd:(null) ,param_1:0
07-03 11:11:53.277   817   890 I libPowerHal: [perfLockAcq] idx:0 hdl:21330 hint:-1 pid:813 tid:832 duration:0 lock_user:vendor.samsung. => ret_hdl:21330
07-03 11:11:53.277   813   832 I mtkpower_client: perf_lock_acq, hdl:0, dur:0, num:2, tid:832
07-03 11:11:53.278   817   890 I libPowerHal: [perfLockRel] hdl:21326, idx:1
07-03 11:11:53.278   817   890 I libPowerHal: [setClusterFreq]  set cpu_ctrl cpufreq: -1 -1 -1 -1
07-03 11:11:53.279   857   857 I Layer   : id=19618 removeFromCurrentState DimTransitionLayer for Surface(name=Task=261)/@0x59d05b9#19618 (134)
07-03 11:11:53.279 15004 15004 I HoneySpace.Launcher: !@Boot_EBS_D: Launcher.onStart()
07-03 11:11:53.279   813   832 I mtkpower_client: ret_hdl:21331
07-03 11:11:53.279   817   890 I libPowerHal: [perfLockAcq] idx:4 hdl:21331 hint:-1 pid:813 tid:832 duration:0 lock_user:vendor.samsung. => ret_hdl:21331
07-03 11:11:53.279   813   832 I mtkpower_client: perf_lock_rel, hdl:21328, tid:832
07-03 11:11:53.279   817   890 I libPowerHal: [setClusterFreq] vendor.samsung. set cpufreq[0] min:2000000 max:-1 cpufreq[1] min:-1 max:-1
07-03 11:11:53.279   817   890 I libPowerHal: [setClusterFreq]  set cpu_ctrl cpufreq: 2000000 -1 -1 -1
07-03 11:11:53.280   817   890 I libPowerHal: [perfLockRel] hdl:21328, idx:2
07-03 11:11:53.280   813   832 I mtkpower_client: perf_lock_acq, hdl:0, dur:0, num:2, tid:832
07-03 11:11:53.281   817   890 I libPowerHal: [PD] vendor.samsung. update cmd:1000000 param:-1
07-03 11:11:53.281   857   857 D SurfaceFlinger: Display 4627039422300187648 HWC layers:
07-03 11:11:53.281   857   857 D SurfaceFlinger:      DEVICE | 0xb40000750bd94ac0 | 0102 | RGBA_8888    |    0.0    0.0 1080.0   72.0 |    0 2268 1080 2340 | bbq-wrapper#19617
07-03 11:11:53.281   857   857 D SurfaceFlinger:      DEVICE | 0xb40000750a5ff200 | 0102 | RGBA_8888    |    0.0   72.0 1080.0 2340.0 |    0    0 1080 2268 | com.example.cupcake/androidx.activity.ComponentActivity$_16912#19599
07-03 11:11:53.281   857   857 D SurfaceFlinger:      DEVICE | 0xb40000750bd945c0 | 0102 | RGBA_8888    |    0.0  432.0 1080.0  438.0 |    0    0 1080    6 | bbq-wrapper#19621
07-03 11:11:53.281   857   857 D SurfaceFlinger:      DEVICE | 0xb40000750bd95100 | 0100 | RGBA_8888    |    0.0    0.0 1080.0 2334.0 |    0    6 1080 2340 | Splash Screen com.example.cupcake.test$_3137#19609
07-03 11:11:53.281   857   857 D SurfaceFlinger:      DEVICE | 0xb400007509a4f900 | 0100 | RGBA_8888    |    0.0    0.0 1080.0   80.0 |    0    0 1080   80 | StatusBar$_3137#78
07-03 11:11:53.281   857   857 D SurfaceFlinger:      DEVICE | 0xb40000750bd93440 | 0100 | RGBA_8888    |    0.0    0.0 1080.0  135.0 |    0 2205 1080 2340 | NavigationBar0$_3137#77
07-03 11:11:53.281   857   857 D SurfaceFlinger:
07-03 11:11:53.282   813   832 I mtkpower_client: ret_hdl:21332
07-03 11:11:53.282   817   890 I libPowerHal: [perfLockAcq] idx:1 hdl:21332 hint:-1 pid:813 tid:832 duration:0 lock_user:vendor.samsung. => ret_hdl:21332
07-03 11:11:53.282   817   890 I libPowerHal: [setDvfsrcDevFreqOpp] opp:0, freq:4266000000
07-03 11:11:53.282   813   832 I HYPER-HAL: [RequestManager.cpp]releaseLocked(): Released ID : 936408
07-03 11:11:53.282   817   890 I libPowerHal: [PE] vendor.samsung. update cmd:1000000 param:0
07-03 11:11:53.282   813   832 I HYPER-HAL: [RequestManager.cpp]acquire(): Acquired ID : 963998  [1356 / 32]    HINT : AMS_APP_HOME    list :
07-03 11:11:53.282   813   832 I mtkpower_client: perf_lock_rel, hdl:21330, tid:832
07-03 11:11:53.283   813   832 I mtkpower_client: perf_lock_acq, hdl:0, dur:0, num:2, tid:832
07-03 11:11:53.283   817   890 I libPowerHal: [perfLockRel] hdl:21330, idx:0
07-03 11:11:53.283   817   890 I libPowerHal: cmdSetting - unknown cmd:1c3c000, scmd:(null) ,param_1:0
07-03 11:11:53.283   817   890 I libPowerHal: [perfLockAcq] idx:0 hdl:21333 hint:-1 pid:813 tid:832 duration:0 lock_user:vendor.samsung. => ret_hdl:21333
07-03 11:11:53.283   813   832 I mtkpower_client: ret_hdl:21333
07-03 11:11:53.283   813   832 I mtkpower_client: perf_lock_rel, hdl:21331, tid:832
07-03 11:11:53.284   813   832 I mtkpower_client: perf_lock_acq, hdl:0, dur:0, num:2, tid:832
07-03 11:11:53.284   817   890 I libPowerHal: [perfLockRel] hdl:21331, idx:4
07-03 11:11:53.284   817   890 I libPowerHal: [setClusterFreq]  set cpu_ctrl cpufreq: -1 -1 -1 -1
07-03 11:11:53.284   813   832 I mtkpower_client: ret_hdl:21334
07-03 11:11:53.285   817   890 I libPowerHal: [perfLockAcq] idx:2 hdl:21334 hint:-1 pid:813 tid:832 duration:0 lock_user:vendor.samsung. => ret_hdl:21334
07-03 11:11:53.285   817   890 I libPowerHal: [setClusterFreq] vendor.samsung. set cpufreq[0] min:2000000 max:-1 cpufreq[1] min:-1 max:-1
07-03 11:11:53.285   817   890 I libPowerHal: [setClusterFreq]  set cpu_ctrl cpufreq: 2000000 -1 -1 -1
07-03 11:11:53.285   813   832 I HYPER-HAL: [RequestManager.cpp]acquire(): Acquired ID : 11231445  [4724 / 15]    HINT : APP_START    list : [KERNEL_APP_START_NOTIFY / 0] [TIMEOUT / 1500]
07-03 11:11:53.286 15004 15004 I HoneySpace.Launcher: !@Boot_EBS_D: Launcher.onResume()
07-03 11:11:53.287 15004 15004 I HoneySpace.Launcher: updateLauncherShowing false -> true
07-03 11:11:53.288 13615 13615 I A       : onStart
07-03 11:11:53.289 15004 16788 I HoneySpace.PredictionDataSourceImpl: requestPredictionUpdate 0 true
07-03 11:11:53.290 15004 15004 I HoneySpace.ScreenOffTimeout: RETURN setScreenOffDimDuration - com.android.internal.policy.PhoneWindow@1c42d4d, {(0,0)(fillxfill) sim={adjust=nothing} layoutInDisplayCutoutMode=shortEdges ty=BASE_APPLICATION fmt=TRANSPARENT wanim=0x10302f2
07-03 11:11:53.290 15004 15004 I HoneySpace.ScreenOffTimeout:   fl=81910100
07-03 11:11:53.290 15004 15004 I HoneySpace.ScreenOffTimeout:   pfl=10008040
07-03 11:11:53.290 15004 15004 I HoneySpace.ScreenOffTimeout:   bhv=DEFAULT
07-03 11:11:53.290 15004 15004 I HoneySpace.ScreenOffTimeout:   fitSides= screenDimDuration=200000 naviIconColor=0}, 200000
07-03 11:11:53.292 15004 16788 I HoneySpace.PredictionDataSourceImpl: requestPredictionUpdate 1 true
07-03 11:11:53.292 15004 15004 I HoneySpace.ShellTransitionManager: myHomeResumed
07-03 11:11:53.292 15004 15004 I HoneySpace.BackgroundManagerImpl: cachedBlurView: resume(com.sec.android.app.launcher.Launcher@71834e4, 119026916)
07-03 11:11:53.293 15004 15004 I HoneySpace.BackgroundManagerImpl: capturedBlurView: resume(com.sec.android.app.launcher.Launcher@71834e4, 119026916)
07-03 11:11:53.294  1356  1398 I AppWidgetServiceImpl: startListening callbacks : com.android.internal.appwidget.IAppWidgetHost$Stub$Proxy@70b4275
07-03 11:11:53.295 15004 15004 I SearchHoneyPot: onViewCreated: onResume
07-03 11:11:53.295 15004 11800 I HoneySpace.SPayHandler: same state show=false currentDefaultPage=false
07-03 11:11:53.295 15004 16788 I HoneySpace.HoneyHomePreview: 142079300 destroyHoney destroyed=true homeHoney=null previewLifecycleObserver=null
07-03 11:11:53.296 15004 15004 I HoneySpace.CachedBlurView: setBackground: context > com.sec.android.app.launcher.Launcher@71834e4[119026916
07-03 11:11:53.296 15004 15004 I HoneySpace.CachedBlurView: background bitmap: 72 x 156
07-03 11:11:53.296  1356  1409 D PkgPredictorService-SecIpmManagerServiceImpl: onForegroundActivitiesChanged pid:15004 uid:10136
07-03 11:11:53.296 13615 13615 I A       : onResume
07-03 11:11:53.296  1356  1399 V WindowManager: Relayout Window{fe740ee u0 com.sec.android.app.launcher/com.sec.android.app.launcher.activities.LauncherActivity}: viewVisibility=0 req=1080x2340 ty=1 d0
07-03 11:11:53.297   857  4013 E BufferQueueDebug: [com.sec.android.app.launcher/com.sec.android.app.launcher.activities.LauncherActivity$_15004#19624](this:0xb400007509cf0ba0,id:-1,api:0,p:-1,c:-1) id info cannot be read from 'com.sec.android.app.launcher/com.sec.android.app.launcher.activities.LauncherActivity$_15004#19624'
07-03 11:11:53.297   857  4013 I BufferQueueDebug: [com.sec.android.app.launcher/com.sec.android.app.launcher.activities.LauncherActivity$_15004#19624](this:0xb400007509cf0ba0,id:-1,api:0,p:-1,c:-1) BufferQueue core=(857:/system/bin/surfaceflinger)
07-03 11:11:53.297   857  4013 I SurfaceFlinger: id=19624 createSurf, flag=44004, com.sec.android.app.launcher/com.sec.android.app.launcher.activities.LauncherActivity$_15004#19624
07-03 11:11:53.297  1356  4213 V PkgPredictorService-SecIpmManagerServiceImpl: discard foreground app:com.sec.android.app.launcher 1|true
07-03 11:11:53.299 21336 21403 D KnoxHelper: getActivityList callingUserId: 0, target user: 0
07-03 11:11:53.300   857  4013 E BufferQueueDebug: [Surface(name=d2c87ac NavigationBar0)/@0xf0a339d - animation-leash of insets_animation#19625](this:0xb400007509cf3ba0,id:-1,api:0,p:-1,c:-1) id info cannot be read from 'Surface(name=d2c87ac NavigationBar0)/@0xf0a339d - animation-leash of insets_animation#19625'
07-03 11:11:53.300   857  4013 I BufferQueueDebug: [Surface(name=d2c87ac NavigationBar0)/@0xf0a339d - animation-leash of insets_animation#19625](this:0xb400007509cf3ba0,id:-1,api:0,p:-1,c:-1) BufferQueue core=(857:/system/bin/surfaceflinger)
07-03 11:11:53.300   857  4013 I SurfaceFlinger: id=19625 createSurf, flag=24000, Surface(name=d2c87ac NavigationBar0)/@0xf0a339d - animation-leash of insets_animation#19625
07-03 11:11:53.302   857  4013 E BufferQueueDebug: [Surface(name=1ccd1d6 StatusBar)/@0x71b53a4 - animation-leash of insets_animation#19626](this:0xb400007509bdbba0,id:-1,api:0,p:-1,c:-1) id info cannot be read from 'Surface(name=1ccd1d6 StatusBar)/@0x71b53a4 - animation-leash of insets_animation#19626'
07-03 11:11:53.302   857  4013 I BufferQueueDebug: [Surface(name=1ccd1d6 StatusBar)/@0x71b53a4 - animation-leash of insets_animation#19626](this:0xb400007509bdbba0,id:-1,api:0,p:-1,c:-1) BufferQueue core=(857:/system/bin/surfaceflinger)
07-03 11:11:53.303   857  4013 I SurfaceFlinger: id=19626 createSurf, flag=24000, Surface(name=1ccd1d6 StatusBar)/@0x71b53a4 - animation-leash of insets_animation#19626
07-03 11:11:53.305  1356  1399 V WindowManager: Relayout hash=fe740ee, pid=15004, syncId=-1: mAttrs={(0,0)(fillxfill) sim={adjust=nothing forwardNavigation} layoutInDisplayCutoutMode=shortEdges ty=BASE_APPLICATION fmt=TRANSPARENT wanim=0x10302f2
07-03 11:11:53.305  1356  1399 V WindowManager:   fl=81910100
07-03 11:11:53.305  1356  1399 V WindowManager:   pfl=1e008040
07-03 11:11:53.305  1356  1399 V WindowManager:   bhv=SHOW_TRANSIENT_BARS_BY_SWIPE
07-03 11:11:53.305  1356  1399 V WindowManager:   fitSides= screenDimDuration=200000 naviIconColor=0}
07-03 11:11:53.306 15004 15004 I BLASTBufferQueue_Java: new BLASTBufferQueue, mName= ViewRootImpl@45113d6[LauncherActivity] mNativeObject= 0xb40000780dc7a000 sc.mNativeObject= 0xb40000780dd7fd00 caller= android.view.ViewRootImpl.updateBlastSurfaceIfNeeded:3015 android.view.ViewRootImpl.relayoutWindow:10048 android.view.ViewRootImpl.performTraversals:4092 android.view.ViewRootImpl.doTraversal:3275 android.view.ViewRootImpl$TraversalRunnable.run:11256 android.view.Choreographer$CallbackRecord.run:1650 android.view.Choreographer$CallbackRecord.run:1659 android.view.Choreographer.doCallbacks:1129 android.view.Choreographer.doFrame:1055 android.view.Choreographer$FrameDisplayEventReceiver.run:1622
07-03 11:11:53.306 15004 15004 I BLASTBufferQueue_Java: update, w= 1080 h= 2340 mName = ViewRootImpl@45113d6[LauncherActivity] mNativeObject= 0xb40000780dc7a000 sc.mNativeObject= 0xb40000780dd7fd00 format= -2 caller= android.graphics.BLASTBufferQueue.<init>:89 android.view.ViewRootImpl.updateBlastSurfaceIfNeeded:3015 android.view.ViewRootImpl.relayoutWindow:10048 android.view.ViewRootImpl.performTraversals:4092 android.view.ViewRootImpl.doTraversal:3275 android.view.ViewRootImpl$TraversalRunnable.run:11256
07-03 11:11:53.306 15004 15004 I ViewRootImpl@45113d6[LauncherActivity]: Relayout returned: old=(0,0,1080,2340) new=(0,0,1080,2340) relayoutAsync=false req=(1080,2340)0 dur=9 res=0x403 s={true 0xb40000780e03b800} ch=true seqId=0
07-03 11:11:53.315  1356  1412 D SurfaceComposerClient: Transaction::apply InputWindowCommands.focusRequests timestamp=184101673412049, windowName=fe740ee com.sec.android.app.launcher/com.sec.android.app.launcher.activities.LauncherActivity
07-03 11:11:53.316  3137  3137 D SamsungStatusBarGrayIconHelper: isGrayAppearance=false
07-03 11:11:53.316  3137  3137 D SamsungLightBarControlHelper: onStatusBarAppearanceChanged() -  sbModeChanged:false, statusBarMode:0, barState:MODE_TRANSPARENT, isKeyguardShowing:false, navbarColorManagedByIme:false, stackAppearanceChanged:true, (), packageName:com.sec.android.app.launcher
07-03 11:11:53.316  3137  3137 D NavigationBar: onSystemBarAttributesChanged() -  displayId:0, appearance:0, packageName: com.sec.android.app.launcher, navbarColorManagedByIme:false
07-03 11:11:53.316  3137  3137 D SamsungLightBarControlHelper: updateNavigationBar (WHITE button) isLightOpaque:false, hasLightNavigationBarFlag:false, packageName:com.sec.android.app.launcher, DirectReplying:false, NavBarColorMangedByIme:false, ForceDarkForScrim:false, QsCustomizing:false, PanelHasWhiteBg:false
07-03 11:11:53.317  3137  3137 D SysUiState: SysUiState changed: old=0x10020030 new=0x10000030
07-03 11:11:53.317  3137  3137 D SamsungLightBarControlHelper: updateStatusBar (WHITE icon) numStacks:0, StatusBarMode:MODE_TRANSPARENT, lightBarBounds:[], StatusBarState:SHADE, packageName:com.sec.android.app.launcher, isWhiteKeyguardStatusBar:false
07-03 11:11:53.318 15004 13865 I HoneySpace.SystemUiRepository: systemUiFlags: a11y_click|a11y_long_click|awake
07-03 11:11:53.321  1356  1356 D PocketProximityManager: setStateOut()
07-03 11:11:53.321  1356  3079 W SemWifiTransportLayerUtils: getApplicationCategory - IOException com.example.cupcake.test
07-03 11:11:53.321  1356  3079 W System.err: java.io.FileNotFoundException: https://play.google.com/store/apps/details?id=com.example.cupcake.test&hl=en
07-03 11:11:53.322  1356  3079 W System.err: 	at com.android.okhttp.internal.huc.HttpURLConnectionImpl.getInputStream(HttpURLConnectionImpl.java:255)
07-03 11:11:53.322  1356  3079 W System.err: 	at com.android.okhttp.internal.huc.DelegatingHttpsURLConnection.getInputStream(DelegatingHttpsURLConnection.java:211)
07-03 11:11:53.322  1356  3079 W System.err: 	at com.android.okhttp.internal.huc.HttpsURLConnectionImpl.getInputStream(HttpsURLConnectionImpl.java:30)
07-03 11:11:53.322  1356  3079 W System.err: 	at com.samsung.android.server.wifi.tcp.SemWifiTransportLayerUtils.getApplicationCategory(SemWifiTransportLayerUtils.java:105)
07-03 11:11:53.322  1356  3079 W System.err: 	at com.samsung.android.server.wifi.tcp.SemWifiTransportLayerMonitor$TcpMonitorHandler.handleMessage(SemWifiTransportLayerMonitor.java:499)
07-03 11:11:53.322  1356  3079 W System.err: 	at android.os.Handler.dispatchMessage(Handler.java:106)
07-03 11:11:53.322  1356  3079 W System.err: 	at android.os.Looper.loopOnce(Looper.java:230)
07-03 11:11:53.322  1356  3079 W System.err: 	at android.os.Looper.loop(Looper.java:319)
07-03 11:11:53.322  1356  3079 W System.err: 	at android.os.HandlerThread.run(HandlerThread.java:67)
07-03 11:11:53.323  1356  3079 D SemWifiTransportLayerMonitor.TcpMonitorHandler: MSG_SAVE_PACKAGE_INFO
07-03 11:11:53.323  1356  3079 D SemWifiTransportLayerFileManager: saveWifiPackageInfoToFile
07-03 11:11:53.323  1356  3079 D SemWifiTransportLayerFileManager: writeWifiPackageInfoList
07-03 11:11:53.323   857   857 I Layer   : id=19612 removeFromCurrentState Surface(name=d2c87ac NavigationBar0)/@0xf0a339d - animation-leash of insets_animation#19612 (137)
07-03 11:11:53.323   857   857 I Layer   : id=19613 removeFromCurrentState Surface(name=1ccd1d6 StatusBar)/@0x71b53a4 - animation-leash of insets_animation#19613 (137)
07-03 11:11:53.323   857   857 I SurfaceFlinger: [fe740ee com.sec.android.app.launcher/com.sec.android.app.launcher.activities.LauncherActivity#1663] FrameRatePriority: 1
07-03 11:11:53.323   857   857 D SurfaceFlinger: Focus addInputWindowCommands timestamp=184101673412049, windowName=fe740ee com.sec.android.app.launcher/com.sec.android.app.launcher.activities.LauncherActivity
07-03 11:11:53.324   857   857 I SurfaceFlinger: id=19613 Removed Surface(name=1ccd1d6 StatusBar)/@0x71b53a4 - animation-leash of insets_animation#19613 (137)
07-03 11:11:53.324   857   857 I SurfaceFlinger: id=19612 Removed Surface(name=d2c87ac NavigationBar0)/@0xf0a339d - animation-leash of insets_animation#19612 (137)
07-03 11:11:53.324   857   857 D SurfaceFlinger: Find Focus windowName=fe740ee com.sec.android.app.launcher/com.sec.android.app.launcher.activities.LauncherActivity, notVisible=1
07-03 11:11:53.324   857   857 D Layer   : Focus: Task=20#1659 isHiddenByPolicy s.flags&layer_state_t::eLayerHidden=1
07-03 11:11:53.324   857   857 D Layer   : Focus: isHiddenByPolicy parent Task=20#1659 is hidden cause not visible
07-03 11:11:53.324   857   857 D SurfaceFlinger: Focus inVisible Reason:isVisibleForInput(){hasInputInfo()?canReceiveInput():isVisible()}=0 has=1 can{!isHiddenByPolicy()&&(mBuffer==nullptr||getAlpha()>0.0f)}=0 Hidden=1 Buf=1 getA=1
07-03 11:11:53.324   857  1214 D SurfaceFlinger: updateWinowInfo=1, setFocusedWindow timestamp=184101673412049, windowName=fe740ee com.sec.android.app.launcher/com.sec.android.app.launcher.activities.LauncherActivity
07-03 11:11:53.325  1356  1399 D InputDispatcher: Focus request (0): fe740ee com.sec.android.app.launcher/com.sec.android.app.launcher.activities.LauncherActivity but waiting because NO_WINDOW
07-03 11:11:53.327 15004 16851 I HoneySpace.PredictionDataSourceImpl: TYPE_SUGGESTED_APPS updated: 9
07-03 11:11:53.330 15004 16854 I HoneySpace.PredictionDataSourceImpl: TYPE_RECOMMENDED_WIDGETS updated: 28
07-03 11:11:53.334   857   857 I BufferQueueDebug: [Surface(name=d2c87ac NavigationBar0)/@0xf0a339d - animation-leash of insets_animation#19612](this:0xb400007509c40ba0,id:-1,api:0,p:-1,c:857) onDestructor()
07-03 11:11:53.334   857   857 I Layer   : id=19612 Destroyed Surface(name=d2c87ac NavigationBar0)/@0xf0a339d - animation-leash of insets_animation#19612
07-03 11:11:53.334   857   857 I BufferQueueDebug: [Surface(name=1ccd1d6 StatusBar)/@0x71b53a4 - animation-leash of insets_animation#19613](this:0xb400007509c68ba0,id:-1,api:0,p:-1,c:857) onDestructor()
07-03 11:11:53.334   857   857 I Layer   : id=19613 Destroyed Surface(name=1ccd1d6 StatusBar)/@0x71b53a4 - animation-leash of insets_animation#19613
07-03 11:11:53.341 15004 15004 I HoneySpace.CachedBlurView: context > com.sec.android.app.launcher.Launcher@71834e4 ,  alpha = 0
07-03 11:11:53.352 15004 15221 I ViewRootImpl@45113d6[LauncherActivity]: mWNT: t=0xb40000780dd81800 mBlastBufferQueue=0xb40000780dc7a000 fn= 1 caller= android.view.ViewRootImpl$8.onFrameDraw:13673 android.view.ThreadedRenderer$1.onFrameDraw:788 <bottom of call stack>
07-03 11:11:53.359   857   857 D SurfaceFlinger: Display 4627039422300187648 HWC layers:
07-03 11:11:53.359   857   857 D SurfaceFlinger:      DEVICE | 0xb40000750bd94ac0 | 0102 | RGBA_8888    |    0.0    0.0 1080.0   73.0 |    0 2267 1080 2340 | bbq-wrapper#19617
07-03 11:11:53.359   857   857 D SurfaceFlinger:      DEVICE | 0xb40000750a5ff200 | 0102 | RGBA_8888    |    0.0   73.0 1080.0 2340.0 |    0    0 1080 2267 | com.example.cupcake/androidx.activity.ComponentActivity$_16912#19599
07-03 11:11:53.359   857   857 D SurfaceFlinger:      DEVICE | 0xb40000750bd95100 | 0100 | RGBA_8888    |    0.0    0.0 1080.0 2340.0 |    0    0 1080 2340 | Splash Screen com.example.cupcake.test$_3137#19609
07-03 11:11:53.359   857   857 D SurfaceFlinger:      DEVICE | 0xb400007509a4f900 | 0100 | RGBA_8888    |    0.0    0.0 1080.0   80.0 |    0    0 1080   80 | StatusBar$_3137#78
07-03 11:11:53.359   857   857 D SurfaceFlinger:      DEVICE | 0xb40000750bd93440 | 0100 | RGBA_8888    |    0.0    0.0 1080.0  135.0 |    0 2205 1080 2340 | NavigationBar0$_3137#77
07-03 11:11:53.359   857   857 D SurfaceFlinger:
07-03 11:11:53.362 15004 15004 I ViewRootImpl@45113d6[LauncherActivity]: registerCallbackForPendingTransactions
07-03 11:11:53.362 15004 15004 I InsetsSourceConsumer: applyRequestedVisibilityToControl: visible=true, type=navigationBars, host=com.sec.android.app.launcher/com.sec.android.app.launcher.activities.LauncherActivity
07-03 11:11:53.363  3137  3201 I SurfaceControl: apply is called, name=FinishTransaction_SyncId<1602>, caller=android.view.SurfaceControl$Transaction.apply:2921 com.android.wm.shell.transition.Transitions.onFinish:155 com.android.wm.shell.transition.Transitions$$ExternalSyntheticLambda6.onTransitionFinished:15 com.android.wm.shell.transition.DefaultTransitionHandler$$ExternalSyntheticLambda5.run:125 com.android.wm.shell.transition.DefaultTransitionHandler$$ExternalSyntheticLambda3.run:52 android.os.Handler.handleCallback:958
07-03 11:11:53.363 15004 15004 I InsetsSourceConsumer: applyRequestedVisibilityToControl: visible=true, type=statusBars, host=com.sec.android.app.launcher/com.sec.android.app.launcher.activities.LauncherActivity
07-03 11:11:53.363  3137  3201 D BLASTBufferQueue: [bbq-adapter#1275](f:0,a:1) destructor()
07-03 11:11:53.363  3137  3201 D BufferQueueConsumer: [bbq-adapter#1275(BLAST Consumer)1275](id:c41000004fc,api:0,p:-1,c:3137) disconnect
07-03 11:11:53.364   857  3104 I SurfaceFlinger: id=19621 Removed bbq-wrapper#19621 (135)
07-03 11:11:53.364  3137  3201 D BLASTBufferQueue: [bbq-adapter#1274](f:0,a:1) destructor()
07-03 11:11:53.364  3137  3201 D BufferQueueConsumer: [bbq-adapter#1274(BLAST Consumer)1274](id:c41000004fb,api:0,p:-1,c:3137) disconnect
07-03 11:11:53.364   857  3104 I SurfaceFlinger: id=19617 Removed bbq-wrapper#19617 (135)
07-03 11:11:53.365  3137  6952 D WallpaperService: dispatchAppVisibility onVisibilityChanged(): true
07-03 11:11:53.365  3137  3267 D WallpaperService: updateSurface forceRelayout=false forceReport=false redrawNeeded=false myWidth=2340 myHeight=2340 fixedSize=true x = 0 y = 0 mWidth=2340 mHeight=2340
07-03 11:11:53.365  3137  3267 I ImageWallpaper[CanvasEngine]:  onVisibilityChanged true , 0
07-03 11:11:53.365  3137  3267 D WallpaperService: reportVisibility onVisibilityChanged visible: true
07-03 11:11:53.366 15004 15109 I HoneySpace.TaskbarEventTracker: invokeEvent() called with: event = SystemUiStateChanged(stateFlags=268435504)
07-03 11:11:53.368   857  4013 E BufferQueueDebug: [Transition Root: Task=20#19627](this:0xb400007509c03ba0,id:-1,api:0,p:-1,c:-1) id info cannot be read from 'Transition Root: Task=20#19627'
07-03 11:11:53.368   857  4013 I BufferQueueDebug: [Transition Root: Task=20#19627](this:0xb400007509c03ba0,id:-1,api:0,p:-1,c:-1) BufferQueue core=(857:/system/bin/surfaceflinger)
07-03 11:11:53.368   857  4013 I SurfaceFlinger: id=19627 createSurf, flag=84004, Transition Root: Task=20#19627
07-03 11:11:53.370  1356  1412 I SurfaceControl: show, t=StartTransaction_SyncId<1603>, sc=Surface(name=ActivityRecord{31fdbe1 u0 com.sec.android.app.launcher/.activities.LauncherActivity t21})/@0x87a1495, caller=com.android.server.wm.Transition.onTransactionReady:1913 com.android.server.wm.BLASTSyncEngine$SyncGroup.finishNow:310 com.android.server.wm.BLASTSyncEngine$SyncGroup.tryFinish:242 com.android.server.wm.BLASTSyncEngine$SyncGroup.-$$Nest$mtryFinish:0 com.android.server.wm.BLASTSyncEngine.onSurfacePlacement:670 com.android.server.wm.RootWindowContainer.performSurfacePlacementNoTrace:981
07-03 11:11:53.370  1356  1412 I SurfaceControl: show, t=StartTransaction_SyncId<1603>, sc=Surface(name=Task=21)/@0xe7e59aa, caller=com.android.server.wm.Transition.onTransactionReady:1930 com.android.server.wm.BLASTSyncEngine$SyncGroup.finishNow:310 com.android.server.wm.BLASTSyncEngine$SyncGroup.tryFinish:242 com.android.server.wm.BLASTSyncEngine$SyncGroup.-$$Nest$mtryFinish:0 com.android.server.wm.BLASTSyncEngine.onSurfacePlacement:670 com.android.server.wm.RootWindowContainer.performSurfacePlacementNoTrace:981
07-03 11:11:53.371   857   857 E BufferQueueDebug: [Screenshot Parent#19628](this:0xb400007509c68ba0,id:-1,api:0,p:-1,c:-1) id info cannot be read from 'Screenshot Parent#19628'
07-03 11:11:53.371   857   857 I BufferQueueDebug: [Screenshot Parent#19628](this:0xb400007509c68ba0,id:-1,api:0,p:-1,c:-1) BufferQueue core=(857:/system/bin/surfaceflinger)
07-03 11:11:53.378   857   857 I BufferQueueDebug: [Screenshot Parent#19628](this:0xb400007509c68ba0,id:-1,api:0,p:-1,c:857) onDestructor()
07-03 11:11:53.378   857   857 I Layer   : id=19628 Destroyed Screenshot Parent#19628
07-03 11:11:53.379   857   857 I Layer   : id=19619 removeFromCurrentState Top Edge Extension#19619 (136)
07-03 11:11:53.379   857   857 I Layer   : id=19621 removeFromCurrentState bbq-wrapper#19621 (136)
07-03 11:11:53.379   857   857 I Layer   : id=19618 removeFromCurrentState DimTransitionLayer for Surface(name=Task=261)/@0x59d05b9#19618 (136)
07-03 11:11:53.379   857   857 I Layer   : id=19615 removeFromCurrentState Bottom Edge Extension#19615 (136)
07-03 11:11:53.379   857   857 I Layer   : id=19617 removeFromCurrentState bbq-wrapper#19617 (136)
07-03 11:11:53.380   857   857 I Layer   : id=19610 removeFromCurrentState Transition Root: Task=261#19610 (136)
07-03 11:11:53.380   857   857 I SurfaceFlinger: id=19615 Removed Bottom Edge Extension#19615 (136)
07-03 11:11:53.380   857   857 I SurfaceFlinger: id=19618 Removed DimTransitionLayer for Surface(name=Task=261)/@0x59d05b9#19618 (136)
07-03 11:11:53.380   857   857 I SurfaceFlinger: id=19619 Removed Top Edge Extension#19619 (136)
07-03 11:11:53.383   857   857 D SurfaceFlinger: Display 4627039422300187648 HWC layers:
07-03 11:11:53.383   857   857 D SurfaceFlinger:      DEVICE | 0xb400007509a30000 | 0100 | RGBA_8888    |  630.0    0.0 1710.0 2340.0 |    0    0 1080 2340 | Wallpaper BBQ wrapper#7209
07-03 11:11:53.383   857   857 D SurfaceFlinger:      DEVICE | 0xb40000750bd95100 | 0100 | RGBA_8888    |    0.0    0.0 1080.0 2340.0 |    0    0 1080 2340 | Splash Screen com.example.cupcake.test$_3137#19609
07-03 11:11:53.383   857   857 D SurfaceFlinger:      DEVICE | 0xb400007509a4f900 | 0100 | RGBA_8888    |    0.0    0.0 1080.0   80.0 |    0    0 1080   80 | StatusBar$_3137#78
07-03 11:11:53.383   857   857 D SurfaceFlinger:      DEVICE | 0xb40000750bd93440 | 0100 | RGBA_8888    |    0.0    0.0 1080.0  135.0 |    0 2205 1080 2340 | NavigationBar0$_3137#77
07-03 11:11:53.383   857   857 D SurfaceFlinger:
07-03 11:11:53.388   817   848 I mtkpower@impl: [setMode] type:5, enabled:0
07-03 11:11:53.390   857   857 I BufferQueueDebug: [Top Edge Extension#19619](this:0xb400007509c9dba0,id:-1,api:0,p:-1,c:857) onDestructor()
07-03 11:11:53.390   857   857 I Layer   : id=19619 Destroyed Top Edge Extension#19619
07-03 11:11:53.390   857   857 I BufferQueueDebug: [bbq-wrapper#19621](this:0xb400007509cd8ba0,id:-1,api:0,p:-1,c:857) onDestructor()
07-03 11:11:53.390   857   857 I Layer   : id=19621 Destroyed bbq-wrapper#19621
07-03 11:11:53.390   857   857 I BufferQueueDebug: [DimTransitionLayer for Surface(name=Task=261)/@0x59d05b9#19618](this:0xb400007509cceba0,id:-1,api:0,p:-1,c:857) onDestructor()
07-03 11:11:53.390   857   857 I Layer   : id=19618 Destroyed DimTransitionLayer for Surface(name=Task=261)/@0x59d05b9#19618
07-03 11:11:53.390   857   857 I BufferQueueDebug: [Bottom Edge Extension#19615](this:0xb4000075117fbba0,id:-1,api:0,p:-1,c:857) onDestructor()
07-03 11:11:53.390   857   857 I Layer   : id=19615 Destroyed Bottom Edge Extension#19615
07-03 11:11:53.390   857   857 I BufferQueueDebug: [bbq-wrapper#19617](this:0xb400007511806ba0,id:-1,api:0,p:-1,c:857) onDestructor()
07-03 11:11:53.390   857   857 I Layer   : id=19617 Destroyed bbq-wrapper#19617
07-03 11:11:53.392  3137  3137 D SamsungLightBarControlHelper: onStatusBarAppearanceChanged() -  sbModeChanged:false, statusBarMode:0, barState:MODE_TRANSPARENT, isKeyguardShowing:false, navbarColorManagedByIme:false, stackAppearanceChanged:true, (AppearanceRegion{ bounds=[0,0][1080,2340]}, ), packageName:com.sec.android.app.launcher
07-03 11:11:53.396 16912 16912 I ViewRootImpl@600936[ComponentActivity]: handleAppVisibility mAppVisible = true visible = false
