07-03 11:11:53.396  3137  3201 I SurfaceControl: hide, t=FinishTransaction_SyncId<1603>, sc=Surface(name=Task=261)/@0x6f1dbe3, caller=com.android.wm.shell.transition.Transitions.dispatchReady:610 com.android.wm.shell.transition.Transitions.onTransitionReady:118 com.android.wm.shell.transition.Transitions$TransitionPlayerImpl$$ExternalSyntheticLambda0.run:13 android.os.Handler.handleCallback:958 android.os.Handler.dispatchMessage:99 android.os.Looper.loopOnce:230
07-03 11:11:53.396  3137  3201 I SurfaceControl: show, t=StartTransaction_SyncId<1603>, sc=Surface(name=Task=20)/@0xfc7c812, caller=com.android.wm.shell.transition.Transitions.dispatchReady:617 com.android.wm.shell.transition.Transitions.onTransitionReady:118 com.android.wm.shell.transition.Transitions$TransitionPlayerImpl$$ExternalSyntheticLambda0.run:13 android.os.Handler.handleCallback:958 android.os.Handler.dispatchMessage:99 android.os.Looper.loopOnce:230
07-03 11:11:53.397  3137  3201 I SurfaceControl: show, t=FinishTransaction_SyncId<1603>, sc=Surface(name=Task=20)/@0xfc7c812, caller=com.android.wm.shell.transition.Transitions.dispatchReady:665 com.android.wm.shell.transition.Transitions.onTransitionReady:118 com.android.wm.shell.transition.Transitions$TransitionPlayerImpl$$ExternalSyntheticLambda0.run:13 android.os.Handler.handleCallback:958 android.os.Handler.dispatchMessage:99 android.os.Looper.loopOnce:230
07-03 11:11:53.397  3137  3201 I SurfaceControl: show, t=StartTransaction_SyncId<1603>, sc=Surface(name=Transition Root: Task=20)/@0x6fbd499, caller=com.android.wm.shell.transition.Transitions.processReadyQueue:266 com.android.wm.shell.transition.Transitions.dispatchReady:685 com.android.wm.shell.transition.Transitions.onTransitionReady:118 com.android.wm.shell.transition.Transitions$TransitionPlayerImpl$$ExternalSyntheticLambda0.run:13 android.os.Handler.handleCallback:958 android.os.Handler.dispatchMessage:99
07-03 11:11:53.401  4724  5033 I SemDvfsHyPerManager: acquire hyper - TABaseBoost/4724@18, type = 1090523139
07-03 11:11:53.401   857   857 I Layer   : id=19610 removeFromCurrentState Transition Root: Task=261#19610 (131)
07-03 11:11:53.401   857   857 I Layer   : Layer [com.example.cupcake/androidx.activity.ComponentActivity$_16912#19599] hidden!! flag(1)
07-03 11:11:53.401   813   832 I HYPER-HAL: [RequestManager.cpp]acquire(): Acquired ID : 11245671  [4724 / 18]    HINT :      list : [TABoost / 0]
07-03 11:11:53.401   857   857 I SurfaceFlinger: id=19610 Removed Transition Root: Task=261#19610 (131)
07-03 11:11:53.402 15004 13865 I HoneySpace.RecentTasks: onRecentTasksChanged
07-03 11:11:53.403  1356  1409 D PkgPredictorService-SecIpmManagerServiceImpl: bg information pid:16912 uid:10366 pkgName:com.example.cupcake
07-03 11:11:53.407   857  3104 E BufferQueueDebug: [Surface(name=Task=20)/@0x143e915_transition-leash#19629](this:0xb4000075117a1ba0,id:-1,api:0,p:-1,c:-1) id info cannot be read from 'Surface(name=Task=20)/@0x143e915_transition-leash#19629'
07-03 11:11:53.407   857  3104 I BufferQueueDebug: [Surface(name=Task=20)/@0x143e915_transition-leash#19629](this:0xb4000075117a1ba0,id:-1,api:0,p:-1,c:-1) BufferQueue core=(857:/system/bin/surfaceflinger)
07-03 11:11:53.407   857  3104 I SurfaceFlinger: id=19629 createSurf, flag=84000, Surface(name=Task=20)/@0x143e915_transition-leash#19629
07-03 11:11:53.410 15004 15756 I SurfaceControl: show, t=StartTransaction_SyncId<1603>, sc=Surface(name=Task=20)/@0x143e915, caller=com.android.wm.shell.util.TransitionUtil.createLeash:127 com.android.wm.shell.util.TransitionUtil.newTarget:2 com.android.wm.shell.util.TransitionUtil.newTarget:1 com.android.systemui.shared.system.RemoteAnimationTargetCompat.wrap:48 com.android.systemui.shared.system.RemoteAnimationTargetCompat.wrapApps:5 com.android.systemui.shared.system.RemoteAnimationRunnerCompat$1.startAnimation:13
07-03 11:11:53.411   857  3104 E BufferQueueDebug: [Surface(name=Task=261)/@0xc37521b_transition-leash#19630](this:0xb400007511722ba0,id:-1,api:0,p:-1,c:-1) id info cannot be read from 'Surface(name=Task=261)/@0xc37521b_transition-leash#19630'
07-03 11:11:53.411   857  3104 I BufferQueueDebug: [Surface(name=Task=261)/@0xc37521b_transition-leash#19630](this:0xb400007511722ba0,id:-1,api:0,p:-1,c:-1) BufferQueue core=(857:/system/bin/surfaceflinger)
07-03 11:11:53.411   857  3104 I SurfaceFlinger: id=19630 createSurf, flag=84000, Surface(name=Task=261)/@0xc37521b_transition-leash#19630
07-03 11:11:53.412 15004 15756 I SurfaceControl: show, t=StartTransaction_SyncId<1603>, sc=Surface(name=Task=261)/@0xc37521b, caller=com.android.wm.shell.util.TransitionUtil.createLeash:127 com.android.wm.shell.util.TransitionUtil.newTarget:2 com.android.wm.shell.util.TransitionUtil.newTarget:1 com.android.systemui.shared.system.RemoteAnimationTargetCompat.wrap:48 com.android.systemui.shared.system.RemoteAnimationTargetCompat.wrapApps:5 com.android.systemui.shared.system.RemoteAnimationRunnerCompat$1.startAnimation:13
07-03 11:11:53.412   857   857 I BufferQueueDebug: [Transition Root: Task=261#19610](this:0xb400007509c35ba0,id:-1,api:0,p:-1,c:857) onDestructor()
07-03 11:11:53.412   857   857 I Layer   : id=19610 Destroyed Transition Root: Task=261#19610
07-03 11:11:53.414  1356  1398 V WindowManager: Relayout Window{c01953d u0 com.example.cupcake/androidx.activity.ComponentActivity}: viewVisibility=8 req=1080x2340 ty=1 d0
07-03 11:11:53.414   857  3104 E BufferQueueDebug: [Surface(name=WallpaperWindowToken{dad2c59 token=android.os.Binder@3d0d8a0})/@0x9070191_transition-leash#19631](this:0xb400007511725ba0,id:-1,api:0,p:-1,c:-1) id info cannot be read from 'Surface(name=WallpaperWindowToken{dad2c59 token=android.os.Binder@3d0d8a0})/@0x9070191_transition-leash#19631'
07-03 11:11:53.414   857  3104 I BufferQueueDebug: [Surface(name=WallpaperWindowToken{dad2c59 token=android.os.Binder@3d0d8a0})/@0x9070191_transition-leash#19631](this:0xb400007511725ba0,id:-1,api:0,p:-1,c:-1) BufferQueue core=(857:/system/bin/surfaceflinger)
07-03 11:11:53.415   857  3104 I SurfaceFlinger: id=19631 createSurf, flag=84000, Surface(name=WallpaperWindowToken{dad2c59 token=android.os.Binder@3d0d8a0})/@0x9070191_transition-leash#19631
07-03 11:11:53.416 15004 15756 I SurfaceControl: show, t=StartTransaction_SyncId<1603>, sc=Surface(name=WallpaperWindowToken{dad2c59 token=android.os.Binder@3d0d8a0})/@0x9070191, caller=com.android.wm.shell.util.TransitionUtil.createLeash:127 com.android.wm.shell.util.TransitionUtil.newTarget:2 com.android.wm.shell.util.TransitionUtil.newTarget:1 com.android.systemui.shared.system.RemoteAnimationTargetCompat.wrap:48 com.android.systemui.shared.system.RemoteAnimationTargetCompat.wrapNonApps:5 com.android.systemui.shared.system.RemoteAnimationRunnerCompat$1.startAnimation:18
07-03 11:11:53.416 15004 15756 I SurfaceControl: show, t=StartTransaction_SyncId<1603>, sc=Surface(name=Surface(name=WallpaperWindowToken{dad2c59 token=android.os.Binder@3d0d8a0})/@0x9070191_transition-leash)/@0x19c08f6, caller=com.android.systemui.shared.system.RemoteAnimationRunnerCompat$1.startAnimation:516 android.window.IRemoteTransition$Stub.onTransact:131 android.os.Binder.execTransactInternal:1380 android.os.Binder.execTransact:1311 <bottom of call stack> <bottom of call stack>
07-03 11:11:53.416  1356  1398 V WindowManager: Relayout hash=c01953d, pid=16912, syncId=-1: mAttrs={(0,0)(fillxfill) sim={adjust=pan forwardNavigation} ty=BASE_APPLICATION wanim=0x1030303
07-03 11:11:53.416  1356  1398 V WindowManager:   fl=81810100
07-03 11:11:53.416  1356  1398 V WindowManager:   pfl=12008040
07-03 11:11:53.416  1356  1398 V WindowManager:   bhv=DEFAULT
07-03 11:11:53.416  1356  1398 V WindowManager:   fitSides= naviIconColor=0}
07-03 11:11:53.416 15004 15756 I SurfaceControl: apply is called, name=StartTransaction_SyncId<1603>, caller=android.view.SurfaceControl$Transaction.apply:2921 com.android.systemui.shared.system.RemoteAnimationRunnerCompat$1.startAnimation:652 android.window.IRemoteTransition$Stub.onTransact:131 android.os.Binder.execTransactInternal:1380 android.os.Binder.execTransact:1311 <bottom of call stack>
07-03 11:11:53.418 15004 15756 I HoneySpace.ShellAnimationRunner: [onAnimationStart] appTarget(0) : taskId-20, mode-0
07-03 11:11:53.418 15004 15756 I HoneySpace.ShellAnimationRunner: [onAnimationStart] appTarget(1) : taskId-261, mode-1
07-03 11:11:53.418 15004 15756 I HoneySpace.ShellAnimationRunner: [onAnimationStart] wallpaperTarget(0) : taskId--1, mode-0
07-03 11:11:53.419 16912 16912 D BLASTBufferQueue: [ViewRootImpl@600936[ComponentActivity]#0](f:0,a:3) destructor()
07-03 11:11:53.419 16912 16912 D BufferQueueConsumer: [ViewRootImpl@600936[ComponentActivity]#0(BLAST Consumer)0](id:421000000000,api:0,p:-1,c:16912) disconnect
07-03 11:11:53.420 15004 15004 I HoneySpace.ShellAnimationRunner: finishExistingAnimation, null
07-03 11:11:53.421 16912 16912 I ViewRootImpl@600936[ComponentActivity]: Relayout returned: old=(0,0,1080,2340) new=(0,0,1080,2340) relayoutAsync=false req=(1080,2340)8 dur=6 res=0x402 s={false 0x0} ch=true seqId=0
07-03 11:11:53.424   857   857 I Layer   : Layer [com.example.cupcake.test/androidx.test.core.app.InstrumentationActivityInvoker$EmptyActivity$_16994#19623] hidden!! flag(0)
07-03 11:11:53.424   857   857 I Layer   : Layer [com.sec.android.app.launcher/com.sec.android.app.launcher.activities.LauncherActivity$_15004#19624] hidden!! flag(0)
07-03 11:11:53.425  1356  1399 D InputDispatcher: Focus entered window (0): fe740ee com.sec.android.app.launcher/com.sec.android.app.launcher.activities.LauncherActivity
07-03 11:11:53.426   857  4013 E BufferQueueDebug: [Surface(name=53a9180 com.example.cupcake.test/androidx.test.core.app.InstrumentationActivityInvoker$EmptyActivity)/@0x4996d29 - animation-leash of starting_reveal#19632](this:0xb400007509ca0ba0,id:-1,api:0,p:-1,c:-1) id info cannot be read from 'Surface(name=53a9180 com.example.cupcake.test/androidx.test.core.app.InstrumentationActivityInvoker$EmptyActivity)/@0x4996d29 - animation-leash of starting_reveal#19632'
07-03 11:11:53.426   857  4013 I BufferQueueDebug: [Surface(name=53a9180 com.example.cupcake.test/androidx.test.core.app.InstrumentationActivityInvoker$EmptyActivity)/@0x4996d29 - animation-leash of starting_reveal#19632](this:0xb400007509ca0ba0,id:-1,api:0,p:-1,c:-1) BufferQueue core=(857:/system/bin/surfaceflinger)
07-03 11:11:53.426   857  4013 I SurfaceFlinger: id=19632 createSurf, flag=24000, Surface(name=53a9180 com.example.cupcake.test/androidx.test.core.app.InstrumentationActivityInvoker$EmptyActivity)/@0x4996d29 - animation-leash of starting_reveal#19632
07-03 11:11:53.426 15004 15004 I HoneySpace.AppCloseAnimationDelegate: getCurrentShellAnimator : useSpringAnim-false, target-null
07-03 11:11:53.426 15004 15004 I HoneySpace.AppCloseAnimationDelegate: getFallbackClosingWindowAnimators
07-03 11:11:53.427   857   857 D SurfaceFlinger: Display 4627039422300187648 HWC layers:
07-03 11:11:53.427   857   857 D SurfaceFlinger:      DEVICE | 0xb400007509af8c00 | 0102 | RGBA_8888    |    0.0    0.0 1080.0 2340.0 |    0    0 1080 2340 | com.example.cupcake.test/androidx.te[...]tyInvoker$EmptyActivity$_16994#19623
07-03 11:11:53.427   857   857 D SurfaceFlinger:      DEVICE | 0xb40000750bd95100 | 0100 | RGBA_8888    |    0.0    0.0 1080.0 2340.0 |    0    0 1080 2340 | Splash Screen com.example.cupcake.test$_3137#19609
07-03 11:11:53.427   857   857 D SurfaceFlinger:      DEVICE | 0xb40000750a40bd80 | 0100 | RGBA_8888    |    0.0    0.0 1080.0   80.0 |    0    0 1080   80 | StatusBar$_3137#78
07-03 11:11:53.427   857   857 D SurfaceFlinger:      DEVICE | 0xb40000751173c640 | 0100 | RGBA_8888    |    0.0    0.0 1080.0  135.0 |    0 2205 1080 2340 | NavigationBar0$_3137#77
07-03 11:11:53.427   857   857 D SurfaceFlinger:
07-03 11:11:53.428 16912 16912 I ViewRootImpl@600936[ComponentActivity]: stopped(true) old = false
07-03 11:11:53.428 16912 16912 D ViewRootImpl@600936[ComponentActivity]: WindowStopped on com.example.cupcake/androidx.activity.ComponentActivity set to true
07-03 11:11:53.429 16912 16912 D LifecycleMonitor: Lifecycle status change: androidx.activity.ComponentActivity@a89cc80 in: STOPPED
07-03 11:11:53.429 16912 16912 V ActivityScenario: Update currentActivityStage to STOPPED, currentActivity=androidx.activity.ComponentActivity@a89cc80
07-03 11:11:53.439  1356  1398 V WindowManager: Relayout Window{3125abb u0 Splash Screen com.example.cupcake.test}: viewVisibility=0 req=1080x2340 ty=3 d0
07-03 11:11:53.440 27611 27611 D BoundBrokerSvc: onUnbind: Intent { act=com.google.android.gms.auth.cryptauth.cryptauthservice.START dat=chimera-action:/... cmp=com.google.android.gms/.chimera.GmsBoundBrokerService }
07-03 11:11:53.442 15004 15004 I HoneySpace.AnimationResult: setAnimation, animation: false
07-03 11:11:53.442 15004 15004 I HoneySpace.AppCloseAnimationDelegate: window animator start
07-03 11:11:53.443  1356  1398 V WindowManager: Relayout hash=3125abb, pid=3137, syncId=-1: mAttrs={(0,0)(fillxfill) sim={adjust=pan} ty=APPLICATION_STARTING fmt=TRANSLUCENT
07-03 11:11:53.443  1356  1398 V WindowManager:   fl=81030118
07-03 11:11:53.443  1356  1398 V WindowManager:   pfl=16000010
07-03 11:11:53.443  1356  1398 V WindowManager:   bhv=DEFAULT
07-03 11:11:53.443  1356  1398 V WindowManager:   fitSides= naviIconColor=0}
07-03 11:11:53.444  3137  3211 I BLASTBufferQueue_Java: update, w= 1080 h= 2340 mName = ViewRootImpl@7966768[test] mNativeObject= 0xb400007801ea6b00 sc.mNativeObject= 0xb40000782cd62e40 format= -3 caller= android.view.ViewRootImpl.updateBlastSurfaceIfNeeded:3004 android.view.ViewRootImpl.relayoutWindow:10048 android.view.ViewRootImpl.performTraversals:4092 android.view.ViewRootImpl.doTraversal:3275 android.view.ViewRootImpl$TraversalRunnable.run:11256 android.view.Choreographer$CallbackRecord.run:1650
07-03 11:11:53.444  3137  3211 I ViewRootImpl@7966768[test]: Relayout returned: old=(0,0,1080,2340) new=(0,0,1080,2340) relayoutAsync=false req=(1080,2340)0 dur=5 res=0x400 s={true 0xb400007801c8b000} ch=false seqId=0
07-03 11:11:53.447   803   803 I hwcomposer: [HWCDisplay] [Display_0 (type:1, mode:2)] fps:70.218391,dur:1011.13,max:69.83,min:4.99
07-03 11:11:53.449  3137  4053 I ViewRootImpl@7966768[test]: mWNT: t=0xb40000780198d580 mBlastBufferQueue=0xb400007801ea6b00 fn= 2 caller= android.view.ViewRootImpl$6.onFrameDraw:5582 android.view.ViewRootImpl$2.onFrameDraw:2131 android.view.ThreadedRenderer$1.onFrameDraw:788
07-03 11:11:53.449  3137  4053 I ViewRootImpl@7966768[test]: mWNT: t=0xb40000780198d700 mBlastBufferQueue=0xb400007801ea6b00 fn= 2 caller= android.view.SyncRtSurfaceTransactionApplier.applyTransaction:96 android.view.SyncRtSurfaceTransactionApplier.lambda$scheduleApply$0:69 android.view.SyncRtSurfaceTransactionApplier.$r8$lambda$SgowXC58rj3PR958kHUfRgLZmvE:0
07-03 11:11:53.450  3137  3211 I ViewRootImpl@7966768[test]: registerCallbackForPendingTransactions
07-03 11:11:53.450  3137  4053 I ViewRootImpl@7966768[test]: mWNT: t=0xb400007801992f00 mBlastBufferQueue=0xb400007801ea6b00 fn= 2 caller= android.view.SyncRtSurfaceTransactionApplier.applyTransaction:96 android.view.SyncRtSurfaceTransactionApplier.lambda$scheduleApply$0:69 android.view.SyncRtSurfaceTransactionApplier.$r8$lambda$SgowXC58rj3PR958kHUfRgLZmvE:0
07-03 11:11:53.452 15004 15004 I ViewRootImpl@45113d6[LauncherActivity]: handleWindowFocusChanged: 1 0 call from android.view.ViewRootImpl.-$$Nest$mhandleWindowFocusChanged:0
07-03 11:11:53.452 15004 15221 I ViewRootImpl@45113d6[LauncherActivity]: mWNT: t=0xb4000078cc562300 mBlastBufferQueue=0xb40000780dc7a000 fn= 2 caller= android.view.ViewRootImpl$6.onFrameDraw:5582 android.view.ViewRootImpl$2.onFrameDraw:2131 android.view.ThreadedRenderer$1.onFrameDraw:788
07-03 11:11:53.453 15004 15004 I InputMethodManager: startInputInner - IInputMethodManagerGlobalInvoker.startInputOrWindowGainedFocus
07-03 11:11:53.455  1356  6702 I ImeTracker: com.sec.android.app.launcher:7498c611: onRequestHide at ORIGIN_SERVER_HIDE_INPUT reason HIDE_UNSPECIFIED_WINDOW
07-03 11:11:53.455  1356  6702 I ImeTracker: com.sec.android.app.launcher:7498c611: onCancelled at PHASE_SERVER_SHOULD_HIDE
07-03 11:11:53.457  1356  6702 D InputTransport: Input channel constructed: 'ClientS', fd=1118
07-03 11:11:53.457  1356  6702 D InputTransport: Input channel destroyed: 'ClientS', fd=1118
07-03 11:11:53.457  5953  5953 I HBD     : HoneyBoardService onFinishInput
07-03 11:11:53.458  5953  5953 I HBD     : a IC have been unbinding,  RemoteInputConnection{idHash=#257be0c}
07-03 11:11:53.458  5953  5953 I HBD     : HoneyBoardService [PF_CL][onFinishInput]  1 ms
07-03 11:11:53.458  5953  5953 I HBD     : HoneyBoardService [IMI] onStartInput - caller pid : 15004 , caller uid : 10136
07-03 11:11:53.458  5953  5953 I HBD     : j updateConfigs
07-03 11:11:53.458  5953  5953 I HBD     : j isEnabledNightMode : true
07-03 11:11:53.458  5953  5953 I HBD     : a IC have been binding, RemoteInputConnection{idHash=#48bc355}
07-03 11:11:53.458  5953  5953 I HBD     : h [EditorInputType]setPrivateImeOptionsToTable privateImeOptions ( null )
07-03 11:11:53.458  5953  5953 I HBD     : b incognitoMode : false
07-03 11:11:53.458  5953  5953 I HBD     : b needOff = true , isForceOff = false, isNullInputClass : true
07-03 11:11:53.458  5953  5953 I HBD     : h getDefaultInputRange : UNKNOWN
07-03 11:11:53.458  5953  5953 I HBD     : h getDefaultInputRange : UNKNOWN
07-03 11:11:53.458  5953  5953 I HBD     : h getDefaultInputRange : UNKNOWN
07-03 11:11:53.458 15004 15221 I ViewRootImpl@45113d6[LauncherActivity]: mWNT: t=0xb4000078a14b1700 mBlastBufferQueue=0xb40000780dc7a000 fn= 2 caller= com.android.systemui.shared.launcher.ViewRootImplCompat.mergeWithNextTransaction:4 com.honeyspace.transition.utils.SurfaceTransactionApplier.scheduleApply$lambda$1:26 com.honeyspace.transition.utils.SurfaceTransactionApplier.c:0
07-03 11:11:53.459 15004 15221 I ViewRootImpl@45113d6[LauncherActivity]: mWNT: t=0xb40000789bcf7380 mBlastBufferQueue=0xb40000780dc7a000 fn= 2 caller= com.android.systemui.shared.launcher.ViewRootImplCompat.mergeWithNextTransaction:4 com.honeyspace.transition.utils.SurfaceTransactionApplier.scheduleApply$lambda$1:26 com.honeyspace.transition.utils.SurfaceTransactionApplier.c:0
07-03 11:11:53.459   857   910 E BufferQueueDebug: [Surface(name=4b42813 InputMethod)/@0xcd07b7c - animation-leash of insets_animation#19633](this:0xb400007509d09ba0,id:-1,api:0,p:-1,c:-1) id info cannot be read from 'Surface(name=4b42813 InputMethod)/@0xcd07b7c - animation-leash of insets_animation#19633'
07-03 11:11:53.459   857   910 I BufferQueueDebug: [Surface(name=4b42813 InputMethod)/@0xcd07b7c - animation-leash of insets_animation#19633](this:0xb400007509d09ba0,id:-1,api:0,p:-1,c:-1) BufferQueue core=(857:/system/bin/surfaceflinger)
07-03 11:11:53.460   857   910 I SurfaceFlinger: id=19633 createSurf, flag=24004, Surface(name=4b42813 InputMethod)/@0xcd07b7c - animation-leash of insets_animation#19633
07-03 11:11:53.460 15004 15221 I ViewRootImpl@45113d6[LauncherActivity]: mWNT: t=0xb40000789bcf7500 mBlastBufferQueue=0xb40000780dc7a000 fn= 2 caller= com.android.systemui.shared.launcher.ViewRootImplCompat.mergeWithNextTransaction:4 com.honeyspace.transition.utils.SurfaceTransactionApplier.scheduleApply$lambda$1:26 com.honeyspace.transition.utils.SurfaceTransactionApplier.c:0
07-03 11:11:53.460  3137  4053 I ViewRootImpl@7966768[test]: mWNT: t=0xb400007801993c80 mBlastBufferQueue=0xb400007801ea6b00 fn= 3 caller= android.view.SyncRtSurfaceTransactionApplier.applyTransaction:96 android.view.SyncRtSurfaceTransactionApplier.lambda$scheduleApply$0:69 android.view.SyncRtSurfaceTransactionApplier.$r8$lambda$SgowXC58rj3PR958kHUfRgLZmvE:0
07-03 11:11:53.461  3137  4053 I ViewRootImpl@7966768[test]: mWNT: t=0xb400007801994700 mBlastBufferQueue=0xb400007801ea6b00 fn= 3 caller= android.view.ViewRootImpl$6.onFrameDraw:5582 android.view.ViewRootImpl$2.onFrameDraw:2131 android.view.ThreadedRenderer$1.onFrameDraw:788
07-03 11:11:53.463 15004 15221 I ViewRootImpl@45113d6[LauncherActivity]: mWNT: t=0xb40000789bf1be80 mBlastBufferQueue=0xb40000780dc7a000 fn= 3 caller= com.android.systemui.shared.launcher.ViewRootImplCompat.mergeWithNextTransaction:4 com.honeyspace.transition.utils.SurfaceTransactionApplier.scheduleApply$lambda$1:26 com.honeyspace.transition.utils.SurfaceTransactionApplier.c:0
07-03 11:11:53.463 16912 16912 D LifecycleMonitor: Lifecycle status change: androidx.activity.ComponentActivity@a89cc80 in: DESTROYED
07-03 11:11:53.464 16912 16912 V ActivityScenario: Update currentActivityStage to DESTROYED, currentActivity=null
07-03 11:11:53.465 15004 15004 I InsetsSourceConsumer: applyRequestedVisibilityToControl: visible=false, type=ime, host=com.sec.android.app.launcher/com.sec.android.app.launcher.activities.LauncherActivity
07-03 11:11:53.467  5953  5953 I HBD     : b needOff = true , isForceOff = false, isNullInputClass : true
07-03 11:11:53.467  5953  5953 I HBD     : b update cached prediction status : false
07-03 11:11:53.467  5953  5953 I HBD     : h getDefaultInputRange : UNKNOWN
07-03 11:11:53.467  5953  5953 I HBD     : a currentState : 0
07-03 11:11:53.467  5953  5953 I HBD     : a [UpdatePolicy] [post] a: 0 cl: 65538 kit: [0/0] vt: 0 ir: 1
07-03 11:11:53.467  3137  4053 I ViewRootImpl@7966768[test]: mWNT: t=0xb40000780381c680 mBlastBufferQueue=0xb400007801ea6b00 fn= 4 caller= android.view.SyncRtSurfaceTransactionApplier.applyTransaction:96 android.view.SyncRtSurfaceTransactionApplier.lambda$scheduleApply$0:69 android.view.SyncRtSurfaceTransactionApplier.$r8$lambda$SgowXC58rj3PR958kHUfRgLZmvE:0
07-03 11:11:53.467 16003 16003 E stp_dump: mkdir (/data/log/connsyslog/connsysdump/) failed:(Permission denied)
07-03 11:11:53.468   857   857 I Layer   : id=19605 removeFromCurrentState Surface(name=4b42813 InputMethod)/@0xcd07b7c - animation-leash of insets_animation#19605 (135)
07-03 11:11:53.470  5953  5953 I HBD     : a [NRIC] resetNoResponseState
07-03 11:11:53.471  5953  5953 I HBD     : b needOff = true , isForceOff = false, isNullInputClass : true
07-03 11:11:53.471  5953  5953 I HBD     : b update cached prediction status : false
07-03 11:11:53.471 16912 16912 W WindowOnBackDispatcher: sendCancelIfRunning: isInProgress=falsecallback=android.view.ViewRootImpl$$ExternalSyntheticLambda21@389393c
07-03 11:11:53.472 15004 20735 I ViewRootImpl@45113d6[LauncherActivity]: Resizing android.view.ViewRootImpl@705da6c: frame = [0,0][1080,2340] reportDraw = false forceLayout = false syncSeqId = -1
07-03 11:11:53.472  5953  5953 I HBD     : HoneyBoardService [PF_OP][onStartInput]  14 ms
07-03 11:11:53.473  5953  5953 I InputMethodService: scheduleImeSurfaceRemoval: removeImeSurface is posted.
07-03 11:11:53.472  3137  3378 I ViewRootImpl@5116a95[NavigationBar0]: Resizing android.view.ViewRootImpl@2226f53: frame = [0,2205][1080,2340] reportDraw = false forceLayout = false syncSeqId = -1
07-03 11:11:53.473 15004 15004 I ViewRootImpl@45113d6[LauncherActivity]: handleResized, msg = 4 frames=ClientWindowFrames{frame=[0,0][1080,2340] display=[0,0][1080,2340] parentFrame=[0,0][0,0]} forceNextWindowRelayout=false displayId=0 dragResizing=false compatScale=1.0 frameChanged=false attachedFrameChanged=false configChanged=false displayChanged=false compatScaleChanged=false
07-03 11:11:53.474  3137  3182 I ViewRootImpl@b622ebc[StatusBar]: Resizing android.view.ViewRootImpl@d39c342: frame = [0,0][1080,80] reportDraw = false forceLayout = false syncSeqId = -1
07-03 11:11:53.474  3137  3267 D WallpaperService: updateSurface forceRelayout=true forceReport=false redrawNeeded=false myWidth=2340 myHeight=2340 fixedSize=true x = 0 y = 0 mWidth=2340 mHeight=2340
07-03 11:11:53.475  3137  3267 D WallpaperService: maxBounds : Rect(0, 0 - 1080, 2340) , mDeviceHeight : 2340, mDeviceWidth : 1080,mDeviceRotation  : 0
07-03 11:11:53.476   857   857 D SurfaceFlinger: Display 4627039422300187648 HWC layers:
07-03 11:11:53.476   857   857 D SurfaceFlinger:      DEVICE | 0xb400007509a30000 | 0100 | RGBA_8888    |  630.0    0.0 1710.0 2340.0 |    0    0 1080 2340 | Wallpaper BBQ wrapper#7209
07-03 11:11:53.476   857   857 D SurfaceFlinger:      DEVICE | 0xb400007509af7bc0 | 0100 | RGBA_8888    |    0.0    0.0 1080.0 2340.0 |    0    0 1080 2340 | com.sec.android.app.launcher/com.sec[...]vities.LauncherActivity$_15004#19624
07-03 11:11:53.476   857   857 D SurfaceFlinger:      CLIENT | 0xb400007509af8c00 | 0102 | RGBA_8888    |    0.0    0.0 1080.0 2340.0 |    0    0 1080 2340 | com.example.cupcake.test/androidx.te[...]tyInvoker$EmptyActivity$_16994#19623
07-03 11:11:53.476   857   857 D SurfaceFlinger:      CLIENT | 0xb40000753a700840 | 0100 | RGBA_8888    |    0.0    0.0 1080.0 2340.0 |    0    0 1080 2340 | Splash Screen com.example.cupcake.test$_3137#19609
07-03 11:11:53.476   857   857 D SurfaceFlinger:      DEVICE | 0xb40000750a1a5fc0 | 0100 | RGBA_8888    |    0.0    0.0 1080.0   80.0 |    0    0 1080   80 | StatusBar$_3137#78
07-03 11:11:53.476   857   857 D SurfaceFlinger:      DEVICE | 0xb40000750a408cc0 | 0100 | RGBA_8888    |    0.0    0.0 1080.0  135.0 |    0 2205 1080 2340 | NavigationBar0$_3137#77
07-03 11:11:53.476   857   857 D SurfaceFlinger:
07-03 11:11:53.476  1356  5251 V WindowManager: Relayout Window{8093bc4 u0 com.android.systemui.wallpapers.ImageWallpaper}: viewVisibility=0 req=2340x2340 ty=2013 d0
07-03 11:11:53.476 15004 15221 I ViewRootImpl@45113d6[LauncherActivity]: mWNT: t=0xb40000782e86b000 mBlastBufferQueue=0xb40000780dc7a000 fn= 4 caller= com.android.systemui.shared.launcher.ViewRootImplCompat.mergeWithNextTransaction:4 com.honeyspace.transition.utils.SurfaceTransactionApplier.scheduleApply$lambda$1:26 com.honeyspace.transition.utils.SurfaceTransactionApplier.c:0
07-03 11:11:53.478   857   857 D SurfaceFlinger: GPIS:: requestGPISForClientComposition
07-03 11:11:53.480  1356  5251 V WindowManager: Relayout hash=8093bc4, pid=3137, syncId=-1: mAttrs={(0,0)(2340x2340) gr=TOP START CENTER layoutInDisplayCutoutMode=always ty=WALLPAPER fmt=RGBX_8888 wanim=0x1030314
07-03 11:11:53.480  1356  5251 V WindowManager:   fl=14318
07-03 11:11:53.480  1356  5251 V WindowManager:   pfl=2000014
07-03 11:11:53.480  1356  5251 V WindowManager:   bhv=DEFAULT naviIconColor=0
07-03 11:11:53.480  1356  5251 V WindowManager:   sfl=8}
07-03 11:11:53.481  1356  1356 D PocketProximityManager: setStateOut()
07-03 11:11:53.482  3137  4053 I ViewRootImpl@7966768[test]: mWNT: t=0xb400007801a17000 mBlastBufferQueue=0xb400007801ea6b00 fn= 5 caller= android.view.SyncRtSurfaceTransactionApplier.applyTransaction:96 android.view.SyncRtSurfaceTransactionApplier.lambda$scheduleApply$0:69 android.view.SyncRtSurfaceTransactionApplier.$r8$lambda$SgowXC58rj3PR958kHUfRgLZmvE:0
07-03 11:11:53.483 16912 16912 I ViewRootImpl@600936[ComponentActivity]: dispatchDetachedFromWindow
07-03 11:11:53.484 15004 15221 I ViewRootImpl@45113d6[LauncherActivity]: mWNT: t=0xb40000782e86b300 mBlastBufferQueue=0xb40000780dc7a000 fn= 5 caller= com.android.systemui.shared.launcher.ViewRootImplCompat.mergeWithNextTransaction:4 com.honeyspace.transition.utils.SurfaceTransactionApplier.scheduleApply$lambda$1:26 com.honeyspace.transition.utils.SurfaceTransactionApplier.c:0
07-03 11:11:53.485  3137  3267 I BLASTBufferQueue_Java: update, w= 2340 h= 2340 mName = Wallpaper mNativeObject= 0xb4000077edd15a00 sc.mNativeObject= 0xb400007805fb8640 format= 2 caller= android.service.wallpaper.WallpaperService$Engine.getOrCreateBLASTSurface:2790 android.service.wallpaper.WallpaperService$Engine.updateSurface:1621 android.service.wallpaper.WallpaperService$IWallpaperEngineWrapper.handleResized:3228 android.service.wallpaper.WallpaperService$IWallpaperEngineWrapper.executeMessage:3151 com.android.internal.os.HandlerCaller$MyHandler.handleMessage:44 android.os.Handler.dispatchMessage:106
07-03 11:11:53.485  1356  5251 D InputTransport: Input channel destroyed: 'c01953d', fd=1114
07-03 11:11:53.485  1356  5251 W InputManager-JNI: Input channel object 'c01953d com.example.cupcake/androidx.activity.ComponentActivity (client)' was disposed without first being removed with the input manager!
07-03 11:11:53.485  1356  5251 D InputTransport: Input channel destroyed: 'c01953d', fd=1115
07-03 11:11:53.490 16912 16912 D InputTransport: Input channel destroyed: 'c01953d', fd=113
07-03 11:11:53.492   857  3104 I SurfaceFlinger: id=19605 Removed Surface(name=4b42813 InputMethod)/@0xcd07b7c - animation-leash of insets_animation#19605 (135)
07-03 11:11:53.494 16912 16912 D InputTransport: Input channel destroyed: 'ClientS', fd=146
07-03 11:11:53.496 15004 15221 I ViewRootImpl@45113d6[LauncherActivity]: mWNT: t=0xb40000782e86b480 mBlastBufferQueue=0xb40000780dc7a000 fn= 6 caller= com.android.systemui.shared.launcher.ViewRootImplCompat.mergeWithNextTransaction:4 com.honeyspace.transition.utils.SurfaceTransactionApplier.scheduleApply$lambda$1:26 com.honeyspace.transition.utils.SurfaceTransactionApplier.c:0
07-03 11:11:53.497  3137  4053 I ViewRootImpl@7966768[test]: mWNT: t=0xb400007801a17180 mBlastBufferQueue=0xb400007801ea6b00 fn= 6 caller= android.view.SyncRtSurfaceTransactionApplier.applyTransaction:96 android.view.SyncRtSurfaceTransactionApplier.lambda$scheduleApply$0:69 android.view.SyncRtSurfaceTransactionApplier.$r8$lambda$SgowXC58rj3PR958kHUfRgLZmvE:0
07-03 11:11:53.499   857  3104 I SurfaceFlinger: id=19597 Removed f3b379c ActivityRecordInputSink com.example.cupcake/androidx.activity.ComponentActivity#19597 (135)
07-03 11:11:53.500  3137  3137 I ViewRootImpl@5116a95[NavigationBar0]: handleResized, msg = 4 frames=ClientWindowFrames{frame=[0,2205][1080,2340] display=[0,0][1080,2340] parentFrame=[0,0][0,0]} forceNextWindowRelayout=false displayId=0 dragResizing=false compatScale=1.0 frameChanged=false attachedFrameChanged=false configChanged=false displayChanged=false compatScaleChanged=false
07-03 11:11:53.500   857  3104 E BufferQueueDebug: [Task=260#19634](this:0xb40000751174eba0,id:-1,api:0,p:-1,c:-1) id info cannot be read from 'Task=260#19634'
07-03 11:11:53.500   857   857 I Layer   : id=19599 removeFromCurrentState com.example.cupcake/androidx.activity.ComponentActivity$_16912#19599 (135)
07-03 11:11:53.500   857   857 I Layer   : id=19598 removeFromCurrentState c01953d com.example.cupcake/androidx.activity.ComponentActivity#19598 (135)
07-03 11:11:53.500   857  3104 I BufferQueueDebug: [Task=260#19634](this:0xb40000751174eba0,id:-1,api:0,p:-1,c:-1) BufferQueue core=(857:/system/bin/surfaceflinger)
07-03 11:11:53.500   857  3104 I SurfaceFlinger: id=19634 createSurf, flag=24004, Task=260#19634
07-03 11:11:53.500  3137  3137 I ViewRootImpl@b622ebc[StatusBar]: handleResized, msg = 4 frames=ClientWindowFrames{frame=[0,0][1080,80] display=[0,0][1080,2340] parentFrame=[0,0][0,0]} forceNextWindowRelayout=false displayId=0 dragResizing=false compatScale=1.0 frameChanged=false attachedFrameChanged=false configChanged=false displayChanged=false compatScaleChanged=false
07-03 11:11:53.500   857   857 I BufferQueueDebug: [Surface(name=4b42813 InputMethod)/@0xcd07b7c - animation-leash of insets_animation#19605](this:0xb400007509c28ba0,id:-1,api:0,p:-1,c:857) onDestructor()
07-03 11:11:53.500   857   857 I Layer   : id=19605 Destroyed Surface(name=4b42813 InputMethod)/@0xcd07b7c - animation-leash of insets_animation#19605
07-03 11:11:53.501   857   857 I SurfaceFlinger: id=19598 Removed c01953d com.example.cupcake/androidx.activity.ComponentActivity#19598 (135)
07-03 11:11:53.501   857   857 I SurfaceFlinger: id=19599 Removed com.example.cupcake/androidx.activity.ComponentActivity$_16912#19599 (135)
07-03 11:11:53.508 16912 16946 D IdlingRegistry: Unregistering idling resources: [androidx.compose.ui.test.junit4.EspressoLink@cc10402]
07-03 11:11:53.508 15004 15004 I HoneySpace.TaskListViewModel: onTaskRemoved : 260
07-03 11:11:53.509 16912 16946 I TestRunner: finished: selectOptionScreen_verifyContent(com.example.cupcake.test.CupcakeOrderScreenTest)
