07-03 11:11:51.117 16912 16946 I TestRunner: started: selectOptionScreen_verifyContent(com.example.cupcake.test.CupcakeOrderScreenTest)
07-03 11:11:51.180 16912 16946 W FileTestStorage: Output properties is not supported.
07-03 11:11:51.180 16912 16946 I Tracing : Tracer added: class androidx.test.platform.tracing.AndroidXTracer
07-03 11:11:51.192 16912 16912 D EventInjectionStrategy: Creating injection strategy with input manager.
07-03 11:11:51.192 16912 16912 W example.cupcake: Accessing hidden method Landroid/hardware/input/InputManager;->getInstance()Landroid/hardware/input/InputManager; (unsupported, reflection, allowed)
07-03 11:11:51.195 16912 16912 W example.cupcake: Accessing hidden method Landroid/hardware/input/InputManager;->injectInputEvent(Landroid/view/InputEvent;I)Z (unsupported, reflection, allowed)
07-03 11:11:51.195 16912 16912 W example.cupcake: Accessing hidden field Landroid/hardware/input/InputManager;->INJECT_INPUT_EVENT_MODE_WAIT_FOR_FINISH:I (unsupported, reflection, allowed)
07-03 11:11:51.205 16912 16912 W example.cupcake: Accessing hidden method Landroid/os/MessageQueue;->next()Landroid/os/Message; (unsupported, reflection, allowed)
07-03 11:11:51.205 16912 16912 W example.cupcake: Accessing hidden field Landroid/os/MessageQueue;->mMessages:Landroid/os/Message; (unsupported, reflection, allowed)
07-03 11:11:51.205 16912 16912 W example.cupcake: Accessing hidden method Landroid/os/Message;->recycleUnchecked()V (unsupported, reflection, allowed)
07-03 11:11:51.207 16912 16946 D IdlingRegistry: Registering idling resources: [androidx.compose.ui.test.junit4.EspressoLink@cc10402]
07-03 11:11:51.240 16912 16946 W Settings: Setting always_finish_activities has moved from android.provider.Settings.System to android.provider.Settings.Global, returning read-only value.
07-03 11:11:51.241  1356  1356 D PocketProximityManager: setStateOut()
07-03 11:11:51.255  1356  1411 I ChimeraSystemEventListener: appLaunchIntent package name is: com.example.cupcake
07-03 11:11:51.255  1356  3047 I ChimeraPolicyHandler: filter overtime, quit quick reclaim
07-03 11:11:51.289  1356  3995 I SemDvfsHyPerManager: acquire hyper - AMS_APP_SWITCH/1356@12, type = -999
07-03 11:11:51.290   813   832 I HYPER-HAL: [RequestManager.cpp]acquire(): Acquired ID : 936408  [1356 / 12]    HINT : AMS_ACT_SWITCH    list :
07-03 11:11:51.292   813   832 I mtkpower_client: perf_lock_acq, hdl:0, dur:0, num:2, tid:832
07-03 11:11:51.292   857  1188 E BufferQueueDebug: [Task=260#19592](this:0xb4000075117beba0,id:-1,api:0,p:-1,c:-1) id info cannot be read from 'Task=260#19592'
07-03 11:11:51.292   857  1188 I BufferQueueDebug: [Task=260#19592](this:0xb4000075117beba0,id:-1,api:0,p:-1,c:-1) BufferQueue core=(857:/system/bin/surfaceflinger)
07-03 11:11:51.293   857  1188 I SurfaceFlinger: id=19592 createSurf, flag=24004, Task=260#19592
07-03 11:11:51.294   813   832 I mtkpower_client: ret_hdl:21300
07-03 11:11:51.293  4724  4724 I SemDvfsHyPerManager: acquire hyper - APP_START_SHORT/4724@14, type = -999
07-03 11:11:51.294   813   832 I mtkpower_client: perf_lock_acq, hdl:0, dur:0, num:2, tid:832
07-03 11:11:51.294   817   890 I libPowerHal: [perfLockAcq] idx:0 hdl:21300 hint:-1 pid:813 tid:832 duration:0 lock_user:vendor.samsung. => ret_hdl:21300
07-03 11:11:51.298   857  1188 E BufferQueueDebug: [ActivityRecord{b51bd7a u0 com.example.cupcake/androidx.activity.ComponentActivity t260}#19593](this:0xb4000075117c6ba0,id:-1,api:0,p:-1,c:-1) id info cannot be read from 'ActivityRecord{b51bd7a u0 com.example.cupcake/androidx.activity.ComponentActivity t260}#19593'
07-03 11:11:51.298   857  1188 I BufferQueueDebug: [ActivityRecord{b51bd7a u0 com.example.cupcake/androidx.activity.ComponentActivity t260}#19593](this:0xb4000075117c6ba0,id:-1,api:0,p:-1,c:-1) BufferQueue core=(857:/system/bin/surfaceflinger)
07-03 11:11:51.298   857  1188 I SurfaceFlinger: id=19593 createSurf, flag=84004, ActivityRecord{b51bd7a u0 com.example.cupcake/androidx.activity.ComponentActivity t260}#19593
07-03 11:11:51.299   817   890 I libPowerHal: [PE] vendor.samsung. update cmd:300c000, param:15
07-03 11:11:51.300   813   832 I mtkpower_client: ret_hdl:21301
07-03 11:11:51.300   817   890 I libPowerHal: cmdSetting - unknown cmd:1c3c000, scmd:(null) ,param_1:0
07-03 11:11:51.300   817   890 I libPowerHal: [perfLockAcq] idx:1 hdl:21301 hint:-1 pid:813 tid:832 duration:0 lock_user:vendor.samsung. => ret_hdl:21301
07-03 11:11:51.301   813   832 I mtkpower_client: perf_lock_acq, hdl:0, dur:0, num:2, tid:832
07-03 11:11:51.302   857   857 D SurfaceFlinger: GPIS:: requestGPISForClientComposition
07-03 11:11:51.303   813   832 I mtkpower_client: ret_hdl:21302
07-03 11:11:51.303   813   832 I mtkpower_client: perf_lock_acq, hdl:0, dur:0, num:2, tid:832
07-03 11:11:51.303   817   890 I libPowerHal: [perfLockAcq] idx:2 hdl:21302 hint:-1 pid:813 tid:832 duration:0 lock_user:vendor.samsung. => ret_hdl:21302
07-03 11:11:51.303   817   890 I libPowerHal: [setClusterFreq] vendor.samsung. set cpufreq[0] min:2000000 max:-1 cpufreq[1] min:-1 max:-1
07-03 11:11:51.304   817   890 I libPowerHal: [setClusterFreq]  set cpu_ctrl cpufreq: 2000000 -1 -1 -1
07-03 11:11:51.305   817   848 I mtkpower@impl: [setMode] type:5, enabled:1
07-03 11:11:51.305   803   803 I hwcomposer: [HWCDisplay] [Display_0 (type:1, mode:2)] fps:1.077843,dur:1855.56,max:1754.93,min:100.63
07-03 11:11:51.306   813   832 I mtkpower_client: ret_hdl:21303
07-03 11:11:51.306   813   832 I HYPER-HAL: [RequestManager.cpp]acquire(): Acquired ID : 11226705  [4724 / 14]    HINT : APP_START    list : [TIMEOUT / 1500]
07-03 11:11:51.307   817   890 I libPowerHal: [perfLockAcq] idx:3 hdl:21303 hint:-1 pid:813 tid:832 duration:0 lock_user:vendor.samsung. => ret_hdl:21303
07-03 11:11:51.308   817   890 I libPowerHal: [setDvfsrcDevFreqOpp] opp:0, freq:4266000000
07-03 11:11:51.310   817   890 I libPowerHal: [PE] vendor.samsung. update cmd:1000000 param:0
07-03 11:11:51.311  4297  4297 E pageboostd: Received HALT command code 2
07-03 11:11:51.312  1356  1398 I SemDvfsHyPerManager: acquire hyper - AMS_APP_LAUNCH/1356@15, type = -999
07-03 11:11:51.312   813   832 I HYPER-HAL: [RequestManager.cpp]acquire(): Acquired ID : 940521  [1356 / 15]    HINT : AMS_APP_LAUNCH    list :
07-03 11:11:51.313   813   832 I mtkpower_client: perf_lock_rel, hdl:21300, tid:832
07-03 11:11:51.313   813   832 I mtkpower_client: perf_lock_acq, hdl:0, dur:0, num:2, tid:832
07-03 11:11:51.313   817   890 I libPowerHal: [perfLockRel] hdl:21300, idx:0
07-03 11:11:51.314   817   890 I libPowerHal: [PD] vendor.samsung. update cmd:300c000 param:0
07-03 11:11:51.314  4724  4724 I SemDvfsHyPerManager: acquire hyper - APP_START/4724@16, type = -999
07-03 11:11:51.315   813   832 I mtkpower_client: ret_hdl:21304
07-03 11:11:51.315   817   890 I libPowerHal: [perfLockAcq] idx:0 hdl:21304 hint:-1 pid:813 tid:832 duration:0 lock_user:vendor.samsung. => ret_hdl:21304
07-03 11:11:51.315   813   832 I mtkpower_client: perf_lock_rel, hdl:21301, tid:832
07-03 11:11:51.315   817   890 I libPowerHal: [PE] vendor.samsung. update cmd:300c000, param:15
07-03 11:11:51.316   857  4013 D SurfaceFlinger: [SF client] NEW(0xb40000753a65b600) for (3137:com.android.systemui)
07-03 11:11:51.316   813   832 I mtkpower_client: perf_lock_acq, hdl:0, dur:0, num:2, tid:832
07-03 11:11:51.316   817   890 I libPowerHal: [perfLockRel] hdl:21301, idx:1
07-03 11:11:51.317 15004 13865 I HoneySpace.SPayHandler: updateSpayHandler launcher activity is paused false
07-03 11:11:51.317   857   910 I VSyncReactor: Current= 90, Period= 90, hwcPeriod= 90
07-03 11:11:51.318 15004 15004 I HoneySpace.BackgroundManagerImpl: capturedBlurView: pause(com.sec.android.app.launcher.Launcher@71834e4, 119026916)
07-03 11:11:51.318 15004 15004 I HoneySpace.BackgroundManagerImpl: cachedBlurView: pause(com.sec.android.app.launcher.Launcher@71834e4, 119026916)
07-03 11:11:51.318 15004 15004 I HoneySpace.Launcher: !@Boot_EBS_D: Launcher.onPause()
07-03 11:11:51.318 15004 15004 I HoneySpace.Launcher: updateLauncherShowing true -> false
07-03 11:11:51.319   813   832 I mtkpower_client: ret_hdl:21305
07-03 11:11:51.319   813   832 I mtkpower_client: perf_lock_rel, hdl:21302, tid:832
07-03 11:11:51.319   817   890 I libPowerHal: cmdSetting - unknown cmd:1c3c000, scmd:(null) ,param_1:0
07-03 11:11:51.319   817   890 I libPowerHal: [perfLockAcq] idx:1 hdl:21305 hint:-1 pid:813 tid:832 duration:0 lock_user:vendor.samsung. => ret_hdl:21305
07-03 11:11:51.319  1022  7198 I CameraService: onUidStateChanged: uid=10064, procState is changed. (0 -> 1)
07-03 11:11:51.320   813   832 I mtkpower_client: perf_lock_acq, hdl:0, dur:0, num:2, tid:832
07-03 11:11:51.321   817   890 I libPowerHal: [perfLockRel] hdl:21302, idx:2
07-03 11:11:51.321   817   890 I libPowerHal: [setClusterFreq]  set cpu_ctrl cpufreq: -1 -1 -1 -1
07-03 11:11:51.321  3137  3228 D NativeCustomFrequencyManager: [NativeCFMS] BpCustomFrequencyManager::BpCustomFrequencyManager()
07-03 11:11:51.324   813   832 I mtkpower_client: ret_hdl:21306
07-03 11:11:51.324   813   832 I mtkpower_client: perf_lock_rel, hdl:21303, tid:832
07-03 11:11:51.324   817   890 I libPowerHal: [perfLockAcq] idx:4 hdl:21306 hint:-1 pid:813 tid:832 duration:0 lock_user:vendor.samsung. => ret_hdl:21306
07-03 11:11:51.324   817   890 I libPowerHal: [setClusterFreq] vendor.samsung. set cpufreq[0] min:2000000 max:-1 cpufreq[1] min:-1 max:-1
07-03 11:11:51.324   857   857 I BpBinder: onLastStrongRef automatically unlinking death recipients:
07-03 11:11:51.324   817   890 I libPowerHal: [setClusterFreq]  set cpu_ctrl cpufreq: 2000000 -1 -1 -1
07-03 11:11:51.324  1356  3238 D InputTransport: Input channel constructed: 'f0681d2', fd=1006
07-03 11:11:51.324  1356  3238 D InputTransport: Input channel constructed: 'f0681d2', fd=1007
07-03 11:11:51.324  1356  3238 D InputTransport: Input channel constructed: 'f0681d2', fd=1009
07-03 11:11:51.325   813   832 I mtkpower_client: perf_lock_acq, hdl:0, dur:0, num:2, tid:832
07-03 11:11:51.325   857   910 E BufferQueueDebug: [f0681d2 Splash Screen com.example.cupcake#19594](this:0xb400007509d1aba0,id:-1,api:0,p:-1,c:-1) id info cannot be read from 'f0681d2 Splash Screen com.example.cupcake#19594'
07-03 11:11:51.325   857   910 I BufferQueueDebug: [f0681d2 Splash Screen com.example.cupcake#19594](this:0xb400007509d1aba0,id:-1,api:0,p:-1,c:-1) BufferQueue core=(857:/system/bin/surfaceflinger)
07-03 11:11:51.326   817   890 I libPowerHal: [perfLockRel] hdl:21303, idx:3
07-03 11:11:51.326   857   910 I SurfaceFlinger: id=19594 createSurf, flag=84004, f0681d2 Splash Screen com.example.cupcake#19594
07-03 11:11:51.326   817   890 I libPowerHal: [PD] vendor.samsung. update cmd:1000000 param:-1
07-03 11:11:51.327 15004 13865 I HoneySpace.RecentTasks: onRecentTasksChanged
07-03 11:11:51.328  1356  3238 D InputTransport: Input channel destroyed: 'f0681d2', fd=1009
07-03 11:11:51.328   813   832 I mtkpower_client: ret_hdl:21307
07-03 11:11:51.328   817   890 I libPowerHal: [perfLockAcq] idx:2 hdl:21307 hint:-1 pid:813 tid:832 duration:0 lock_user:vendor.samsung. => ret_hdl:21307
07-03 11:11:51.328   817   890 I libPowerHal: [setDvfsrcDevFreqOpp] opp:0, freq:4266000000
07-03 11:11:51.328   813   832 I HYPER-HAL: [RequestManager.cpp]acquire(): Acquired ID : 11236186  [4724 / 16]    HINT : APP_START    list :
07-03 11:11:51.329   817   890 I libPowerHal: [PE] vendor.samsung. update cmd:1000000 param:0
07-03 11:11:51.332  3137  3211 I InsetsController: onStateChanged: host=Splash Screen com.example.cupcake, from=android.view.ViewRootImpl.setView:1744, state=InsetsState: {mDisplayFrame=Rect(0, 0 - 1080, 2340), mDisplayCutout=DisplayCutout{insets=Rect(0, 73 - 0, 0) waterfall=Insets{left=0, top=0, right=0, bottom=0} boundingRect={Bounds=[Rect(0, 0 - 0, 0), Rect(484, 0 - 596, 73), Rect(0, 0 - 0, 0), Rect(0, 0 - 0, 0)]} cutoutPathParserInfo={CutoutPathParserInfo{displayWidth=1080 displayHeight=2340 physicalDisplayWidth=1080 physicalDisplayHeight=2340 density={2.8125} cutoutSpec={M 0,0 H -24.177777778 V 28.4444444444 H 24.177777778 V 0 H 0 Z @dp} rotation={0} scale={1.0} physicalPixelDisplaySizeRatio={1.0}}}}, mRoundedCorners=RoundedCorners{[RoundedCorner{position=TopLeft, radius=0, center=Point(0, 0)}, RoundedCorner{position=TopRight, radius=0, center=Point(0, 0)}, RoundedCorner{position=BottomRight, radius=0, center=Point(0, 0)}, RoundedCorner{position=BottomLeft, radius=0, center=Point(0, 0)}]}  mRoundedCornerFrame=Rect(0, 0 - 1080, 2340), mPrivacyIndicatorBounds=PrivacyIndicatorBounds {static bounds=Rect(956, 0 - 1080, 80) rotation=0}, mDisplayShape=DisplayShape{ spec=-1084927657 displayWidth=1080 displayHeight=2340 physicalPixelDisplaySizeRatio=1.0 rotation=0 offsetX=0 offsetY=0 scale=1.0}, mSources= { InsetsSource: {aaaf0000 mType=statusBars mFrame=[0,0][1080,80] mVisible=true mFlags=[]}, InsetsSource: {aaaf0005 mType=mandatorySystemGestures mFrame=[0,0][1080,107] mVisible=true mFlags=[]}, InsetsSource: {aaaf0006 mType=tappableElement mFrame=[0,0][1080,80] mVisible=true mFlags=[]}, InsetsSource: {27 mType=displayCutout mFrame=[0,0][1080,73] mVisible=true mFlags=[]}, InsetsSource: {3f230001 mType=navigationBars mFrame=[0,2205][1080,2340] mVisible=true mFlags=[]}, InsetsSource: {3f230004 mType=systemGestures mFrame=[0,0][0,0] mVisible=true mFlags=[]}, InsetsSource: {3f230005 mType=mandatorySystemGestures mFrame=[0,2205][1080,2340] mVisible=true mFlags=[]}, InsetsSource: {3f230006 mType=tappableElement mFrame=[0,2205][1080,2340] mVisible=true mFlags=[]}, InsetsSource: {3f230024 mType=systemGestures mFrame=[0,0][0,0] mVisible=true mFlags=[]} }
07-03 11:11:51.333  3137  3211 I ViewRootImpl@b7ee7f0[cupcake]: synced displayState. AttachInfo displayState=2
07-03 11:11:51.333  3137  3211 I ViewRootImpl@b7ee7f0[cupcake]: setView = android.widget.FrameLayout@a42648f TM=true
07-03 11:11:51.333  3137  3228 D OpenGLRenderer: HWUI - treat SMPTE_170M as sRGB
07-03 11:11:51.344  1356  5251 D InputDispatcher: Focused application(0): ActivityRecord{b51bd7a u0 com.example.cupcake/androidx.activity.ComponentActivity t260}
07-03 11:11:51.350 16912 16912 D OpenGLRenderer: HWUI - treat SMPTE_170M as sRGB
07-03 11:11:51.352  1356  1399 V WindowManager: Relayout Window{f0681d2 u0 Splash Screen com.example.cupcake}: viewVisibility=0 req=1080x2340 ty=3 d0
07-03 11:11:51.353  1356  3016 D AS.MultiSoundManager: mForegroundUid = 10366
07-03 11:11:51.353  1356  3016 D AS.MultiSoundManager: mForegroundUid = 10366
07-03 11:11:51.354   857  1188 E BufferQueueDebug: [Splash Screen com.example.cupcake$_3137#19595](this:0xb4000075117c9ba0,id:-1,api:0,p:-1,c:-1) id info cannot be read from 'Splash Screen com.example.cupcake$_3137#19595'
07-03 11:11:51.354   857  1188 I BufferQueueDebug: [Splash Screen com.example.cupcake$_3137#19595](this:0xb4000075117c9ba0,id:-1,api:0,p:-1,c:-1) BufferQueue core=(857:/system/bin/surfaceflinger)
07-03 11:11:51.354   857  1188 I SurfaceFlinger: id=19595 createSurf, flag=44004, Splash Screen com.example.cupcake$_3137#19595
07-03 11:11:51.354 16912 16953 D libMEOW : meow new tls: 0xb4000078a9735ac0
07-03 11:11:51.355 16912 16953 D libMEOW : meow reload base cfg path: na
07-03 11:11:51.355 16912 16953 D libMEOW : meow reload overlay cfg path: na
07-03 11:11:51.355 16912 16953 W QT      : qt_process_init() called
07-03 11:11:51.355 16912 16953 E QT      : [QT]file does not exist
07-03 11:11:51.355 16912 16953 W QT      : Support!!
07-03 11:11:51.356 16912 16953 D libMEOW : applied 0 plugin for [com.example.cupcake].
07-03 11:11:51.356 15004 15110 I HoneySpace.TopTaskSource: onTaskMovedToFront : taskId = 260
07-03 11:11:51.356   857   857 I SurfaceFlinger: [fe740ee com.sec.android.app.launcher/com.sec.android.app.launcher.activities.LauncherActivity#1663] FrameRatePriority: -1
07-03 11:11:51.359  1356  1399 V WindowManager: Relayout hash=f0681d2, pid=3137, syncId=-1: mAttrs={(0,0)(fillxfill) sim={adjust=pan} ty=APPLICATION_STARTING fmt=TRANSLUCENT wanim=0x1030303
07-03 11:11:51.359  1356  1399 V WindowManager:   fl=81030118
07-03 11:11:51.359  1356  1399 V WindowManager:   pfl=16000010
07-03 11:11:51.359  1356  1399 V WindowManager:   apr=LIGHT_STATUS_BARS LIGHT_NAVIGATION_BARS
07-03 11:11:51.359  1356  1399 V WindowManager:   bhv=DEFAULT
07-03 11:11:51.359  1356  1399 V WindowManager:   fitSides= naviIconColor=0}
07-03 11:11:51.360  3137  3211 I InsetsController: onStateChanged: host=Splash Screen com.example.cupcake, from=android.view.ViewRootImpl.relayoutWindow:9989, state=InsetsState: {mDisplayFrame=Rect(0, 0 - 1080, 2340), mDisplayCutout=DisplayCutout{insets=Rect(0, 73 - 0, 0) waterfall=Insets{left=0, top=0, right=0, bottom=0} boundingRect={Bounds=[Rect(0, 0 - 0, 0), Rect(484, 0 - 596, 73), Rect(0, 0 - 0, 0), Rect(0, 0 - 0, 0)]} cutoutPathParserInfo={CutoutPathParserInfo{displayWidth=1080 displayHeight=2340 physicalDisplayWidth=1080 physicalDisplayHeight=2340 density={2.8125} cutoutSpec={M 0,0 H -24.177777778 V 28.4444444444 H 24.177777778 V 0 H 0 Z @dp} rotation={0} scale={1.0} physicalPixelDisplaySizeRatio={1.0}}}}, mRoundedCorners=RoundedCorners{[RoundedCorner{position=TopLeft, radius=0, center=Point(0, 0)}, RoundedCorner{position=TopRight, radius=0, center=Point(0, 0)}, RoundedCorner{position=BottomRight, radius=0, center=Point(0, 0)}, RoundedCorner{position=BottomLeft, radius=0, center=Point(0, 0)}]}  mRoundedCornerFrame=Rect(0, 0 - 1080, 2340), mPrivacyIndicatorBounds=PrivacyIndicatorBounds {static bounds=Rect(956, 0 - 1080, 80) rotation=0}, mDisplayShape=DisplayShape{ spec=-1084927657 displayWidth=1080 displayHeight=2340 physicalPixelDisplaySizeRatio=1.0 rotation=0 offsetX=0 offsetY=0 scale=1.0}, mSources= { InsetsSource: {aaaf0000 mType=statusBars mFrame=[0,0][1080,80] mVisible=true mFlags=[]}, InsetsSource: {aaaf0005 mType=mandatorySystemGestures mFrame=[0,0][1080,107] mVisible=true mFlags=[]}, InsetsSource: {aaaf0006 mType=tappableElement mFrame=[0,0][1080,80] mVisible=true mFlags=[]}, InsetsSource: {3 mType=ime mFrame=[0,0][0,0] mVisible=false mFlags=[]}, InsetsSource: {27 mType=displayCutout mFrame=[0,0][1080,73] mVisible=true mFlags=[]}, InsetsSource: {3f230001 mType=navigationBars mFrame=[0,2205][1080,2340] mVisible=true mFlags=[]}, InsetsSource: {3f230004 mType=systemGestures mFrame=[0,0][0,0] mVisible=true mFlags=[]}, InsetsSource: {3f230005 mType=mandatorySystemGestures mFrame=[0,2205][1080,2340] mVisible=true mFlags=[]}, InsetsSource: {3f230006 mType=tappableElement mFrame=[0,2205][1080,2340] mVisible=true mFlags=[]}, InsetsSource: {3f230024 mType=systemGestures mFrame=[0,0][0,0] mVisible=true mFlags=[]} }
07-03 11:11:51.361 15004 16788 I HoneySpace.TopTaskUseCase: topTasks 260 ComponentInfo{com.example.cupcake/androidx.activity.ComponentActivity}
07-03 11:11:51.361  3137  3211 D BufferQueueConsumer: [](id:c41000004f9,api:0,p:-1,c:3137) connect: controlledByApp=false
07-03 11:11:51.362  3137  3211 I BLASTBufferQueue_Java: new BLASTBufferQueue, mName= ViewRootImpl@b7ee7f0[cupcake] mNativeObject= 0xb40000780317df80 sc.mNativeObject= 0xb40000782cd62600 caller= android.view.ViewRootImpl.updateBlastSurfaceIfNeeded:3015 android.view.ViewRootImpl.relayoutWindow:10048 android.view.ViewRootImpl.performTraversals:4092 android.view.ViewRootImpl.doTraversal:3275 android.view.ViewRootImpl$TraversalRunnable.run:11256 android.view.Choreographer$CallbackRecord.run:1650 android.view.Choreographer$CallbackRecord.run:1659 android.view.Choreographer.doCallbacks:1129 android.view.Choreographer.doFrame:1055 android.view.Choreographer$FrameDisplayEventReceiver.run:1622
07-03 11:11:51.362  3137  3211 I BLASTBufferQueue_Java: update, w= 1080 h= 2340 mName = ViewRootImpl@b7ee7f0[cupcake] mNativeObject= 0xb40000780317df80 sc.mNativeObject= 0xb40000782cd62600 format= -3 caller= android.graphics.BLASTBufferQueue.<init>:89 android.view.ViewRootImpl.updateBlastSurfaceIfNeeded:3015 android.view.ViewRootImpl.relayoutWindow:10048 android.view.ViewRootImpl.performTraversals:4092 android.view.ViewRootImpl.doTraversal:3275 android.view.ViewRootImpl$TraversalRunnable.run:11256
07-03 11:11:51.363  3137  3211 I ViewRootImpl@b7ee7f0[cupcake]: Relayout returned: old=(0,0,1080,2340) new=(0,0,1080,2340) relayoutAsync=false req=(1080,2340)0 dur=25 res=0x403 s={true 0xb400007801c8b000} ch=true seqId=0
07-03 11:11:51.364 15004 15110 I HoneySpace.TopTaskSource: onTaskFocusChanged(): taskId = 260
07-03 11:11:51.364 15004 15110 I HoneySpace.TopTaskSource: onTaskMovedToFront : taskId = 260
07-03 11:11:51.365  3137  3211 I ViewRootImpl@b7ee7f0[cupcake]: performConfigurationChange setNightDimText nightDimLevel=0
07-03 11:11:51.365 15004 15110 I HoneySpace.TopTaskSource: onTaskFocusChanged(): taskId = 260
07-03 11:11:51.366 15004 15110 I HoneySpace.TopTaskSource: onTaskMovedToFront : taskId = 260
07-03 11:11:51.367  3137  3211 D ViewRootImpl@b7ee7f0[cupcake]: mThreadedRenderer.initialize() mSurface={isValid=true 0xb400007801c8b000} hwInitialized=true
07-03 11:11:51.368  1356  1412 D SurfaceComposerClient: Transaction::apply InputWindowCommands.focusRequests timestamp=184099725556587, windowName=<null>
07-03 11:11:51.369  1356  3105 D NetdEventListenerService: DNS Requested by 167, 1000, 7
07-03 11:11:51.369  3137  3211 D ViewRootImpl@b7ee7f0[cupcake]: reportNextDraw android.view.ViewRootImpl.performTraversals:4694 android.view.ViewRootImpl.doTraversal:3275 android.view.ViewRootImpl$TraversalRunnable.run:11256 android.view.Choreographer$CallbackRecord.run:1650 android.view.Choreographer$CallbackRecord.run:1659
07-03 11:11:51.369  3137  3211 D ViewRootImpl@b7ee7f0[cupcake]: Setup new sync=wmsSync-ViewRootImpl@b7ee7f0[cupcake]#51
07-03 11:11:51.369  3137  3211 D ViewRootImpl@b7ee7f0[cupcake]: Creating new active sync group ViewRootImpl@b7ee7f0[cupcake]#52
07-03 11:11:51.370  3137  3211 D ViewRootImpl@b7ee7f0[cupcake]: registerCallbacksForSync syncBuffer=false
07-03 11:11:51.370  1356  3079 D TrafficStats: tagSocket(1009) with statsTag=0xffffffff, statsUid=-1
07-03 11:11:51.370  3137  4053 D ViewRootImpl@b7ee7f0[cupcake]: Received frameDrawingCallback syncResult=0 frameNum=1.
07-03 11:11:51.371  3137  4053 I ViewRootImpl@b7ee7f0[cupcake]: mWNT: t=0xb40000780381bd80 mBlastBufferQueue=0xb40000780317df80 fn= 1 caller= android.view.ViewRootImpl$8.onFrameDraw:13673 android.view.ThreadedRenderer$1.onFrameDraw:788 <bottom of call stack>
07-03 11:11:51.371  3137  4053 D ViewRootImpl@b7ee7f0[cupcake]: Setting up sync and frameCommitCallback
07-03 11:11:51.371   479   479 I hwservicemanager: getTransport: Cannot find entry android.hardware.configstore@1.0::ISurfaceFlingerConfigs/default in either framework or device VINTF manifest.
07-03 11:11:51.376  3137  3228 D BLASTBufferQueue: [ViewRootImpl@b7ee7f0[cupcake]#1272](f:0,a:0) onFrameAvailable the first frame is available
07-03 11:11:51.377  3137  3228 D BLASTBufferQueue: [ViewRootImpl@b7ee7f0[cupcake]#1272](f:0,a:1) acquireNextBufferLocked size=1080x2340 mFrameNumber=1 applyTransaction=true mTimestamp=184099741471433(auto) mPendingTransactions.size=0 graphicBufferId=13473312416842 transform=0
07-03 11:11:51.378  3137  3228 D ViewRootImpl@b7ee7f0[cupcake]: Received frameCommittedCallback lastAttemptedDrawFrameNum=1 didProduceBuffer=true
07-03 11:11:51.379   857   857 D SurfaceFlinger: Focus addInputWindowCommands timestamp=184099725556587, windowName=<null>
07-03 11:11:51.379  1356  1409 D PkgPredictorService-SecIpmManagerServiceImpl: onForegroundActivitiesChanged pid:16912 uid:10366
07-03 11:11:51.380   857   857 D SurfaceFlinger: Find Focus windowName=<null>, notVisible=1
07-03 11:11:51.380   857   857 D Layer   : Focus: TransientLaunchOverlayToken{9c1e02b token=android.os.BinderProxy@7cf907a}#1637 isHiddenByPolicy s.flags&layer_state_t::eLayerHidden=1
07-03 11:11:51.380   857   857 D Layer   : Focus: isHiddenByPolicy parent TransientLaunchOverlayToken{9c1e02b token=android.os.BinderProxy@7cf907a}#1637 is hidden cause not visible
07-03 11:11:51.380   857   857 D SurfaceFlinger: Focus inVisible Reason:isVisibleForInput(){hasInputInfo()?canReceiveInput():isVisible()}=0 has=1 can{!isHiddenByPolicy()&&(mBuffer==nullptr||getAlpha()>0.0f)}=0 Hidden=1 Buf=0 getA=1
07-03 11:11:51.380  3137  3228 D OpenGLRenderer: CFMS:: SetUp Pid : 3137    Tid : 3228
07-03 11:11:51.380   857   857 D SurfaceFlinger: Find Focus windowName=<null>, notVisible=1
07-03 11:11:51.380   857   857 D Layer   : Focus: Task=208#18015 isHiddenByPolicy s.flags&layer_state_t::eLayerHidden=1
07-03 11:11:51.380   857   857 D Layer   : Focus: isHiddenByPolicy parent Task=208#18015 is hidden cause not visible
07-03 11:11:51.380   857   857 D SurfaceFlinger: Focus inVisible Reason:isVisibleForInput(){hasInputInfo()?canReceiveInput():isVisible()}=0 has=1 can{!isHiddenByPolicy()&&(mBuffer==nullptr||getAlpha()>0.0f)}=0 Hidden=1 Buf=1 getA=1
07-03 11:11:51.380   857   857 D SurfaceFlinger: Find Focus windowName=<null>, notVisible=1
07-03 11:11:51.380  3137  3211 D ViewRootImpl@b7ee7f0[cupcake]: reportDrawFinished
07-03 11:11:51.380   857   857 D Layer   : Focus: Task=208#18015 isHiddenByPolicy s.flags&layer_state_t::eLayerHidden=1
07-03 11:11:51.380   857   857 D Layer   : Focus: isHiddenByPolicy parent Task=208#18015 is hidden cause not visible
07-03 11:11:51.380   857   857 D SurfaceFlinger: Focus inVisible Reason:isVisibleForInput(){hasInputInfo()?canReceiveInput():isVisible()}=0 has=1 can{!isHiddenByPolicy()&&(mBuffer==nullptr||getAlpha()>0.0f)}=0 Hidden=1 Buf=1 getA=1
07-03 11:11:51.380   857   857 D SurfaceFlinger: Find Focus windowName=<null>, notVisible=1
07-03 11:11:51.380   857   857 D Layer   : Focus: Task=208#18015 isHiddenByPolicy s.flags&layer_state_t::eLayerHidden=1
07-03 11:11:51.380   857   857 D Layer   : Focus: isHiddenByPolicy parent Task=208#18015 is hidden cause not visible
07-03 11:11:51.380   857   857 D SurfaceFlinger: Focus inVisible Reason:isVisibleForInput(){hasInputInfo()?canReceiveInput():isVisible()}=0 has=1 can{!isHiddenByPolicy()&&(mBuffer==nullptr||getAlpha()>0.0f)}=0 Hidden=1 Buf=1 getA=1
07-03 11:11:51.380   857   857 D SurfaceFlinger: Find Focus windowName=<null>, notVisible=1
07-03 11:11:51.380   857   857 D Layer   : Focus: Task=213#18378 isHiddenByPolicy s.flags&layer_state_t::eLayerHidden=1
07-03 11:11:51.380   857   857 D Layer   : Focus: isHiddenByPolicy parent Task=213#18378 is hidden cause not visible
07-03 11:11:51.380   857   857 D SurfaceFlinger: Focus inVisible Reason:isVisibleForInput(){hasInputInfo()?canReceiveInput():isVisible()}=0 has=1 can{!isHiddenByPolicy()&&(mBuffer==nullptr||getAlpha()>0.0f)}=0 Hidden=1 Buf=1 getA=1
07-03 11:11:51.380   857   857 D SurfaceFlinger: Find Focus windowName=<null>, notVisible=1
07-03 11:11:51.380  3137  3211 I ViewRootImpl@b7ee7f0[cupcake]: registerCallbackForPendingTransactions
07-03 11:11:51.380   857   857 D Layer   : Focus: Task=19#1635 isHiddenByPolicy s.flags&layer_state_t::eLayerHidden=1
07-03 11:11:51.380   857   857 D Layer   : Focus: isHiddenByPolicy parent Task=19#1635 is hidden cause not visible
07-03 11:11:51.380   857   857 D SurfaceFlinger: Focus inVisible Reason:isVisibleForInput(){hasInputInfo()?canReceiveInput():isVisible()}=0 has=1 can{!isHiddenByPolicy()&&(mBuffer==nullptr||getAlpha()>0.0f)}=0 Hidden=1 Buf=1 getA=1
07-03 11:11:51.381   857  1214 D SurfaceFlinger: updateWinowInfo=1, setFocusedWindow timestamp=184099725556587, windowName=<null>
07-03 11:11:51.383  1356  1398 D InputDispatcher: Focus left window (0): fe740ee com.sec.android.app.launcher/com.sec.android.app.launcher.activities.LauncherActivity
07-03 11:11:51.385 15004 15004 I ViewRootImpl@45113d6[LauncherActivity]: handleWindowFocusChanged: 0 0 call from android.view.ViewRootImpl.-$$Nest$mhandleWindowFocusChanged:0
07-03 11:11:51.385 15004 15004 I ImeFocusController: onPreWindowFocus: skipped, hasWindowFocusfalse mHasImeFocus=true
07-03 11:11:51.386   857   910 E BufferQueueDebug: [Transition Root: Task=260#19596](this:0xb400007509d1dba0,id:-1,api:0,p:-1,c:-1) id info cannot be read from 'Transition Root: Task=260#19596'
07-03 11:11:51.386   857   910 I BufferQueueDebug: [Transition Root: Task=260#19596](this:0xb400007509d1dba0,id:-1,api:0,p:-1,c:-1) BufferQueue core=(857:/system/bin/surfaceflinger)
07-03 11:11:51.386   857   910 I SurfaceFlinger: id=19596 createSurf, flag=84004, Transition Root: Task=260#19596
07-03 11:11:51.389  1356  1412 I SurfaceControl: show, t=StartTransaction_SyncId<1601>, sc=Surface(name=ActivityRecord{b51bd7a u0 com.example.cupcake/androidx.activity.ComponentActivity t260})/@0xff90cb8, caller=com.android.server.wm.Transition.onTransactionReady:1913 com.android.server.wm.BLASTSyncEngine$SyncGroup.finishNow:310 com.android.server.wm.BLASTSyncEngine$SyncGroup.tryFinish:242 com.android.server.wm.BLASTSyncEngine$SyncGroup.-$$Nest$mtryFinish:0 com.android.server.wm.BLASTSyncEngine.onSurfacePlacement:670 com.android.server.wm.RootWindowContainer.performSurfacePlacementNoTrace:981
07-03 11:11:51.389 15004 15004 I ImeFocusController: onPostWindowFocus: skipped, hasWindowFocusfalse mHasImeFocus=true
07-03 11:11:51.396  3137  3201 I SurfaceControl: hide, t=FinishTransaction_SyncId<1601>, sc=Surface(name=Task=20)/@0xf2eb6c6, caller=com.android.wm.shell.transition.Transitions.dispatchReady:610 com.android.wm.shell.transition.Transitions.onTransitionReady:118 com.android.wm.shell.transition.Transitions$TransitionPlayerImpl$$ExternalSyntheticLambda0.run:13 android.os.Handler.handleCallback:958 android.os.Handler.dispatchMessage:99 android.os.Looper.loopOnce:230
07-03 11:11:51.396  3137  3201 I SurfaceControl: show, t=StartTransaction_SyncId<1601>, sc=Surface(name=Task=260)/@0x4c384a1, caller=com.android.wm.shell.transition.Transitions.dispatchReady:617 com.android.wm.shell.transition.Transitions.onTransitionReady:118 com.android.wm.shell.transition.Transitions$TransitionPlayerImpl$$ExternalSyntheticLambda0.run:13 android.os.Handler.handleCallback:958 android.os.Handler.dispatchMessage:99 android.os.Looper.loopOnce:230
07-03 11:11:51.397  3137  3201 I SurfaceControl: show, t=FinishTransaction_SyncId<1601>, sc=Surface(name=Task=260)/@0x4c384a1, caller=com.android.wm.shell.transition.Transitions.dispatchReady:665 com.android.wm.shell.transition.Transitions.onTransitionReady:118 com.android.wm.shell.transition.Transitions$TransitionPlayerImpl$$ExternalSyntheticLambda0.run:13 android.os.Handler.handleCallback:958 android.os.Handler.dispatchMessage:99 android.os.Looper.loopOnce:230
07-03 11:11:51.397  3137  3201 I SurfaceControl: show, t=StartTransaction_SyncId<1601>, sc=Surface(name=Transition Root: Task=260)/@0xd4429b4, caller=com.android.wm.shell.transition.Transitions.processReadyQueue:266 com.android.wm.shell.transition.Transitions.dispatchReady:685 com.android.wm.shell.transition.Transitions.onTransitionReady:118 com.android.wm.shell.transition.Transitions$TransitionPlayerImpl$$ExternalSyntheticLambda0.run:13 android.os.Handler.handleCallback:958 android.os.Handler.dispatchMessage:99
07-03 11:11:51.399   857   910 E BufferQueueDebug: [f3b379c ActivityRecordInputSink com.example.cupcake/androidx.activity.ComponentActivity#19597](this:0xb400007509ae7ba0,id:-1,api:0,p:-1,c:-1) id info cannot be read from 'f3b379c ActivityRecordInputSink com.example.cupcake/androidx.activity.ComponentActivity#19597'
07-03 11:11:51.399   857   910 I BufferQueueDebug: [f3b379c ActivityRecordInputSink com.example.cupcake/androidx.activity.ComponentActivity#19597](this:0xb400007509ae7ba0,id:-1,api:0,p:-1,c:-1) BufferQueue core=(857:/system/bin/surfaceflinger)
07-03 11:11:51.399   857   910 I SurfaceFlinger: id=19597 createSurf, flag=84000, f3b379c ActivityRecordInputSink com.example.cupcake/androidx.activity.ComponentActivity#19597
07-03 11:11:51.400  1356  1356 D PocketProximityManager: setStateOut()
07-03 11:11:51.402 16912 16912 D LifecycleMonitor: Lifecycle status change: androidx.activity.ComponentActivity@a89cc80 in: PRE_ON_CREATE
07-03 11:11:51.403 16912 16912 V ActivityScenario: Activity lifecycle changed event received but ignored because the reported transition was not ON_CREATE while the last known transition was PRE_ON_CREATE
07-03 11:11:51.407  3137  3201 I SurfaceControl: apply is called, name=StartTransaction_SyncId<1601>, caller=android.view.SurfaceControl$Transaction.apply:2921 com.android.wm.shell.transition.DefaultTransitionHandler.startAnimation:3203 com.android.wm.shell.transition.Transitions.dispatchTransition:80 com.android.wm.shell.transition.Transitions.processReadyQueue:955 com.android.wm.shell.transition.Transitions.dispatchReady:685 com.android.wm.shell.transition.Transitions.onTransitionReady:118
07-03 11:11:51.412   857   857 I Layer   : Layer [Splash Screen com.example.cupcake$_3137#19595] hidden!! flag(0)
07-03 11:11:51.418 13615 13615 I A       : onPause
07-03 11:11:51.429 16912 16912 I DecorView: setWindowBackground: isPopOver=false color=fffafafa d=android.graphics.drawable.ColorDrawable@4a6850a
07-03 11:11:51.443 16912 16912 D LifecycleMonitor: Lifecycle status change: androidx.activity.ComponentActivity@a89cc80 in: CREATED
07-03 11:11:51.443 16912 16912 V ActivityScenario: Update currentActivityStage to CREATED, currentActivity=androidx.activity.ComponentActivity@a89cc80
07-03 11:11:51.445 16912 16912 D LifecycleMonitor: Lifecycle status change: androidx.activity.ComponentActivity@a89cc80 in: STARTED
07-03 11:11:51.446 16912 16912 V ActivityScenario: Update currentActivityStage to STARTED, currentActivity=androidx.activity.ComponentActivity@a89cc80
07-03 11:11:51.449   803   803 E PQ_HDR  : DpAsyncBlitStream:: thie platform unsupport compress format
07-03 11:11:51.451 15004 13865 I HoneySpace.RecentTasks: onRecentTasksChanged
07-03 11:11:51.452 16912 16912 D LifecycleMonitor: Lifecycle status change: androidx.activity.ComponentActivity@a89cc80 in: RESUMED
07-03 11:11:51.453 16912 16912 V ActivityScenario: Update currentActivityStage to RESUMED, currentActivity=androidx.activity.ComponentActivity@a89cc80
07-03 11:11:51.453  4724  5033 I SemDvfsHyPerManager: acquire hyper - TABaseBoost/4724@18, type = 1090523139
07-03 11:11:51.454   813   832 I HYPER-HAL: [RequestManager.cpp]acquire(): Acquired ID : 11245671  [4724 / 18]    HINT :      list : [TABoost / 0]
07-03 11:11:51.455   857   857 I BufferQueueProducer: [FramebufferSurface](this:0xb40000753c0e18d0,id:-1,api:1,p:857,c:857) queueBuffer: fps=0.53 dur=1904.60 max=1904.60 min=1904.60
07-03 11:11:51.456   857   857 D SurfaceFlinger: Display 4627039422300187648 HWC layers:
07-03 11:11:51.456   857   857 D SurfaceFlinger:      DEVICE | 0xb400007509a30000 | 0100 | RGBA_8888    |  630.0    0.0 1710.0 2340.0 |    0    0 1080 2340 | Wallpaper BBQ wrapper#7209
07-03 11:11:51.456   857   857 D SurfaceFlinger:      DEVICE | 0xb40000750a3f5440 | 0100 | RGBA_8888    |    0.0    0.0 1080.0 2340.0 |    0    0 1080 2340 | com.sec.android.app.launcher/com.sec[...]vities.LauncherActivity$_15004#19582
07-03 11:11:51.456   857   857 D SurfaceFlinger:      CLIENT | 0xb40000750bd918c0 | 0100 | RGBA_8888    |    0.0    0.0 1080.0 2340.0 |   78  168 1002 2172 | Splash Screen com.example.cupcake$_3137#19595
07-03 11:11:51.456   857   857 D SurfaceFlinger:      DEVICE | 0xb40000753a700c00 | 0100 | RGBA_8888    |    0.0    0.0 1080.0   80.0 |    0    0 1080   80 | StatusBar$_3137#78
07-03 11:11:51.456   857   857 D SurfaceFlinger:      DEVICE | 0xb40000750a40b380 | 0100 | RGBA_8888    |    0.0    0.0 1080.0  135.0 |    0 2205 1080 2340 | NavigationBar0$_3137#77
07-03 11:11:51.456   857   857 D SurfaceFlinger:
07-03 11:11:51.458   803   803 E PQ_HDR  : DpAsyncBlitStream:: thie platform unsupport compress format
07-03 11:11:51.460   857   910 D SurfaceFlinger: [SF client] NEW(0xb40000751b7af700) for (16912:com.example.cupcake)
07-03 11:11:51.464 16912 16912 D CompatibilityChangeReporter: Compat change id reported: 237531167; UID 10366; state: DISABLED
07-03 11:11:51.466 16003 16003 E stp_dump: mkdir (/data/log/connsyslog/connsysdump/) failed:(Permission denied)
07-03 11:11:51.468 16912 16912 W libc    : Access denied finding property "persist.dm.passive.display_brightness"
07-03 11:11:51.468 16912 16912 W libc    : Access denied finding property "persist.dm.passive.ambient_brightness"
07-03 11:11:51.469   803   803 E PQ_HDR  : DpAsyncBlitStream:: thie platform unsupport compress format
07-03 11:11:51.469 16912 16912 W OpenGLRenderer: Unknown dataspace 0
07-03 11:11:51.470 16912 16953 D NativeCustomFrequencyManager: [NativeCFMS] BpCustomFrequencyManager::BpCustomFrequencyManager()
07-03 11:11:51.475  1356  3238 D InputTransport: Input channel constructed: 'c01953d', fd=1114
07-03 11:11:51.475  1356  3238 D InputTransport: Input channel constructed: 'c01953d', fd=1115
07-03 11:11:51.475  1356  3238 D InputTransport: Input channel constructed: 'c01953d', fd=1116
07-03 11:11:51.476   857   910 D SurfaceFlinger: [SF client] NEW(0xb40000751b7af780) for (1356:system_server)
07-03 11:11:51.478   857   910 E BufferQueueDebug: [c01953d com.example.cupcake/androidx.activity.ComponentActivity#19598](this:0xb400007509b32ba0,id:-1,api:0,p:-1,c:-1) id info cannot be read from 'c01953d com.example.cupcake/androidx.activity.ComponentActivity#19598'
07-03 11:11:51.478   857   910 I BufferQueueDebug: [c01953d com.example.cupcake/androidx.activity.ComponentActivity#19598](this:0xb400007509b32ba0,id:-1,api:0,p:-1,c:-1) BufferQueue core=(857:/system/bin/surfaceflinger)
07-03 11:11:51.478   857   910 I SurfaceFlinger: id=19598 createSurf, flag=84004, c01953d com.example.cupcake/androidx.activity.ComponentActivity#19598
07-03 11:11:51.479  1356  3238 D InputTransport: Input channel destroyed: 'c01953d', fd=1116
07-03 11:11:51.480   803   803 E PQ_HDR  : DpAsyncBlitStream:: thie platform unsupport compress format
07-03 11:11:51.485 16912 16912 I InsetsController: onStateChanged: host=com.example.cupcake/androidx.activity.ComponentActivity, from=android.view.ViewRootImpl.setView:1744, state=InsetsState: {mDisplayFrame=Rect(0, 0 - 1080, 2340), mDisplayCutout=DisplayCutout{insets=Rect(0, 73 - 0, 0) waterfall=Insets{left=0, top=0, right=0, bottom=0} boundingRect={Bounds=[Rect(0, 0 - 0, 0), Rect(484, 0 - 596, 73), Rect(0, 0 - 0, 0), Rect(0, 0 - 0, 0)]} cutoutPathParserInfo={CutoutPathParserInfo{displayWidth=1080 displayHeight=2340 physicalDisplayWidth=1080 physicalDisplayHeight=2340 density={2.8125} cutoutSpec={M 0,0 H -24.177777778 V 28.4444444444 H 24.177777778 V 0 H 0 Z @dp} rotation={0} scale={1.0} physicalPixelDisplaySizeRatio={1.0}}}}, mRoundedCorners=RoundedCorners{[RoundedCorner{position=TopLeft, radius=0, center=Point(0, 0)}, RoundedCorner{position=TopRight, radius=0, center=Point(0, 0)}, RoundedCorner{position=BottomRight, radius=0, center=Point(0, 0)}, RoundedCorner{position=BottomLeft, radius=0, center=Point(0, 0)}]}  mRoundedCornerFrame=Rect(0, 0 - 1080, 2340), mPrivacyIndicatorBounds=PrivacyIndicatorBounds {static bounds=Rect(956, 0 - 1080, 80) rotation=0}, mDisplayShape=DisplayShape{ spec=-1084927657 displayWidth=1080 displayHeight=2340 physicalPixelDisplaySizeRatio=1.0 rotation=0 offsetX=0 offsetY=0 scale=1.0}, mSources= { InsetsSource: {aaaf0000 mType=statusBars mFrame=[0,0][1080,80] mVisible=true mFlags=[]}, InsetsSource: {aaaf0005 mType=mandatorySystemGestures mFrame=[0,0][1080,107] mVisible=true mFlags=[]}, InsetsSource: {aaaf0006 mType=tappableElement mFrame=[0,0][1080,80] mVisible=true mFlags=[]}, InsetsSource: {3 mType=ime mFrame=[0,0][0,0] mVisible=false mFlags=[]}, InsetsSource: {27 mType=displayCutout mFrame=[0,0][1080,73] mVisible=true mFlags=[]}, InsetsSource: {3f230001 mType=navigationBars mFrame=[0,2205][1080,2340] mVisible=true mFlags=[]}, InsetsSource: {3f230004 mType=systemGestures mFrame=[0,0][0,0] mVisible=true mFlags=[]}, InsetsSource: {3f230005 mType=mandatorySystemGestures mFrame=[0,2205][1080,2340] mVisible=true mFlags=[]}, InsetsSource: {3f230006 mType=tappableElement mFrame=[0,2205][1080,2340] mVisible=true mFlags=[]}, InsetsSource: {3f230024 mType=systemGestures mFrame=[0,0][0,0] mVisible=true mFlags=[]} }
07-03 11:11:51.487 16912 16912 I ViewRootImpl@600936[ComponentActivity]: synced displayState. AttachInfo displayState=2
07-03 11:11:51.487 16912 16912 I ViewRootImpl@600936[ComponentActivity]: setView = com.android.internal.policy.DecorView@c9b82c2 TM=true
07-03 11:11:51.488 16912 16912 I IDS_TAG : Starting IDS observe window
07-03 11:11:51.488 16912 16912 I IDS_TAG : Getting Shared Preference for android.app.Application@419f8d3 uid = 10366
07-03 11:11:51.491   803   803 E PQ_HDR  : DpAsyncBlitStream:: thie platform unsupport compress format
07-03 11:11:51.492 16912 16912 I IDS_TAG : App android.app.Application@419f8d3 has not finished training
07-03 11:11:51.493 16912 16953 D OpenGLRenderer: HWUI - treat SMPTE_170M as sRGB
07-03 11:11:51.493 16912 16912 I IDS_TAG : Closing IDS observe window
07-03 11:11:51.493 16912 16912 I IDS_TAG : Getting Shared Preference for android.app.Application@419f8d3 uid = 10366
07-03 11:11:51.494 16912 16912 I IDS_TAG : IDS count updated to 1 for android.app.Application@419f8d3
07-03 11:11:51.502   803   803 E PQ_HDR  : DpAsyncBlitStream:: thie platform unsupport compress format
07-03 11:11:51.503  1356  3238 V WindowManager: Relayout Window{c01953d u0 com.example.cupcake/androidx.activity.ComponentActivity}: viewVisibility=0 req=1080x2340 ty=1 d0
07-03 11:11:51.503   857   910 E BufferQueueDebug: [com.example.cupcake/androidx.activity.ComponentActivity$_16912#19599](this:0xb400007509b3cba0,id:-1,api:0,p:-1,c:-1) id info cannot be read from 'com.example.cupcake/androidx.activity.ComponentActivity$_16912#19599'
07-03 11:11:51.503   857   910 I BufferQueueDebug: [com.example.cupcake/androidx.activity.ComponentActivity$_16912#19599](this:0xb400007509b3cba0,id:-1,api:0,p:-1,c:-1) BufferQueue core=(857:/system/bin/surfaceflinger)
07-03 11:11:51.503   857   910 I SurfaceFlinger: id=19599 createSurf, flag=44004, com.example.cupcake/androidx.activity.ComponentActivity$_16912#19599
07-03 11:11:51.505   857   910 E BufferQueueDebug: [Surface(name=d2c87ac NavigationBar0)/@0xf0a339d - animation-leash of insets_animation#19600](this:0xb400007509be3ba0,id:-1,api:0,p:-1,c:-1) id info cannot be read from 'Surface(name=d2c87ac NavigationBar0)/@0xf0a339d - animation-leash of insets_animation#19600'
07-03 11:11:51.505   857   910 I BufferQueueDebug: [Surface(name=d2c87ac NavigationBar0)/@0xf0a339d - animation-leash of insets_animation#19600](this:0xb400007509be3ba0,id:-1,api:0,p:-1,c:-1) BufferQueue core=(857:/system/bin/surfaceflinger)
07-03 11:11:51.505   857   910 I SurfaceFlinger: id=19600 createSurf, flag=24000, Surface(name=d2c87ac NavigationBar0)/@0xf0a339d - animation-leash of insets_animation#19600
07-03 11:11:51.506   857  4013 E BufferQueueDebug: [Surface(name=1ccd1d6 StatusBar)/@0x71b53a4 - animation-leash of insets_animation#19601](this:0xb400007509c9dba0,id:-1,api:0,p:-1,c:-1) id info cannot be read from 'Surface(name=1ccd1d6 StatusBar)/@0x71b53a4 - animation-leash of insets_animation#19601'
07-03 11:11:51.506   857  4013 I BufferQueueDebug: [Surface(name=1ccd1d6 StatusBar)/@0x71b53a4 - animation-leash of insets_animation#19601](this:0xb400007509c9dba0,id:-1,api:0,p:-1,c:-1) BufferQueue core=(857:/system/bin/surfaceflinger)
07-03 11:11:51.506   857  4013 I SurfaceFlinger: id=19601 createSurf, flag=24000, Surface(name=1ccd1d6 StatusBar)/@0x71b53a4 - animation-leash of insets_animation#19601
07-03 11:11:51.508  3137  3137 D SamsungStatusBarGrayIconHelper: isGrayAppearance=false
07-03 11:11:51.508  3137  3137 D SamsungLightBarControlHelper: onStatusBarAppearanceChanged() -  sbModeChanged:false, statusBarMode:0, barState:MODE_TRANSPARENT, isKeyguardShowing:false, navbarColorManagedByIme:false, stackAppearanceChanged:true, (AppearanceRegion{LIGHT_STATUS_BARS bounds=[0,0][1080,2340]}, ), packageName:com.example.cupcake
07-03 11:11:51.508  3137  3137 D NavigationBar: onSystemBarAttributesChanged() -  displayId:0, appearance:24, packageName: com.example.cupcake (APPEARANCE_LIGHT_STATUS_BARS APPEARANCE_LIGHT_NAVIGATION_BARS ), navbarColorManagedByIme:false
07-03 11:11:51.510  3137  3137 D SamsungLightBarControlHelper: updateNavigationBar (BLACK button) isLightOpaque:false, hasLightNavigationBarFlag:true, packageName:com.example.cupcake, DirectReplying:false, NavBarColorMangedByIme:false, ForceDarkForScrim:false, QsCustomizing:false, PanelHasWhiteBg:false
07-03 11:11:51.510  3137  3137 D SysUiState: SysUiState changed: old=0x10000030 new=0x10020030
07-03 11:11:51.510  3137  3211 I InsetsSourceConsumer: applyRequestedVisibilityToControl: visible=true, type=navigationBars, host=Splash Screen com.example.cupcake
07-03 11:11:51.510   857   910 E BufferQueueDebug: [Surface(name=d2c87ac NavigationBar0)/@0xf0a339d - animation-leash of insets_animation#19602](this:0xb400007509c03ba0,id:-1,api:0,p:-1,c:-1) id info cannot be read from 'Surface(name=d2c87ac NavigationBar0)/@0xf0a339d - animation-leash of insets_animation#19602'
07-03 11:11:51.510   857   910 I BufferQueueDebug: [Surface(name=d2c87ac NavigationBar0)/@0xf0a339d - animation-leash of insets_animation#19602](this:0xb400007509c03ba0,id:-1,api:0,p:-1,c:-1) BufferQueue core=(857:/system/bin/surfaceflinger)
07-03 11:11:51.510   857   910 I SurfaceFlinger: id=19602 createSurf, flag=24000, Surface(name=d2c87ac NavigationBar0)/@0xf0a339d - animation-leash of insets_animation#19602
07-03 11:11:51.511  3137  3211 I InsetsSourceConsumer: applyRequestedVisibilityToControl: visible=true, type=statusBars, host=Splash Screen com.example.cupcake
07-03 11:11:51.512   857  4013 E BufferQueueDebug: [Surface(name=1ccd1d6 StatusBar)/@0x71b53a4 - animation-leash of insets_animation#19603](this:0xb400007509ca0ba0,id:-1,api:0,p:-1,c:-1) id info cannot be read from 'Surface(name=1ccd1d6 StatusBar)/@0x71b53a4 - animation-leash of insets_animation#19603'
07-03 11:11:51.512  3137  3137 D SamsungLightBarControlHelper: updateStatusBar (BLACK icon) numStacks:1, StatusBarMode:MODE_TRANSPARENT, lightBarBounds:[Rect(0, 0 - 1080, 2340)], StatusBarState:SHADE, packageName:com.example.cupcake, isWhiteKeyguardStatusBar:false
07-03 11:11:51.512   857  4013 I BufferQueueDebug: [Surface(name=1ccd1d6 StatusBar)/@0x71b53a4 - animation-leash of insets_animation#19603](this:0xb400007509ca0ba0,id:-1,api:0,p:-1,c:-1) BufferQueue core=(857:/system/bin/surfaceflinger)
07-03 11:11:51.512 15004 13865 I HoneySpace.SystemUiRepository: systemUiFlags: a11y_click|a11y_long_click|allow_gesture|awake
07-03 11:11:51.512   857  4013 I SurfaceFlinger: id=19603 createSurf, flag=24000, Surface(name=1ccd1d6 StatusBar)/@0x71b53a4 - animation-leash of insets_animation#19603
07-03 11:11:51.513 15004 15109 I HoneySpace.TaskbarEventTracker: invokeEvent() called with: event = SystemUiStateChanged(stateFlags=268566576)
07-03 11:11:51.513   803   803 E PQ_HDR  : DpAsyncBlitStream:: thie platform unsupport compress format
07-03 11:11:51.514  1356  3238 V WindowManager: Relayout hash=c01953d, pid=16912, syncId=-1: mAttrs={(0,0)(fillxfill) sim={adjust=pan forwardNavigation} ty=BASE_APPLICATION wanim=0x1030303
07-03 11:11:51.514  1356  3238 V WindowManager:   fl=81810100
07-03 11:11:51.514  1356  3238 V WindowManager:   pfl=12008040
07-03 11:11:51.514  1356  3238 V WindowManager:   bhv=DEFAULT
07-03 11:11:51.514  1356  3238 V WindowManager:   fitSides= naviIconColor=0}
07-03 11:11:51.517  1356  1412 D SurfaceComposerClient: Transaction::apply InputWindowCommands.focusRequests timestamp=184099880065818, windowName=c01953d com.example.cupcake/androidx.activity.ComponentActivity
07-03 11:11:51.517 16912 16912 D BufferQueueConsumer: [](id:421000000000,api:0,p:-1,c:16912) connect: controlledByApp=false
07-03 11:11:51.519 16912 16912 I BLASTBufferQueue_Java: new BLASTBufferQueue, mName= ViewRootImpl@600936[ComponentActivity] mNativeObject= 0xb4000078a14cb380 sc.mNativeObject= 0xb40000789bccf4c0 caller= android.view.ViewRootImpl.updateBlastSurfaceIfNeeded:3015 android.view.ViewRootImpl.relayoutWindow:10048 android.view.ViewRootImpl.performTraversals:4092 android.view.ViewRootImpl.doTraversal:3275 android.view.ViewRootImpl$TraversalRunnable.run:11256 android.view.Choreographer$CallbackRecord.run:1650 android.view.Choreographer$CallbackRecord.run:1659 android.view.Choreographer.doCallbacks:1129 android.view.Choreographer.doFrame:1055 android.view.Choreographer$FrameDisplayEventReceiver.run:1622
07-03 11:11:51.520 16912 16912 I BLASTBufferQueue_Java: update, w= 1080 h= 2340 mName = ViewRootImpl@600936[ComponentActivity] mNativeObject= 0xb4000078a14cb380 sc.mNativeObject= 0xb40000789bccf4c0 format= -1 caller= android.graphics.BLASTBufferQueue.<init>:89 android.view.ViewRootImpl.updateBlastSurfaceIfNeeded:3015 android.view.ViewRootImpl.relayoutWindow:10048 android.view.ViewRootImpl.performTraversals:4092 android.view.ViewRootImpl.doTraversal:3275 android.view.ViewRootImpl$TraversalRunnable.run:11256
07-03 11:11:51.521   857  4013 W ServiceManagerCppClient: Permission failure: android.permission.ROTATE_SURFACE_FLINGER from uid=10366 pid=0
07-03 11:11:51.521   857  4013 D PermissionCache: checking android.permission.ROTATE_SURFACE_FLINGER for uid=10366 => denied (480 us)
07-03 11:11:51.521   857  4013 W ServiceManagerCppClient: Permission failure: android.permission.INTERNAL_SYSTEM_WINDOW from uid=10366 pid=0
07-03 11:11:51.521   857  4013 D PermissionCache: checking android.permission.INTERNAL_SYSTEM_WINDOW for uid=10366 => denied (279 us)
07-03 11:11:51.522   857  4013 W ServiceManagerCppClient: Permission failure: android.permission.ACCESS_SURFACE_FLINGER from uid=10366 pid=0
07-03 11:11:51.522   857  4013 D PermissionCache: checking android.permission.ACCESS_SURFACE_FLINGER for uid=10366 => denied (361 us)
07-03 11:11:51.522 16912 16912 E FBI     : Can't load library: dlopen failed: library "libmagtsync.so" not found
07-03 11:11:51.523   857   857 I Layer   : id=19591 removeFromCurrentState Surface(name=d2c87ac NavigationBar0)/@0xf0a339d - animation-leash of insets_animation#19591 (128)
